ARM GAS  C:\Users\Kyle\AppData\Local\Temp\ccLES1UM.s 			page 1


   1              		.syntax unified
   2              		.cpu cortex-m3
   3              		.fpu softvfp
   4              		.eabi_attribute 20, 1
   5              		.eabi_attribute 21, 1
   6              		.eabi_attribute 23, 3
   7              		.eabi_attribute 24, 1
   8              		.eabi_attribute 25, 1
   9              		.eabi_attribute 26, 1
  10              		.eabi_attribute 30, 1
  11              		.eabi_attribute 34, 1
  12              		.eabi_attribute 18, 4
  13              		.thumb
  14              		.file	"Bootloadable.c"
  15              		.text
  16              	.Ltext0:
  17              		.cfi_sections	.debug_frame
  18              		.section	.text.Bootloadable_WriteFlashByte,"ax",%progbits
  19              		.align	2
  20              		.thumb
  21              		.thumb_func
  22              		.type	Bootloadable_WriteFlashByte, %function
  23              	Bootloadable_WriteFlashByte:
  24              	.LFB3:
  25              		.file 1 ".\\Generated_Source\\PSoC5\\Bootloadable.c"
   1:.\Generated_Source\PSoC5/Bootloadable.c **** /****************************************************************************//**
   2:.\Generated_Source\PSoC5/Bootloadable.c **** * \file Bootloadable.c
   3:.\Generated_Source\PSoC5/Bootloadable.c **** * \version 1.50
   4:.\Generated_Source\PSoC5/Bootloadable.c **** *
   5:.\Generated_Source\PSoC5/Bootloadable.c **** * \brief
   6:.\Generated_Source\PSoC5/Bootloadable.c **** *   Provides an API for the Bootloadable application.
   7:.\Generated_Source\PSoC5/Bootloadable.c **** *
   8:.\Generated_Source\PSoC5/Bootloadable.c **** ********************************************************************************
   9:.\Generated_Source\PSoC5/Bootloadable.c **** * \copyright
  10:.\Generated_Source\PSoC5/Bootloadable.c **** * Copyright 2008-2015, Cypress Semiconductor Corporation.  All rights reserved.
  11:.\Generated_Source\PSoC5/Bootloadable.c **** * You may use this file only in accordance with the license, terms, conditions,
  12:.\Generated_Source\PSoC5/Bootloadable.c **** * disclaimers, and limitations in the end user license agreement accompanying
  13:.\Generated_Source\PSoC5/Bootloadable.c **** * the software package with which this file was provided.
  14:.\Generated_Source\PSoC5/Bootloadable.c **** *******************************************************************************/
  15:.\Generated_Source\PSoC5/Bootloadable.c **** 
  16:.\Generated_Source\PSoC5/Bootloadable.c **** #include "Bootloadable.h"
  17:.\Generated_Source\PSoC5/Bootloadable.c **** 
  18:.\Generated_Source\PSoC5/Bootloadable.c **** /**
  19:.\Generated_Source\PSoC5/Bootloadable.c ****  \defgroup functions_group Functions
  20:.\Generated_Source\PSoC5/Bootloadable.c ****  @{
  21:.\Generated_Source\PSoC5/Bootloadable.c **** */
  22:.\Generated_Source\PSoC5/Bootloadable.c **** 
  23:.\Generated_Source\PSoC5/Bootloadable.c **** #if (CYDEV_PROJ_TYPE == CYDEV_PROJ_TYPE_LOADABLEANDBOOTLOADER)
  24:.\Generated_Source\PSoC5/Bootloadable.c **** static cystatus Bootloadable_WriteFlashByte(const uint32 address, const uint8 inputValue) CYLARGE \
  25:.\Generated_Source\PSoC5/Bootloadable.c ****                                ;
  26:.\Generated_Source\PSoC5/Bootloadable.c **** #endif /*(CYDEV_PROJ_TYPE == CYDEV_PROJ_TYPE_LOADABLEANDBOOTLOADER)*/
  27:.\Generated_Source\PSoC5/Bootloadable.c **** 
  28:.\Generated_Source\PSoC5/Bootloadable.c **** /*******************************************************************************
  29:.\Generated_Source\PSoC5/Bootloadable.c **** * Function Name: Bootloadable_Load
  30:.\Generated_Source\PSoC5/Bootloadable.c **** ****************************************************************************//**
  31:.\Generated_Source\PSoC5/Bootloadable.c **** *
  32:.\Generated_Source\PSoC5/Bootloadable.c **** * \brief
ARM GAS  C:\Users\Kyle\AppData\Local\Temp\ccLES1UM.s 			page 2


  33:.\Generated_Source\PSoC5/Bootloadable.c **** *  Schedules the Bootloader/Launcher to be launched and then performs
  34:.\Generated_Source\PSoC5/Bootloadable.c **** *  a software reset to launch it
  35:.\Generated_Source\PSoC5/Bootloadable.c **** *
  36:.\Generated_Source\PSoC5/Bootloadable.c **** * \return
  37:.\Generated_Source\PSoC5/Bootloadable.c **** *  This method will never return. It will load a new application and reset
  38:.\Generated_Source\PSoC5/Bootloadable.c **** *  the device.
  39:.\Generated_Source\PSoC5/Bootloadable.c **** *
  40:.\Generated_Source\PSoC5/Bootloadable.c **** *******************************************************************************/
  41:.\Generated_Source\PSoC5/Bootloadable.c **** void Bootloadable_Load(void) 
  42:.\Generated_Source\PSoC5/Bootloadable.c **** {
  43:.\Generated_Source\PSoC5/Bootloadable.c ****     /* Schedule Bootloader to start after reset */
  44:.\Generated_Source\PSoC5/Bootloadable.c ****     Bootloadable_SET_RUN_TYPE(Bootloadable_SCHEDULE_BTLDR);
  45:.\Generated_Source\PSoC5/Bootloadable.c **** 
  46:.\Generated_Source\PSoC5/Bootloadable.c ****     CySoftwareReset();
  47:.\Generated_Source\PSoC5/Bootloadable.c **** }
  48:.\Generated_Source\PSoC5/Bootloadable.c **** 
  49:.\Generated_Source\PSoC5/Bootloadable.c **** #if (CYDEV_PROJ_TYPE == CYDEV_PROJ_TYPE_LOADABLEANDBOOTLOADER)
  50:.\Generated_Source\PSoC5/Bootloadable.c **** /*******************************************************************************
  51:.\Generated_Source\PSoC5/Bootloadable.c **** * Function Name: Bootloadable_GetActiveApplication
  52:.\Generated_Source\PSoC5/Bootloadable.c **** ****************************************************************************//**
  53:.\Generated_Source\PSoC5/Bootloadable.c **** *
  54:.\Generated_Source\PSoC5/Bootloadable.c **** * \brief
  55:.\Generated_Source\PSoC5/Bootloadable.c **** *   Gets the application which will be loaded after a next reset event.
  56:.\Generated_Source\PSoC5/Bootloadable.c **** *   NOTE Intended for the combination project type ONLY!
  57:.\Generated_Source\PSoC5/Bootloadable.c **** *
  58:.\Generated_Source\PSoC5/Bootloadable.c **** * \return 
  59:.\Generated_Source\PSoC5/Bootloadable.c **** *  A number of the current active application set in the metadata section.
  60:.\Generated_Source\PSoC5/Bootloadable.c **** *  \n  0 - app#0 is set as active.
  61:.\Generated_Source\PSoC5/Bootloadable.c **** *  \n  1 - app#1 is set as active.
  62:.\Generated_Source\PSoC5/Bootloadable.c **** *
  63:.\Generated_Source\PSoC5/Bootloadable.c **** * \note If neither of the applications is set active, then the API returns 0x02.
  64:.\Generated_Source\PSoC5/Bootloadable.c **** *
  65:.\Generated_Source\PSoC5/Bootloadable.c **** *******************************************************************************/
  66:.\Generated_Source\PSoC5/Bootloadable.c **** uint8 Bootloadable_GetActiveApplication(void) CYSMALL \
  67:.\Generated_Source\PSoC5/Bootloadable.c ****                           
  68:.\Generated_Source\PSoC5/Bootloadable.c **** {   
  69:.\Generated_Source\PSoC5/Bootloadable.c ****     uint8 result = Bootloadable_MD_BTLDB_ACTIVE_NONE;
  70:.\Generated_Source\PSoC5/Bootloadable.c ****     
  71:.\Generated_Source\PSoC5/Bootloadable.c ****     if (0u != Bootloadable_GET_CODE_DATA( \
  72:.\Generated_Source\PSoC5/Bootloadable.c ****               Bootloadable_MD_BTLDB_ACTIVE_OFFSET(Bootloadable_MD_BTLDB_ACTIVE_0))) 
  73:.\Generated_Source\PSoC5/Bootloadable.c ****     {
  74:.\Generated_Source\PSoC5/Bootloadable.c ****         result = Bootloadable_MD_BTLDB_ACTIVE_0;
  75:.\Generated_Source\PSoC5/Bootloadable.c ****     }
  76:.\Generated_Source\PSoC5/Bootloadable.c ****     else if (0u != Bootloadable_GET_CODE_DATA( \
  77:.\Generated_Source\PSoC5/Bootloadable.c ****                    Bootloadable_MD_BTLDB_ACTIVE_OFFSET(Bootloadable_MD_BTLDB_ACTIVE_1)))
  78:.\Generated_Source\PSoC5/Bootloadable.c ****     {
  79:.\Generated_Source\PSoC5/Bootloadable.c ****         result = Bootloadable_MD_BTLDB_ACTIVE_1;    
  80:.\Generated_Source\PSoC5/Bootloadable.c ****     }
  81:.\Generated_Source\PSoC5/Bootloadable.c ****     else
  82:.\Generated_Source\PSoC5/Bootloadable.c ****     {
  83:.\Generated_Source\PSoC5/Bootloadable.c ****         /*Do nothing, result is none*/
  84:.\Generated_Source\PSoC5/Bootloadable.c ****     }
  85:.\Generated_Source\PSoC5/Bootloadable.c ****     
  86:.\Generated_Source\PSoC5/Bootloadable.c ****     return (result);
  87:.\Generated_Source\PSoC5/Bootloadable.c **** }
  88:.\Generated_Source\PSoC5/Bootloadable.c **** 
  89:.\Generated_Source\PSoC5/Bootloadable.c **** /*******************************************************************************
ARM GAS  C:\Users\Kyle\AppData\Local\Temp\ccLES1UM.s 			page 3


  90:.\Generated_Source\PSoC5/Bootloadable.c **** * Function Name: Bootloadable_SetActiveApplication
  91:.\Generated_Source\PSoC5/Bootloadable.c **** ****************************************************************************//**
  92:.\Generated_Source\PSoC5/Bootloadable.c **** *
  93:.\Generated_Source\PSoC5/Bootloadable.c **** * \brief 
  94:.\Generated_Source\PSoC5/Bootloadable.c **** *   Sets the application which will be loaded after a next reset event.          
  95:.\Generated_Source\PSoC5/Bootloadable.c **** *   
  96:.\Generated_Source\PSoC5/Bootloadable.c **** * \details
  97:.\Generated_Source\PSoC5/Bootloadable.c **** * Theory: 
  98:.\Generated_Source\PSoC5/Bootloadable.c **** *   This API sets in the Flash (metadata section) the given active application 
  99:.\Generated_Source\PSoC5/Bootloadable.c **** *   number.
 100:.\Generated_Source\PSoC5/Bootloadable.c **** *          
 101:.\Generated_Source\PSoC5/Bootloadable.c **** *   NOTE The active application number is not set directly, but the boolean 
 102:.\Generated_Source\PSoC5/Bootloadable.c **** *   mark instead means that the application is active or not for the relative 
 103:.\Generated_Source\PSoC5/Bootloadable.c **** *   metadata. Both metadata sections are updated. For example, if the second 
 104:.\Generated_Source\PSoC5/Bootloadable.c **** *   application is to be set active, then in the metadata section for the first 
 105:.\Generated_Source\PSoC5/Bootloadable.c **** *   application there will be a "0" written, which means that it is not active, and 
 106:.\Generated_Source\PSoC5/Bootloadable.c **** *   for the second metadata section there will be a "1" written, which means that it is 
 107:.\Generated_Source\PSoC5/Bootloadable.c **** *   active. 
 108:.\Generated_Source\PSoC5/Bootloadable.c **** *
 109:.\Generated_Source\PSoC5/Bootloadable.c **** *   NOTE Intended for the combination project type ONLY!
 110:.\Generated_Source\PSoC5/Bootloadable.c **** *
 111:.\Generated_Source\PSoC5/Bootloadable.c **** * \param appId  
 112:.\Generated_Source\PSoC5/Bootloadable.c **** *   The active application number to be written to flash (metadata section) 
 113:.\Generated_Source\PSoC5/Bootloadable.c **** *   NOTE Possible values are:
 114:.\Generated_Source\PSoC5/Bootloadable.c **** *   0 - for the first application
 115:.\Generated_Source\PSoC5/Bootloadable.c **** *   1 - for the second application.
 116:.\Generated_Source\PSoC5/Bootloadable.c **** *   Any other number is considered invalid. 
 117:.\Generated_Source\PSoC5/Bootloadable.c **** *
 118:.\Generated_Source\PSoC5/Bootloadable.c **** * \return 
 119:.\Generated_Source\PSoC5/Bootloadable.c **** *   A status of writing to flash operation.
 120:.\Generated_Source\PSoC5/Bootloadable.c **** *   \n CYRET_SUCCESS - Returned if appId was successfully changed. 
 121:.\Generated_Source\PSoC5/Bootloadable.c **** *   \n CYRET_BAD_PARAM - Returned if the parameter appID passed to the function has the 
 122:.\Generated_Source\PSoC5/Bootloadable.c **** *                       same value as the active application ID. 
 123:.\Generated_Source\PSoC5/Bootloadable.c **** *   \note - The other non-zero value is considered as a failure during writing to flash.  
 124:.\Generated_Source\PSoC5/Bootloadable.c **** *
 125:.\Generated_Source\PSoC5/Bootloadable.c **** *   \note - This API does not update Bootloader_activeApp variable.
 126:.\Generated_Source\PSoC5/Bootloadable.c **** *
 127:.\Generated_Source\PSoC5/Bootloadable.c **** *******************************************************************************/
 128:.\Generated_Source\PSoC5/Bootloadable.c **** cystatus Bootloadable_SetActiveApplication(uint8 appId) CYSMALL \
 129:.\Generated_Source\PSoC5/Bootloadable.c ****                 
 130:.\Generated_Source\PSoC5/Bootloadable.c **** {
 131:.\Generated_Source\PSoC5/Bootloadable.c ****     cystatus result = CYRET_SUCCESS;
 132:.\Generated_Source\PSoC5/Bootloadable.c **** 
 133:.\Generated_Source\PSoC5/Bootloadable.c ****     uint8 CYDATA idx;
 134:.\Generated_Source\PSoC5/Bootloadable.c ****     
 135:.\Generated_Source\PSoC5/Bootloadable.c ****     /* If invalid application number */
 136:.\Generated_Source\PSoC5/Bootloadable.c ****     if (appId > Bootloadable_MD_BTLDB_ACTIVE_1)
 137:.\Generated_Source\PSoC5/Bootloadable.c ****     {
 138:.\Generated_Source\PSoC5/Bootloadable.c ****         result = CYRET_BAD_PARAM;
 139:.\Generated_Source\PSoC5/Bootloadable.c ****     }
 140:.\Generated_Source\PSoC5/Bootloadable.c ****     else
 141:.\Generated_Source\PSoC5/Bootloadable.c ****     {
 142:.\Generated_Source\PSoC5/Bootloadable.c ****         /* If appID has same value as active application ID */
 143:.\Generated_Source\PSoC5/Bootloadable.c ****         if (1u == Bootloadable_GET_CODE_DATA(Bootloadable_MD_BTLDB_ACTIVE_OFFSET(appId)))
 144:.\Generated_Source\PSoC5/Bootloadable.c ****         {
 145:.\Generated_Source\PSoC5/Bootloadable.c ****             result = CYRET_BAD_PARAM;
 146:.\Generated_Source\PSoC5/Bootloadable.c ****         }
ARM GAS  C:\Users\Kyle\AppData\Local\Temp\ccLES1UM.s 			page 4


 147:.\Generated_Source\PSoC5/Bootloadable.c ****         else
 148:.\Generated_Source\PSoC5/Bootloadable.c ****         {
 149:.\Generated_Source\PSoC5/Bootloadable.c ****             /* Updating metadata section */
 150:.\Generated_Source\PSoC5/Bootloadable.c ****             for(idx = 0u; idx < Bootloadable_MAX_NUM_OF_BTLDB; idx++)
 151:.\Generated_Source\PSoC5/Bootloadable.c ****             {
 152:.\Generated_Source\PSoC5/Bootloadable.c ****                 result |= Bootloadable_WriteFlashByte((uint32) Bootloadable_MD_BTLDB_ACTIVE_OFFSET(
 153:.\Generated_Source\PSoC5/Bootloadable.c ****                                                                                             (uint8)
 154:.\Generated_Source\PSoC5/Bootloadable.c ****             }
 155:.\Generated_Source\PSoC5/Bootloadable.c ****         }
 156:.\Generated_Source\PSoC5/Bootloadable.c ****     }
 157:.\Generated_Source\PSoC5/Bootloadable.c ****     
 158:.\Generated_Source\PSoC5/Bootloadable.c ****     return (result);
 159:.\Generated_Source\PSoC5/Bootloadable.c **** }
 160:.\Generated_Source\PSoC5/Bootloadable.c **** 
 161:.\Generated_Source\PSoC5/Bootloadable.c **** /*******************************************************************************
 162:.\Generated_Source\PSoC5/Bootloadable.c **** * Function Name: Bootloadable_WriteFlashByte
 163:.\Generated_Source\PSoC5/Bootloadable.c **** ****************************************************************************//**
 164:.\Generated_Source\PSoC5/Bootloadable.c **** *
 165:.\Generated_Source\PSoC5/Bootloadable.c **** * \brief 
 166:.\Generated_Source\PSoC5/Bootloadable.c **** *   This API writes to flash the specified data.
 167:.\Generated_Source\PSoC5/Bootloadable.c **** *
 168:.\Generated_Source\PSoC5/Bootloadable.c **** * \param address 
 169:.\Generated_Source\PSoC5/Bootloadable.c **** *   The address in flash.
 170:.\Generated_Source\PSoC5/Bootloadable.c **** *
 171:.\Generated_Source\PSoC5/Bootloadable.c **** * \param inputValue 
 172:.\Generated_Source\PSoC5/Bootloadable.c **** *   One-byte data.
 173:.\Generated_Source\PSoC5/Bootloadable.c **** *
 174:.\Generated_Source\PSoC5/Bootloadable.c **** * \return 
 175:.\Generated_Source\PSoC5/Bootloadable.c **** *   A status of the writing to flash procedure.
 176:.\Generated_Source\PSoC5/Bootloadable.c **** *
 177:.\Generated_Source\PSoC5/Bootloadable.c **** *******************************************************************************/
 178:.\Generated_Source\PSoC5/Bootloadable.c **** static cystatus Bootloadable_WriteFlashByte(const uint32 address, const uint8 inputValue) CYLARGE \
 179:.\Generated_Source\PSoC5/Bootloadable.c ****                                
 180:.\Generated_Source\PSoC5/Bootloadable.c **** {
  26              		.loc 1 180 0
  27              		.cfi_startproc
  28              		@ args = 0, pretend = 0, frame = 256
  29              		@ frame_needed = 0, uses_anonymous_args = 0
  30              	.LVL0:
  31 0000 70B5     		push	{r4, r5, r6, lr}
  32              		.cfi_def_cfa_offset 16
  33              		.cfi_offset 4, -16
  34              		.cfi_offset 5, -12
  35              		.cfi_offset 6, -8
  36              		.cfi_offset 14, -4
  37 0002 C0B0     		sub	sp, sp, #256
  38              		.cfi_def_cfa_offset 272
  39 0004 0E46     		mov	r6, r1
  40              	.LVL1:
 181:.\Generated_Source\PSoC5/Bootloadable.c ****     cystatus result = CYRET_SUCCESS;
 182:.\Generated_Source\PSoC5/Bootloadable.c ****     uint32 flsAddr = address - CYDEV_FLASH_BASE;
 183:.\Generated_Source\PSoC5/Bootloadable.c ****     uint8  rowData[CYDEV_FLS_ROW_SIZE];
 184:.\Generated_Source\PSoC5/Bootloadable.c **** 
 185:.\Generated_Source\PSoC5/Bootloadable.c ****     #if !(CY_PSOC4)
 186:.\Generated_Source\PSoC5/Bootloadable.c ****         uint8 arrayId = ( uint8 )(flsAddr / CYDEV_FLS_SECTOR_SIZE);
  41              		.loc 1 186 0
  42 0006 C0F30745 		ubfx	r5, r0, #16, #8
ARM GAS  C:\Users\Kyle\AppData\Local\Temp\ccLES1UM.s 			page 5


  43              	.LVL2:
 187:.\Generated_Source\PSoC5/Bootloadable.c ****     #endif  /* !(CY_PSOC4) */
 188:.\Generated_Source\PSoC5/Bootloadable.c **** 
 189:.\Generated_Source\PSoC5/Bootloadable.c ****     #if (CY_PSOC4)
 190:.\Generated_Source\PSoC5/Bootloadable.c ****         uint16 rowNum = ( uint16 )(flsAddr / CYDEV_FLS_ROW_SIZE);
 191:.\Generated_Source\PSoC5/Bootloadable.c ****     #else
 192:.\Generated_Source\PSoC5/Bootloadable.c ****         uint16 rowNum = ( uint16 )((flsAddr % CYDEV_FLS_SECTOR_SIZE) / CYDEV_FLS_ROW_SIZE);
  44              		.loc 1 192 0
  45 000a C0F30721 		ubfx	r1, r0, #8, #8
  46              	.LVL3:
 193:.\Generated_Source\PSoC5/Bootloadable.c ****     #endif  /* (CY_PSOC4) */
 194:.\Generated_Source\PSoC5/Bootloadable.c **** 
 195:.\Generated_Source\PSoC5/Bootloadable.c ****     uint32 baseAddr = address - (address % CYDEV_FLS_ROW_SIZE);
  47              		.loc 1 195 0
  48 000e 20F0FF04 		bic	r4, r0, #255
  49              	.LVL4:
 196:.\Generated_Source\PSoC5/Bootloadable.c ****     uint16 idx;
 197:.\Generated_Source\PSoC5/Bootloadable.c **** 
 198:.\Generated_Source\PSoC5/Bootloadable.c ****     for(idx = 0u; idx < CYDEV_FLS_ROW_SIZE; idx++)
  50              		.loc 1 198 0
  51 0012 0023     		movs	r3, #0
  52 0014 04E0     		b	.L2
  53              	.LVL5:
  54              	.L3:
 199:.\Generated_Source\PSoC5/Bootloadable.c ****     {
 200:.\Generated_Source\PSoC5/Bootloadable.c ****         rowData[idx] = (uint8)Bootloadable_GET_CODE_DATA(baseAddr + idx);
  55              		.loc 1 200 0 discriminator 3
  56 0016 1A5D     		ldrb	r2, [r3, r4]	@ zero_extendqisi2
  57 0018 0DF80320 		strb	r2, [sp, r3]
 198:.\Generated_Source\PSoC5/Bootloadable.c ****     {
  58              		.loc 1 198 0 discriminator 3
  59 001c 0133     		adds	r3, r3, #1
  60              	.LVL6:
  61 001e 9BB2     		uxth	r3, r3
  62              	.LVL7:
  63              	.L2:
 198:.\Generated_Source\PSoC5/Bootloadable.c ****     {
  64              		.loc 1 198 0 is_stmt 0 discriminator 1
  65 0020 FF2B     		cmp	r3, #255
  66 0022 F8D9     		bls	.L3
 201:.\Generated_Source\PSoC5/Bootloadable.c ****     }
 202:.\Generated_Source\PSoC5/Bootloadable.c **** 
 203:.\Generated_Source\PSoC5/Bootloadable.c ****     rowData[address % CYDEV_FLS_ROW_SIZE] = inputValue;
  67              		.loc 1 203 0 is_stmt 1
  68 0024 C3B2     		uxtb	r3, r0
  69              	.LVL8:
  70 0026 0DF80360 		strb	r6, [sp, r3]
 204:.\Generated_Source\PSoC5/Bootloadable.c **** 
 205:.\Generated_Source\PSoC5/Bootloadable.c ****     #if(CY_PSOC4)
 206:.\Generated_Source\PSoC5/Bootloadable.c ****         result = CySysFlashWriteRow((uint32) rowNum, rowData);
 207:.\Generated_Source\PSoC5/Bootloadable.c ****     #else
 208:.\Generated_Source\PSoC5/Bootloadable.c ****         result = CyWriteRowData(arrayId, rowNum, rowData);
  71              		.loc 1 208 0
  72 002a 2846     		mov	r0, r5
  73              	.LVL9:
  74 002c 6A46     		mov	r2, sp
  75 002e FFF7FEFF 		bl	CyWriteRowData
ARM GAS  C:\Users\Kyle\AppData\Local\Temp\ccLES1UM.s 			page 6


  76              	.LVL10:
  77 0032 0446     		mov	r4, r0
  78              	.LVL11:
 209:.\Generated_Source\PSoC5/Bootloadable.c ****     #endif  /* (CY_PSOC4) */
 210:.\Generated_Source\PSoC5/Bootloadable.c **** 
 211:.\Generated_Source\PSoC5/Bootloadable.c ****     #if(CY_PSOC5)
 212:.\Generated_Source\PSoC5/Bootloadable.c ****         /***************************************************************************
 213:.\Generated_Source\PSoC5/Bootloadable.c ****         * When writing to flash, data in the instruction cache can become stale.
 214:.\Generated_Source\PSoC5/Bootloadable.c ****         * Therefore, the cache data does not correlate to the data just written to
 215:.\Generated_Source\PSoC5/Bootloadable.c ****         * flash. A call to CyFlushCache() is required to invalidate the data in the
 216:.\Generated_Source\PSoC5/Bootloadable.c ****         * cache and force fresh information to be loaded from flash.
 217:.\Generated_Source\PSoC5/Bootloadable.c ****         ***************************************************************************/
 218:.\Generated_Source\PSoC5/Bootloadable.c ****         CyFlushCache();
  79              		.loc 1 218 0
  80 0034 FFF7FEFF 		bl	CyFlushCache
  81              	.LVL12:
 219:.\Generated_Source\PSoC5/Bootloadable.c ****     #endif /* (CY_PSOC5) */
 220:.\Generated_Source\PSoC5/Bootloadable.c ****     return (result);
 221:.\Generated_Source\PSoC5/Bootloadable.c **** }
  82              		.loc 1 221 0
  83 0038 2046     		mov	r0, r4
  84 003a 40B0     		add	sp, sp, #256
  85              		.cfi_def_cfa_offset 16
  86              		@ sp needed
  87 003c 70BD     		pop	{r4, r5, r6, pc}
  88              		.cfi_endproc
  89              	.LFE3:
  90              		.size	Bootloadable_WriteFlashByte, .-Bootloadable_WriteFlashByte
  91 003e 00BF     		.section	.text.Bootloadable_Load,"ax",%progbits
  92              		.align	2
  93              		.global	Bootloadable_Load
  94              		.thumb
  95              		.thumb_func
  96              		.type	Bootloadable_Load, %function
  97              	Bootloadable_Load:
  98              	.LFB0:
  42:.\Generated_Source\PSoC5/Bootloadable.c ****     /* Schedule Bootloader to start after reset */
  99              		.loc 1 42 0
 100              		.cfi_startproc
 101              		@ args = 0, pretend = 0, frame = 0
 102              		@ frame_needed = 0, uses_anonymous_args = 0
 103 0000 08B5     		push	{r3, lr}
 104              		.cfi_def_cfa_offset 8
 105              		.cfi_offset 3, -8
 106              		.cfi_offset 14, -4
  44:.\Generated_Source\PSoC5/Bootloadable.c **** 
 107              		.loc 1 44 0
 108 0002 4022     		movs	r2, #64
 109 0004 024B     		ldr	r3, .L7
 110 0006 1A70     		strb	r2, [r3]
  46:.\Generated_Source\PSoC5/Bootloadable.c **** }
 111              		.loc 1 46 0
 112 0008 FFF7FEFF 		bl	CySoftwareReset
 113              	.LVL13:
 114 000c 08BD     		pop	{r3, pc}
 115              	.L8:
 116 000e 00BF     		.align	2
ARM GAS  C:\Users\Kyle\AppData\Local\Temp\ccLES1UM.s 			page 7


 117              	.L7:
 118 0010 FA460040 		.word	1073759994
 119              		.cfi_endproc
 120              	.LFE0:
 121              		.size	Bootloadable_Load, .-Bootloadable_Load
 122              		.section	.text.Bootloadable_GetActiveApplication,"ax",%progbits
 123              		.align	2
 124              		.global	Bootloadable_GetActiveApplication
 125              		.thumb
 126              		.thumb_func
 127              		.type	Bootloadable_GetActiveApplication, %function
 128              	Bootloadable_GetActiveApplication:
 129              	.LFB1:
  68:.\Generated_Source\PSoC5/Bootloadable.c ****     uint8 result = Bootloadable_MD_BTLDB_ACTIVE_NONE;
 130              		.loc 1 68 0
 131              		.cfi_startproc
 132              		@ args = 0, pretend = 0, frame = 0
 133              		@ frame_needed = 0, uses_anonymous_args = 0
 134              		@ link register save eliminated.
 135              	.LVL14:
  71:.\Generated_Source\PSoC5/Bootloadable.c ****               Bootloadable_MD_BTLDB_ACTIVE_OFFSET(Bootloadable_MD_BTLDB_ACTIVE_0))) 
 136              		.loc 1 71 0
 137 0000 054B     		ldr	r3, .L13
 138 0002 1B78     		ldrb	r3, [r3]	@ zero_extendqisi2
 139 0004 23B9     		cbnz	r3, .L11
  76:.\Generated_Source\PSoC5/Bootloadable.c ****                    Bootloadable_MD_BTLDB_ACTIVE_OFFSET(Bootloadable_MD_BTLDB_ACTIVE_1)))
 140              		.loc 1 76 0
 141 0006 054B     		ldr	r3, .L13+4
 142 0008 1B78     		ldrb	r3, [r3]	@ zero_extendqisi2
 143 000a 1BB9     		cbnz	r3, .L12
  69:.\Generated_Source\PSoC5/Bootloadable.c ****     
 144              		.loc 1 69 0
 145 000c 0220     		movs	r0, #2
 146 000e 7047     		bx	lr
 147              	.L11:
  74:.\Generated_Source\PSoC5/Bootloadable.c ****     }
 148              		.loc 1 74 0
 149 0010 0020     		movs	r0, #0
 150 0012 7047     		bx	lr
 151              	.L12:
  79:.\Generated_Source\PSoC5/Bootloadable.c ****     }
 152              		.loc 1 79 0
 153 0014 0120     		movs	r0, #1
 154              	.LVL15:
  87:.\Generated_Source\PSoC5/Bootloadable.c **** 
 155              		.loc 1 87 0
 156 0016 7047     		bx	lr
 157              	.L14:
 158              		.align	2
 159              	.L13:
 160 0018 D0FF0300 		.word	262096
 161 001c D0FE0300 		.word	261840
 162              		.cfi_endproc
 163              	.LFE1:
 164              		.size	Bootloadable_GetActiveApplication, .-Bootloadable_GetActiveApplication
 165              		.section	.text.Bootloadable_SetActiveApplication,"ax",%progbits
 166              		.align	2
ARM GAS  C:\Users\Kyle\AppData\Local\Temp\ccLES1UM.s 			page 8


 167              		.global	Bootloadable_SetActiveApplication
 168              		.thumb
 169              		.thumb_func
 170              		.type	Bootloadable_SetActiveApplication, %function
 171              	Bootloadable_SetActiveApplication:
 172              	.LFB2:
 130:.\Generated_Source\PSoC5/Bootloadable.c ****     cystatus result = CYRET_SUCCESS;
 173              		.loc 1 130 0
 174              		.cfi_startproc
 175              		@ args = 0, pretend = 0, frame = 0
 176              		@ frame_needed = 0, uses_anonymous_args = 0
 177              	.LVL16:
 178 0000 70B5     		push	{r4, r5, r6, lr}
 179              		.cfi_def_cfa_offset 16
 180              		.cfi_offset 4, -16
 181              		.cfi_offset 5, -12
 182              		.cfi_offset 6, -8
 183              		.cfi_offset 14, -4
 184              	.LVL17:
 136:.\Generated_Source\PSoC5/Bootloadable.c ****     {
 185              		.loc 1 136 0
 186 0002 0128     		cmp	r0, #1
 187 0004 1DD8     		bhi	.L19
 143:.\Generated_Source\PSoC5/Bootloadable.c ****         {
 188              		.loc 1 143 0
 189 0006 4342     		negs	r3, r0
 190 0008 1B02     		lsls	r3, r3, #8
 191 000a 03F57F33 		add	r3, r3, #261120
 192 000e 93F8D033 		ldrb	r3, [r3, #976]	@ zero_extendqisi2
 193 0012 012B     		cmp	r3, #1
 194 0014 17D0     		beq	.L20
 195 0016 0546     		mov	r5, r0
 196 0018 0024     		movs	r4, #0
 197 001a 2646     		mov	r6, r4
 198 001c 0EE0     		b	.L17
 199              	.LVL18:
 200              	.L18:
 152:.\Generated_Source\PSoC5/Bootloadable.c ****                                                                                             (uint8)
 201              		.loc 1 152 0 discriminator 3
 202 001e 6042     		negs	r0, r4
 203 0020 0002     		lsls	r0, r0, #8
 204 0022 00F57F30 		add	r0, r0, #261120
 205 0026 00F57470 		add	r0, r0, #976
 206 002a AC42     		cmp	r4, r5
 207 002c 14BF     		ite	ne
 208 002e 0021     		movne	r1, #0
 209 0030 0121     		moveq	r1, #1
 210 0032 FFF7FEFF 		bl	Bootloadable_WriteFlashByte
 211              	.LVL19:
 212 0036 0643     		orrs	r6, r6, r0
 213              	.LVL20:
 150:.\Generated_Source\PSoC5/Bootloadable.c ****             {
 214              		.loc 1 150 0 discriminator 3
 215 0038 0134     		adds	r4, r4, #1
 216              	.LVL21:
 217 003a E4B2     		uxtb	r4, r4
 218              	.LVL22:
ARM GAS  C:\Users\Kyle\AppData\Local\Temp\ccLES1UM.s 			page 9


 219              	.L17:
 150:.\Generated_Source\PSoC5/Bootloadable.c ****             {
 220              		.loc 1 150 0 is_stmt 0 discriminator 1
 221 003c 012C     		cmp	r4, #1
 222 003e EED9     		bls	.L18
 223 0040 02E0     		b	.L16
 224              	.LVL23:
 225              	.L19:
 138:.\Generated_Source\PSoC5/Bootloadable.c ****     }
 226              		.loc 1 138 0 is_stmt 1
 227 0042 0126     		movs	r6, #1
 228 0044 00E0     		b	.L16
 229              	.L20:
 145:.\Generated_Source\PSoC5/Bootloadable.c ****         }
 230              		.loc 1 145 0
 231 0046 0126     		movs	r6, #1
 232              	.LVL24:
 233              	.L16:
 159:.\Generated_Source\PSoC5/Bootloadable.c **** 
 234              		.loc 1 159 0
 235 0048 3046     		mov	r0, r6
 236 004a 70BD     		pop	{r4, r5, r6, pc}
 237              		.cfi_endproc
 238              	.LFE2:
 239              		.size	Bootloadable_SetActiveApplication, .-Bootloadable_SetActiveApplication
 240              		.section	.text.Bootloadable_SetFlashByte,"ax",%progbits
 241              		.align	2
 242              		.global	Bootloadable_SetFlashByte
 243              		.thumb
 244              		.thumb_func
 245              		.type	Bootloadable_SetFlashByte, %function
 246              	Bootloadable_SetFlashByte:
 247              	.LFB4:
 222:.\Generated_Source\PSoC5/Bootloadable.c **** #endif /*(CYDEV_PROJ_TYPE == CYDEV_PROJ_TYPE_LOADABLEANDBOOTLOADER)*/
 223:.\Generated_Source\PSoC5/Bootloadable.c **** /** @} functions_group */
 224:.\Generated_Source\PSoC5/Bootloadable.c **** 
 225:.\Generated_Source\PSoC5/Bootloadable.c **** /*******************************************************************************
 226:.\Generated_Source\PSoC5/Bootloadable.c **** * The following code is OBSOLETE and must not be used.
 227:.\Generated_Source\PSoC5/Bootloadable.c **** *******************************************************************************/
 228:.\Generated_Source\PSoC5/Bootloadable.c **** void Bootloadable_SetFlashByte(uint32 address, uint8 runType) 
 229:.\Generated_Source\PSoC5/Bootloadable.c **** {
 248              		.loc 1 229 0
 249              		.cfi_startproc
 250              		@ args = 0, pretend = 0, frame = 256
 251              		@ frame_needed = 0, uses_anonymous_args = 0
 252              	.LVL25:
 253 0000 70B5     		push	{r4, r5, r6, lr}
 254              		.cfi_def_cfa_offset 16
 255              		.cfi_offset 4, -16
 256              		.cfi_offset 5, -12
 257              		.cfi_offset 6, -8
 258              		.cfi_offset 14, -4
 259 0002 C0B0     		sub	sp, sp, #256
 260              		.cfi_def_cfa_offset 272
 261 0004 0E46     		mov	r6, r1
 262              	.LVL26:
 230:.\Generated_Source\PSoC5/Bootloadable.c ****     uint32 flsAddr = address - CYDEV_FLASH_BASE;
ARM GAS  C:\Users\Kyle\AppData\Local\Temp\ccLES1UM.s 			page 10


 231:.\Generated_Source\PSoC5/Bootloadable.c ****     uint8  rowData[CYDEV_FLS_ROW_SIZE];
 232:.\Generated_Source\PSoC5/Bootloadable.c **** 
 233:.\Generated_Source\PSoC5/Bootloadable.c ****     #if !(CY_PSOC4)
 234:.\Generated_Source\PSoC5/Bootloadable.c ****         uint8 arrayId = ( uint8 )(flsAddr / CYDEV_FLS_SECTOR_SIZE);
 263              		.loc 1 234 0
 264 0006 C0F30745 		ubfx	r5, r0, #16, #8
 265              	.LVL27:
 235:.\Generated_Source\PSoC5/Bootloadable.c ****     #endif  /* !(CY_PSOC4) */
 236:.\Generated_Source\PSoC5/Bootloadable.c **** 
 237:.\Generated_Source\PSoC5/Bootloadable.c ****     #if (CY_PSOC4)
 238:.\Generated_Source\PSoC5/Bootloadable.c ****         uint16 rowNum = ( uint16 )(flsAddr / CYDEV_FLS_ROW_SIZE);
 239:.\Generated_Source\PSoC5/Bootloadable.c ****     #else
 240:.\Generated_Source\PSoC5/Bootloadable.c ****         uint16 rowNum = ( uint16 )((flsAddr % CYDEV_FLS_SECTOR_SIZE) / CYDEV_FLS_ROW_SIZE);
 266              		.loc 1 240 0
 267 000a C0F30721 		ubfx	r1, r0, #8, #8
 268              	.LVL28:
 241:.\Generated_Source\PSoC5/Bootloadable.c ****     #endif  /* (CY_PSOC4) */
 242:.\Generated_Source\PSoC5/Bootloadable.c **** 
 243:.\Generated_Source\PSoC5/Bootloadable.c ****     uint32 baseAddr = address - (address % CYDEV_FLS_ROW_SIZE);
 269              		.loc 1 243 0
 270 000e 20F0FF04 		bic	r4, r0, #255
 271              	.LVL29:
 244:.\Generated_Source\PSoC5/Bootloadable.c ****     uint16 idx;
 245:.\Generated_Source\PSoC5/Bootloadable.c **** 
 246:.\Generated_Source\PSoC5/Bootloadable.c **** 
 247:.\Generated_Source\PSoC5/Bootloadable.c ****     for (idx = 0u; idx < CYDEV_FLS_ROW_SIZE; idx++)
 272              		.loc 1 247 0
 273 0012 0023     		movs	r3, #0
 274 0014 04E0     		b	.L23
 275              	.LVL30:
 276              	.L24:
 248:.\Generated_Source\PSoC5/Bootloadable.c ****     {
 249:.\Generated_Source\PSoC5/Bootloadable.c ****         rowData[idx] = Bootloadable_GET_CODE_DATA(baseAddr + idx);
 277              		.loc 1 249 0 discriminator 3
 278 0016 1A5D     		ldrb	r2, [r3, r4]	@ zero_extendqisi2
 279 0018 0DF80320 		strb	r2, [sp, r3]
 247:.\Generated_Source\PSoC5/Bootloadable.c ****     {
 280              		.loc 1 247 0 discriminator 3
 281 001c 0133     		adds	r3, r3, #1
 282              	.LVL31:
 283 001e 9BB2     		uxth	r3, r3
 284              	.LVL32:
 285              	.L23:
 247:.\Generated_Source\PSoC5/Bootloadable.c ****     {
 286              		.loc 1 247 0 is_stmt 0 discriminator 1
 287 0020 FF2B     		cmp	r3, #255
 288 0022 F8D9     		bls	.L24
 250:.\Generated_Source\PSoC5/Bootloadable.c ****     }
 251:.\Generated_Source\PSoC5/Bootloadable.c ****     rowData[address % CYDEV_FLS_ROW_SIZE] = runType;
 289              		.loc 1 251 0 is_stmt 1
 290 0024 C3B2     		uxtb	r3, r0
 291              	.LVL33:
 292 0026 0DF80360 		strb	r6, [sp, r3]
 252:.\Generated_Source\PSoC5/Bootloadable.c **** 
 253:.\Generated_Source\PSoC5/Bootloadable.c ****     #if(CY_PSOC4)
 254:.\Generated_Source\PSoC5/Bootloadable.c ****         (void) CySysFlashWriteRow((uint32) rowNum, rowData);
 255:.\Generated_Source\PSoC5/Bootloadable.c ****     #else
ARM GAS  C:\Users\Kyle\AppData\Local\Temp\ccLES1UM.s 			page 11


 256:.\Generated_Source\PSoC5/Bootloadable.c ****         (void) CyWriteRowData(arrayId, rowNum, rowData);
 293              		.loc 1 256 0
 294 002a 2846     		mov	r0, r5
 295              	.LVL34:
 296 002c 6A46     		mov	r2, sp
 297 002e FFF7FEFF 		bl	CyWriteRowData
 298              	.LVL35:
 257:.\Generated_Source\PSoC5/Bootloadable.c ****     #endif  /* (CY_PSOC4) */
 258:.\Generated_Source\PSoC5/Bootloadable.c **** 
 259:.\Generated_Source\PSoC5/Bootloadable.c ****     #if(CY_PSOC5)
 260:.\Generated_Source\PSoC5/Bootloadable.c ****         /***************************************************************************
 261:.\Generated_Source\PSoC5/Bootloadable.c ****         * When writing to flash, data in the instruction cache can become obsolete.
 262:.\Generated_Source\PSoC5/Bootloadable.c ****         * Therefore, the cache data does not correlate to the data just written to
 263:.\Generated_Source\PSoC5/Bootloadable.c ****         * flash. A call to CyFlushCache() is required to invalidate the data in the
 264:.\Generated_Source\PSoC5/Bootloadable.c ****         * cache and force fresh information to be loaded from flash.
 265:.\Generated_Source\PSoC5/Bootloadable.c ****         ***************************************************************************/
 266:.\Generated_Source\PSoC5/Bootloadable.c ****         CyFlushCache();
 299              		.loc 1 266 0
 300 0032 FFF7FEFF 		bl	CyFlushCache
 301              	.LVL36:
 267:.\Generated_Source\PSoC5/Bootloadable.c ****     #endif /* (CY_PSOC5) */
 268:.\Generated_Source\PSoC5/Bootloadable.c **** }
 302              		.loc 1 268 0
 303 0036 40B0     		add	sp, sp, #256
 304              		.cfi_def_cfa_offset 16
 305              		@ sp needed
 306 0038 70BD     		pop	{r4, r5, r6, pc}
 307              		.cfi_endproc
 308              	.LFE4:
 309              		.size	Bootloadable_SetFlashByte, .-Bootloadable_SetFlashByte
 310 003a 00BF     		.text
 311              	.Letext0:
 312              		.file 2 ".\\Generated_Source\\PSoC5\\cytypes.h"
 313              		.file 3 ".\\Generated_Source\\PSoC5\\CyLib.h"
 314              		.file 4 ".\\Generated_Source\\PSoC5\\CyFlash.h"
 315              		.section	.debug_info,"",%progbits
 316              	.Ldebug_info0:
 317 0000 24030000 		.4byte	0x324
 318 0004 0400     		.2byte	0x4
 319 0006 00000000 		.4byte	.Ldebug_abbrev0
 320 000a 04       		.byte	0x4
 321 000b 01       		.uleb128 0x1
 322 000c E8000000 		.4byte	.LASF34
 323 0010 01       		.byte	0x1
 324 0011 CE010000 		.4byte	.LASF35
 325 0015 09020000 		.4byte	.LASF36
 326 0019 00000000 		.4byte	.Ldebug_ranges0+0
 327 001d 00000000 		.4byte	0
 328 0021 00000000 		.4byte	.Ldebug_line0
 329 0025 02       		.uleb128 0x2
 330 0026 01       		.byte	0x1
 331 0027 06       		.byte	0x6
 332 0028 BB020000 		.4byte	.LASF0
 333 002c 02       		.uleb128 0x2
 334 002d 01       		.byte	0x1
 335 002e 08       		.byte	0x8
 336 002f 5C000000 		.4byte	.LASF1
ARM GAS  C:\Users\Kyle\AppData\Local\Temp\ccLES1UM.s 			page 12


 337 0033 02       		.uleb128 0x2
 338 0034 02       		.byte	0x2
 339 0035 05       		.byte	0x5
 340 0036 8D020000 		.4byte	.LASF2
 341 003a 02       		.uleb128 0x2
 342 003b 02       		.byte	0x2
 343 003c 07       		.byte	0x7
 344 003d 10000000 		.4byte	.LASF3
 345 0041 02       		.uleb128 0x2
 346 0042 04       		.byte	0x4
 347 0043 05       		.byte	0x5
 348 0044 B2020000 		.4byte	.LASF4
 349 0048 02       		.uleb128 0x2
 350 0049 04       		.byte	0x4
 351 004a 07       		.byte	0x7
 352 004b 77000000 		.4byte	.LASF5
 353 004f 02       		.uleb128 0x2
 354 0050 08       		.byte	0x8
 355 0051 05       		.byte	0x5
 356 0052 F6010000 		.4byte	.LASF6
 357 0056 02       		.uleb128 0x2
 358 0057 08       		.byte	0x8
 359 0058 07       		.byte	0x7
 360 0059 45000000 		.4byte	.LASF7
 361 005d 03       		.uleb128 0x3
 362 005e 04       		.byte	0x4
 363 005f 05       		.byte	0x5
 364 0060 696E7400 		.ascii	"int\000"
 365 0064 02       		.uleb128 0x2
 366 0065 04       		.byte	0x4
 367 0066 07       		.byte	0x7
 368 0067 76010000 		.4byte	.LASF8
 369 006b 04       		.uleb128 0x4
 370 006c 89000000 		.4byte	.LASF9
 371 0070 02       		.byte	0x2
 372 0071 C2       		.byte	0xc2
 373 0072 2C000000 		.4byte	0x2c
 374 0076 04       		.uleb128 0x4
 375 0077 DA000000 		.4byte	.LASF10
 376 007b 02       		.byte	0x2
 377 007c C3       		.byte	0xc3
 378 007d 3A000000 		.4byte	0x3a
 379 0081 04       		.uleb128 0x4
 380 0082 E1000000 		.4byte	.LASF11
 381 0086 02       		.byte	0x2
 382 0087 C4       		.byte	0xc4
 383 0088 48000000 		.4byte	0x48
 384 008c 02       		.uleb128 0x2
 385 008d 04       		.byte	0x4
 386 008e 04       		.byte	0x4
 387 008f 3F000000 		.4byte	.LASF12
 388 0093 02       		.uleb128 0x2
 389 0094 08       		.byte	0x8
 390 0095 04       		.byte	0x4
 391 0096 A9000000 		.4byte	.LASF13
 392 009a 02       		.uleb128 0x2
 393 009b 01       		.byte	0x1
ARM GAS  C:\Users\Kyle\AppData\Local\Temp\ccLES1UM.s 			page 13


 394 009c 08       		.byte	0x8
 395 009d 04020000 		.4byte	.LASF14
 396 00a1 05       		.uleb128 0x5
 397 00a2 00000000 		.4byte	.LASF15
 398 00a6 02       		.byte	0x2
 399 00a7 6401     		.2byte	0x164
 400 00a9 48000000 		.4byte	0x48
 401 00ad 05       		.uleb128 0x5
 402 00ae 72000000 		.4byte	.LASF16
 403 00b2 02       		.byte	0x2
 404 00b3 6C01     		.2byte	0x16c
 405 00b5 B9000000 		.4byte	0xb9
 406 00b9 06       		.uleb128 0x6
 407 00ba 6B000000 		.4byte	0x6b
 408 00be 02       		.uleb128 0x2
 409 00bf 04       		.byte	0x4
 410 00c0 07       		.byte	0x7
 411 00c1 C5010000 		.4byte	.LASF17
 412 00c5 07       		.uleb128 0x7
 413 00c6 23000000 		.4byte	.LASF37
 414 00ca 01       		.byte	0x1
 415 00cb B2       		.byte	0xb2
 416 00cc A1000000 		.4byte	0xa1
 417 00d0 00000000 		.4byte	.LFB3
 418 00d4 3E000000 		.4byte	.LFE3-.LFB3
 419 00d8 01       		.uleb128 0x1
 420 00d9 9C       		.byte	0x9c
 421 00da 87010000 		.4byte	0x187
 422 00de 08       		.uleb128 0x8
 423 00df 83010000 		.4byte	.LASF18
 424 00e3 01       		.byte	0x1
 425 00e4 B2       		.byte	0xb2
 426 00e5 87010000 		.4byte	0x187
 427 00e9 00000000 		.4byte	.LLST0
 428 00ed 08       		.uleb128 0x8
 429 00ee 97020000 		.4byte	.LASF19
 430 00f2 01       		.byte	0x1
 431 00f3 B2       		.byte	0xb2
 432 00f4 8C010000 		.4byte	0x18c
 433 00f8 21000000 		.4byte	.LLST1
 434 00fc 09       		.uleb128 0x9
 435 00fd AD010000 		.4byte	.LASF20
 436 0101 01       		.byte	0x1
 437 0102 B5       		.byte	0xb5
 438 0103 A1000000 		.4byte	0xa1
 439 0107 42000000 		.4byte	.LLST2
 440 010b 09       		.uleb128 0x9
 441 010c D2000000 		.4byte	.LASF21
 442 0110 01       		.byte	0x1
 443 0111 B6       		.byte	0xb6
 444 0112 81000000 		.4byte	0x81
 445 0116 6C000000 		.4byte	.LLST3
 446 011a 0A       		.uleb128 0xa
 447 011b 6A000000 		.4byte	.LASF22
 448 011f 01       		.byte	0x1
 449 0120 B7       		.byte	0xb7
 450 0121 91010000 		.4byte	0x191
ARM GAS  C:\Users\Kyle\AppData\Local\Temp\ccLES1UM.s 			page 14


 451 0125 03       		.uleb128 0x3
 452 0126 91       		.byte	0x91
 453 0127 F07D     		.sleb128 -272
 454 0129 0A       		.uleb128 0xa
 455 012a 8F000000 		.4byte	.LASF23
 456 012e 01       		.byte	0x1
 457 012f BA       		.byte	0xba
 458 0130 6B000000 		.4byte	0x6b
 459 0134 01       		.uleb128 0x1
 460 0135 55       		.byte	0x55
 461 0136 09       		.uleb128 0x9
 462 0137 09000000 		.4byte	.LASF24
 463 013b 01       		.byte	0x1
 464 013c C0       		.byte	0xc0
 465 013d 76000000 		.4byte	0x76
 466 0141 8D000000 		.4byte	.LLST4
 467 0145 09       		.uleb128 0x9
 468 0146 BC010000 		.4byte	.LASF25
 469 014a 01       		.byte	0x1
 470 014b C3       		.byte	0xc3
 471 014c 81000000 		.4byte	0x81
 472 0150 B4000000 		.4byte	.LLST5
 473 0154 0B       		.uleb128 0xb
 474 0155 69647800 		.ascii	"idx\000"
 475 0159 01       		.byte	0x1
 476 015a C4       		.byte	0xc4
 477 015b 76000000 		.4byte	0x76
 478 015f D9000000 		.4byte	.LLST6
 479 0163 0C       		.uleb128 0xc
 480 0164 32000000 		.4byte	.LVL10
 481 0168 F4020000 		.4byte	0x2f4
 482 016c 7D010000 		.4byte	0x17d
 483 0170 0D       		.uleb128 0xd
 484 0171 01       		.uleb128 0x1
 485 0172 52       		.byte	0x52
 486 0173 02       		.uleb128 0x2
 487 0174 7D       		.byte	0x7d
 488 0175 00       		.sleb128 0
 489 0176 0D       		.uleb128 0xd
 490 0177 01       		.uleb128 0x1
 491 0178 50       		.byte	0x50
 492 0179 02       		.uleb128 0x2
 493 017a 75       		.byte	0x75
 494 017b 00       		.sleb128 0
 495 017c 00       		.byte	0
 496 017d 0E       		.uleb128 0xe
 497 017e 38000000 		.4byte	.LVL12
 498 0182 19030000 		.4byte	0x319
 499 0186 00       		.byte	0
 500 0187 0F       		.uleb128 0xf
 501 0188 81000000 		.4byte	0x81
 502 018c 0F       		.uleb128 0xf
 503 018d 6B000000 		.4byte	0x6b
 504 0191 10       		.uleb128 0x10
 505 0192 6B000000 		.4byte	0x6b
 506 0196 A1010000 		.4byte	0x1a1
 507 019a 11       		.uleb128 0x11
ARM GAS  C:\Users\Kyle\AppData\Local\Temp\ccLES1UM.s 			page 15


 508 019b BE000000 		.4byte	0xbe
 509 019f FF       		.byte	0xff
 510 01a0 00       		.byte	0
 511 01a1 12       		.uleb128 0x12
 512 01a2 97000000 		.4byte	.LASF29
 513 01a6 01       		.byte	0x1
 514 01a7 29       		.byte	0x29
 515 01a8 00000000 		.4byte	.LFB0
 516 01ac 14000000 		.4byte	.LFE0-.LFB0
 517 01b0 01       		.uleb128 0x1
 518 01b1 9C       		.byte	0x9c
 519 01b2 C0010000 		.4byte	0x1c0
 520 01b6 0E       		.uleb128 0xe
 521 01b7 0C000000 		.4byte	.LVL13
 522 01bb 20030000 		.4byte	0x320
 523 01bf 00       		.byte	0
 524 01c0 13       		.uleb128 0x13
 525 01c1 8B010000 		.4byte	.LASF26
 526 01c5 01       		.byte	0x1
 527 01c6 42       		.byte	0x42
 528 01c7 6B000000 		.4byte	0x6b
 529 01cb 00000000 		.4byte	.LFB1
 530 01cf 20000000 		.4byte	.LFE1-.LFB1
 531 01d3 01       		.uleb128 0x1
 532 01d4 9C       		.byte	0x9c
 533 01d5 E9010000 		.4byte	0x1e9
 534 01d9 09       		.uleb128 0x9
 535 01da AD010000 		.4byte	.LASF20
 536 01de 01       		.byte	0x1
 537 01df 45       		.byte	0x45
 538 01e0 6B000000 		.4byte	0x6b
 539 01e4 03010000 		.4byte	.LLST7
 540 01e8 00       		.byte	0
 541 01e9 13       		.uleb128 0x13
 542 01ea B0000000 		.4byte	.LASF27
 543 01ee 01       		.byte	0x1
 544 01ef 80       		.byte	0x80
 545 01f0 A1000000 		.4byte	0xa1
 546 01f4 00000000 		.4byte	.LFB2
 547 01f8 4C000000 		.4byte	.LFE2-.LFB2
 548 01fc 01       		.uleb128 0x1
 549 01fd 9C       		.byte	0x9c
 550 01fe 47020000 		.4byte	0x247
 551 0202 08       		.uleb128 0x8
 552 0203 6D020000 		.4byte	.LASF28
 553 0207 01       		.byte	0x1
 554 0208 80       		.byte	0x80
 555 0209 6B000000 		.4byte	0x6b
 556 020d 22010000 		.4byte	.LLST8
 557 0211 09       		.uleb128 0x9
 558 0212 AD010000 		.4byte	.LASF20
 559 0216 01       		.byte	0x1
 560 0217 83       		.byte	0x83
 561 0218 A1000000 		.4byte	0xa1
 562 021c 5C010000 		.4byte	.LLST9
 563 0220 0B       		.uleb128 0xb
 564 0221 69647800 		.ascii	"idx\000"
ARM GAS  C:\Users\Kyle\AppData\Local\Temp\ccLES1UM.s 			page 16


 565 0225 01       		.byte	0x1
 566 0226 85       		.byte	0x85
 567 0227 6B000000 		.4byte	0x6b
 568 022b 92010000 		.4byte	.LLST10
 569 022f 14       		.uleb128 0x14
 570 0230 36000000 		.4byte	.LVL19
 571 0234 C5000000 		.4byte	0xc5
 572 0238 0D       		.uleb128 0xd
 573 0239 01       		.uleb128 0x1
 574 023a 50       		.byte	0x50
 575 023b 09       		.uleb128 0x9
 576 023c 74       		.byte	0x74
 577 023d 00       		.sleb128 0
 578 023e 1F       		.byte	0x1f
 579 023f 38       		.byte	0x38
 580 0240 24       		.byte	0x24
 581 0241 23       		.byte	0x23
 582 0242 D0FF0F   		.uleb128 0x3ffd0
 583 0245 00       		.byte	0
 584 0246 00       		.byte	0
 585 0247 12       		.uleb128 0x12
 586 0248 73020000 		.4byte	.LASF30
 587 024c 01       		.byte	0x1
 588 024d E4       		.byte	0xe4
 589 024e 00000000 		.4byte	.LFB4
 590 0252 3A000000 		.4byte	.LFE4-.LFB4
 591 0256 01       		.uleb128 0x1
 592 0257 9C       		.byte	0x9c
 593 0258 F4020000 		.4byte	0x2f4
 594 025c 08       		.uleb128 0x8
 595 025d 83010000 		.4byte	.LASF18
 596 0261 01       		.byte	0x1
 597 0262 E4       		.byte	0xe4
 598 0263 81000000 		.4byte	0x81
 599 0267 B0010000 		.4byte	.LLST11
 600 026b 08       		.uleb128 0x8
 601 026c B4010000 		.4byte	.LASF31
 602 0270 01       		.byte	0x1
 603 0271 E4       		.byte	0xe4
 604 0272 6B000000 		.4byte	0x6b
 605 0276 D1010000 		.4byte	.LLST12
 606 027a 09       		.uleb128 0x9
 607 027b D2000000 		.4byte	.LASF21
 608 027f 01       		.byte	0x1
 609 0280 E6       		.byte	0xe6
 610 0281 81000000 		.4byte	0x81
 611 0285 F2010000 		.4byte	.LLST13
 612 0289 0A       		.uleb128 0xa
 613 028a 6A000000 		.4byte	.LASF22
 614 028e 01       		.byte	0x1
 615 028f E7       		.byte	0xe7
 616 0290 91010000 		.4byte	0x191
 617 0294 03       		.uleb128 0x3
 618 0295 91       		.byte	0x91
 619 0296 F07D     		.sleb128 -272
 620 0298 0A       		.uleb128 0xa
 621 0299 8F000000 		.4byte	.LASF23
ARM GAS  C:\Users\Kyle\AppData\Local\Temp\ccLES1UM.s 			page 17


 622 029d 01       		.byte	0x1
 623 029e EA       		.byte	0xea
 624 029f 6B000000 		.4byte	0x6b
 625 02a3 01       		.uleb128 0x1
 626 02a4 55       		.byte	0x55
 627 02a5 09       		.uleb128 0x9
 628 02a6 09000000 		.4byte	.LASF24
 629 02aa 01       		.byte	0x1
 630 02ab F0       		.byte	0xf0
 631 02ac 76000000 		.4byte	0x76
 632 02b0 13020000 		.4byte	.LLST14
 633 02b4 0A       		.uleb128 0xa
 634 02b5 BC010000 		.4byte	.LASF25
 635 02b9 01       		.byte	0x1
 636 02ba F3       		.byte	0xf3
 637 02bb 81000000 		.4byte	0x81
 638 02bf 01       		.uleb128 0x1
 639 02c0 54       		.byte	0x54
 640 02c1 0B       		.uleb128 0xb
 641 02c2 69647800 		.ascii	"idx\000"
 642 02c6 01       		.byte	0x1
 643 02c7 F4       		.byte	0xf4
 644 02c8 76000000 		.4byte	0x76
 645 02cc 3A020000 		.4byte	.LLST15
 646 02d0 0C       		.uleb128 0xc
 647 02d1 32000000 		.4byte	.LVL35
 648 02d5 F4020000 		.4byte	0x2f4
 649 02d9 EA020000 		.4byte	0x2ea
 650 02dd 0D       		.uleb128 0xd
 651 02de 01       		.uleb128 0x1
 652 02df 52       		.byte	0x52
 653 02e0 02       		.uleb128 0x2
 654 02e1 7D       		.byte	0x7d
 655 02e2 00       		.sleb128 0
 656 02e3 0D       		.uleb128 0xd
 657 02e4 01       		.uleb128 0x1
 658 02e5 50       		.byte	0x50
 659 02e6 02       		.uleb128 0x2
 660 02e7 75       		.byte	0x75
 661 02e8 00       		.sleb128 0
 662 02e9 00       		.byte	0
 663 02ea 0E       		.uleb128 0xe
 664 02eb 36000000 		.4byte	.LVL36
 665 02ef 19030000 		.4byte	0x319
 666 02f3 00       		.byte	0
 667 02f4 15       		.uleb128 0x15
 668 02f5 D4020000 		.4byte	.LASF38
 669 02f9 04       		.byte	0x4
 670 02fa 4A       		.byte	0x4a
 671 02fb A1000000 		.4byte	0xa1
 672 02ff 13030000 		.4byte	0x313
 673 0303 16       		.uleb128 0x16
 674 0304 6B000000 		.4byte	0x6b
 675 0308 16       		.uleb128 0x16
 676 0309 76000000 		.4byte	0x76
 677 030d 16       		.uleb128 0x16
 678 030e 13030000 		.4byte	0x313
ARM GAS  C:\Users\Kyle\AppData\Local\Temp\ccLES1UM.s 			page 18


 679 0312 00       		.byte	0
 680 0313 17       		.uleb128 0x17
 681 0314 04       		.byte	0x4
 682 0315 8C010000 		.4byte	0x18c
 683 0319 18       		.uleb128 0x18
 684 031a C7020000 		.4byte	.LASF32
 685 031e 03       		.byte	0x3
 686 031f 96       		.byte	0x96
 687 0320 18       		.uleb128 0x18
 688 0321 A2020000 		.4byte	.LASF33
 689 0325 03       		.byte	0x3
 690 0326 7C       		.byte	0x7c
 691 0327 00       		.byte	0
 692              		.section	.debug_abbrev,"",%progbits
 693              	.Ldebug_abbrev0:
 694 0000 01       		.uleb128 0x1
 695 0001 11       		.uleb128 0x11
 696 0002 01       		.byte	0x1
 697 0003 25       		.uleb128 0x25
 698 0004 0E       		.uleb128 0xe
 699 0005 13       		.uleb128 0x13
 700 0006 0B       		.uleb128 0xb
 701 0007 03       		.uleb128 0x3
 702 0008 0E       		.uleb128 0xe
 703 0009 1B       		.uleb128 0x1b
 704 000a 0E       		.uleb128 0xe
 705 000b 55       		.uleb128 0x55
 706 000c 17       		.uleb128 0x17
 707 000d 11       		.uleb128 0x11
 708 000e 01       		.uleb128 0x1
 709 000f 10       		.uleb128 0x10
 710 0010 17       		.uleb128 0x17
 711 0011 00       		.byte	0
 712 0012 00       		.byte	0
 713 0013 02       		.uleb128 0x2
 714 0014 24       		.uleb128 0x24
 715 0015 00       		.byte	0
 716 0016 0B       		.uleb128 0xb
 717 0017 0B       		.uleb128 0xb
 718 0018 3E       		.uleb128 0x3e
 719 0019 0B       		.uleb128 0xb
 720 001a 03       		.uleb128 0x3
 721 001b 0E       		.uleb128 0xe
 722 001c 00       		.byte	0
 723 001d 00       		.byte	0
 724 001e 03       		.uleb128 0x3
 725 001f 24       		.uleb128 0x24
 726 0020 00       		.byte	0
 727 0021 0B       		.uleb128 0xb
 728 0022 0B       		.uleb128 0xb
 729 0023 3E       		.uleb128 0x3e
 730 0024 0B       		.uleb128 0xb
 731 0025 03       		.uleb128 0x3
 732 0026 08       		.uleb128 0x8
 733 0027 00       		.byte	0
 734 0028 00       		.byte	0
 735 0029 04       		.uleb128 0x4
ARM GAS  C:\Users\Kyle\AppData\Local\Temp\ccLES1UM.s 			page 19


 736 002a 16       		.uleb128 0x16
 737 002b 00       		.byte	0
 738 002c 03       		.uleb128 0x3
 739 002d 0E       		.uleb128 0xe
 740 002e 3A       		.uleb128 0x3a
 741 002f 0B       		.uleb128 0xb
 742 0030 3B       		.uleb128 0x3b
 743 0031 0B       		.uleb128 0xb
 744 0032 49       		.uleb128 0x49
 745 0033 13       		.uleb128 0x13
 746 0034 00       		.byte	0
 747 0035 00       		.byte	0
 748 0036 05       		.uleb128 0x5
 749 0037 16       		.uleb128 0x16
 750 0038 00       		.byte	0
 751 0039 03       		.uleb128 0x3
 752 003a 0E       		.uleb128 0xe
 753 003b 3A       		.uleb128 0x3a
 754 003c 0B       		.uleb128 0xb
 755 003d 3B       		.uleb128 0x3b
 756 003e 05       		.uleb128 0x5
 757 003f 49       		.uleb128 0x49
 758 0040 13       		.uleb128 0x13
 759 0041 00       		.byte	0
 760 0042 00       		.byte	0
 761 0043 06       		.uleb128 0x6
 762 0044 35       		.uleb128 0x35
 763 0045 00       		.byte	0
 764 0046 49       		.uleb128 0x49
 765 0047 13       		.uleb128 0x13
 766 0048 00       		.byte	0
 767 0049 00       		.byte	0
 768 004a 07       		.uleb128 0x7
 769 004b 2E       		.uleb128 0x2e
 770 004c 01       		.byte	0x1
 771 004d 03       		.uleb128 0x3
 772 004e 0E       		.uleb128 0xe
 773 004f 3A       		.uleb128 0x3a
 774 0050 0B       		.uleb128 0xb
 775 0051 3B       		.uleb128 0x3b
 776 0052 0B       		.uleb128 0xb
 777 0053 27       		.uleb128 0x27
 778 0054 19       		.uleb128 0x19
 779 0055 49       		.uleb128 0x49
 780 0056 13       		.uleb128 0x13
 781 0057 11       		.uleb128 0x11
 782 0058 01       		.uleb128 0x1
 783 0059 12       		.uleb128 0x12
 784 005a 06       		.uleb128 0x6
 785 005b 40       		.uleb128 0x40
 786 005c 18       		.uleb128 0x18
 787 005d 9742     		.uleb128 0x2117
 788 005f 19       		.uleb128 0x19
 789 0060 01       		.uleb128 0x1
 790 0061 13       		.uleb128 0x13
 791 0062 00       		.byte	0
 792 0063 00       		.byte	0
ARM GAS  C:\Users\Kyle\AppData\Local\Temp\ccLES1UM.s 			page 20


 793 0064 08       		.uleb128 0x8
 794 0065 05       		.uleb128 0x5
 795 0066 00       		.byte	0
 796 0067 03       		.uleb128 0x3
 797 0068 0E       		.uleb128 0xe
 798 0069 3A       		.uleb128 0x3a
 799 006a 0B       		.uleb128 0xb
 800 006b 3B       		.uleb128 0x3b
 801 006c 0B       		.uleb128 0xb
 802 006d 49       		.uleb128 0x49
 803 006e 13       		.uleb128 0x13
 804 006f 02       		.uleb128 0x2
 805 0070 17       		.uleb128 0x17
 806 0071 00       		.byte	0
 807 0072 00       		.byte	0
 808 0073 09       		.uleb128 0x9
 809 0074 34       		.uleb128 0x34
 810 0075 00       		.byte	0
 811 0076 03       		.uleb128 0x3
 812 0077 0E       		.uleb128 0xe
 813 0078 3A       		.uleb128 0x3a
 814 0079 0B       		.uleb128 0xb
 815 007a 3B       		.uleb128 0x3b
 816 007b 0B       		.uleb128 0xb
 817 007c 49       		.uleb128 0x49
 818 007d 13       		.uleb128 0x13
 819 007e 02       		.uleb128 0x2
 820 007f 17       		.uleb128 0x17
 821 0080 00       		.byte	0
 822 0081 00       		.byte	0
 823 0082 0A       		.uleb128 0xa
 824 0083 34       		.uleb128 0x34
 825 0084 00       		.byte	0
 826 0085 03       		.uleb128 0x3
 827 0086 0E       		.uleb128 0xe
 828 0087 3A       		.uleb128 0x3a
 829 0088 0B       		.uleb128 0xb
 830 0089 3B       		.uleb128 0x3b
 831 008a 0B       		.uleb128 0xb
 832 008b 49       		.uleb128 0x49
 833 008c 13       		.uleb128 0x13
 834 008d 02       		.uleb128 0x2
 835 008e 18       		.uleb128 0x18
 836 008f 00       		.byte	0
 837 0090 00       		.byte	0
 838 0091 0B       		.uleb128 0xb
 839 0092 34       		.uleb128 0x34
 840 0093 00       		.byte	0
 841 0094 03       		.uleb128 0x3
 842 0095 08       		.uleb128 0x8
 843 0096 3A       		.uleb128 0x3a
 844 0097 0B       		.uleb128 0xb
 845 0098 3B       		.uleb128 0x3b
 846 0099 0B       		.uleb128 0xb
 847 009a 49       		.uleb128 0x49
 848 009b 13       		.uleb128 0x13
 849 009c 02       		.uleb128 0x2
ARM GAS  C:\Users\Kyle\AppData\Local\Temp\ccLES1UM.s 			page 21


 850 009d 17       		.uleb128 0x17
 851 009e 00       		.byte	0
 852 009f 00       		.byte	0
 853 00a0 0C       		.uleb128 0xc
 854 00a1 898201   		.uleb128 0x4109
 855 00a4 01       		.byte	0x1
 856 00a5 11       		.uleb128 0x11
 857 00a6 01       		.uleb128 0x1
 858 00a7 31       		.uleb128 0x31
 859 00a8 13       		.uleb128 0x13
 860 00a9 01       		.uleb128 0x1
 861 00aa 13       		.uleb128 0x13
 862 00ab 00       		.byte	0
 863 00ac 00       		.byte	0
 864 00ad 0D       		.uleb128 0xd
 865 00ae 8A8201   		.uleb128 0x410a
 866 00b1 00       		.byte	0
 867 00b2 02       		.uleb128 0x2
 868 00b3 18       		.uleb128 0x18
 869 00b4 9142     		.uleb128 0x2111
 870 00b6 18       		.uleb128 0x18
 871 00b7 00       		.byte	0
 872 00b8 00       		.byte	0
 873 00b9 0E       		.uleb128 0xe
 874 00ba 898201   		.uleb128 0x4109
 875 00bd 00       		.byte	0
 876 00be 11       		.uleb128 0x11
 877 00bf 01       		.uleb128 0x1
 878 00c0 31       		.uleb128 0x31
 879 00c1 13       		.uleb128 0x13
 880 00c2 00       		.byte	0
 881 00c3 00       		.byte	0
 882 00c4 0F       		.uleb128 0xf
 883 00c5 26       		.uleb128 0x26
 884 00c6 00       		.byte	0
 885 00c7 49       		.uleb128 0x49
 886 00c8 13       		.uleb128 0x13
 887 00c9 00       		.byte	0
 888 00ca 00       		.byte	0
 889 00cb 10       		.uleb128 0x10
 890 00cc 01       		.uleb128 0x1
 891 00cd 01       		.byte	0x1
 892 00ce 49       		.uleb128 0x49
 893 00cf 13       		.uleb128 0x13
 894 00d0 01       		.uleb128 0x1
 895 00d1 13       		.uleb128 0x13
 896 00d2 00       		.byte	0
 897 00d3 00       		.byte	0
 898 00d4 11       		.uleb128 0x11
 899 00d5 21       		.uleb128 0x21
 900 00d6 00       		.byte	0
 901 00d7 49       		.uleb128 0x49
 902 00d8 13       		.uleb128 0x13
 903 00d9 2F       		.uleb128 0x2f
 904 00da 0B       		.uleb128 0xb
 905 00db 00       		.byte	0
 906 00dc 00       		.byte	0
ARM GAS  C:\Users\Kyle\AppData\Local\Temp\ccLES1UM.s 			page 22


 907 00dd 12       		.uleb128 0x12
 908 00de 2E       		.uleb128 0x2e
 909 00df 01       		.byte	0x1
 910 00e0 3F       		.uleb128 0x3f
 911 00e1 19       		.uleb128 0x19
 912 00e2 03       		.uleb128 0x3
 913 00e3 0E       		.uleb128 0xe
 914 00e4 3A       		.uleb128 0x3a
 915 00e5 0B       		.uleb128 0xb
 916 00e6 3B       		.uleb128 0x3b
 917 00e7 0B       		.uleb128 0xb
 918 00e8 27       		.uleb128 0x27
 919 00e9 19       		.uleb128 0x19
 920 00ea 11       		.uleb128 0x11
 921 00eb 01       		.uleb128 0x1
 922 00ec 12       		.uleb128 0x12
 923 00ed 06       		.uleb128 0x6
 924 00ee 40       		.uleb128 0x40
 925 00ef 18       		.uleb128 0x18
 926 00f0 9742     		.uleb128 0x2117
 927 00f2 19       		.uleb128 0x19
 928 00f3 01       		.uleb128 0x1
 929 00f4 13       		.uleb128 0x13
 930 00f5 00       		.byte	0
 931 00f6 00       		.byte	0
 932 00f7 13       		.uleb128 0x13
 933 00f8 2E       		.uleb128 0x2e
 934 00f9 01       		.byte	0x1
 935 00fa 3F       		.uleb128 0x3f
 936 00fb 19       		.uleb128 0x19
 937 00fc 03       		.uleb128 0x3
 938 00fd 0E       		.uleb128 0xe
 939 00fe 3A       		.uleb128 0x3a
 940 00ff 0B       		.uleb128 0xb
 941 0100 3B       		.uleb128 0x3b
 942 0101 0B       		.uleb128 0xb
 943 0102 27       		.uleb128 0x27
 944 0103 19       		.uleb128 0x19
 945 0104 49       		.uleb128 0x49
 946 0105 13       		.uleb128 0x13
 947 0106 11       		.uleb128 0x11
 948 0107 01       		.uleb128 0x1
 949 0108 12       		.uleb128 0x12
 950 0109 06       		.uleb128 0x6
 951 010a 40       		.uleb128 0x40
 952 010b 18       		.uleb128 0x18
 953 010c 9742     		.uleb128 0x2117
 954 010e 19       		.uleb128 0x19
 955 010f 01       		.uleb128 0x1
 956 0110 13       		.uleb128 0x13
 957 0111 00       		.byte	0
 958 0112 00       		.byte	0
 959 0113 14       		.uleb128 0x14
 960 0114 898201   		.uleb128 0x4109
 961 0117 01       		.byte	0x1
 962 0118 11       		.uleb128 0x11
 963 0119 01       		.uleb128 0x1
ARM GAS  C:\Users\Kyle\AppData\Local\Temp\ccLES1UM.s 			page 23


 964 011a 31       		.uleb128 0x31
 965 011b 13       		.uleb128 0x13
 966 011c 00       		.byte	0
 967 011d 00       		.byte	0
 968 011e 15       		.uleb128 0x15
 969 011f 2E       		.uleb128 0x2e
 970 0120 01       		.byte	0x1
 971 0121 3F       		.uleb128 0x3f
 972 0122 19       		.uleb128 0x19
 973 0123 03       		.uleb128 0x3
 974 0124 0E       		.uleb128 0xe
 975 0125 3A       		.uleb128 0x3a
 976 0126 0B       		.uleb128 0xb
 977 0127 3B       		.uleb128 0x3b
 978 0128 0B       		.uleb128 0xb
 979 0129 27       		.uleb128 0x27
 980 012a 19       		.uleb128 0x19
 981 012b 49       		.uleb128 0x49
 982 012c 13       		.uleb128 0x13
 983 012d 3C       		.uleb128 0x3c
 984 012e 19       		.uleb128 0x19
 985 012f 01       		.uleb128 0x1
 986 0130 13       		.uleb128 0x13
 987 0131 00       		.byte	0
 988 0132 00       		.byte	0
 989 0133 16       		.uleb128 0x16
 990 0134 05       		.uleb128 0x5
 991 0135 00       		.byte	0
 992 0136 49       		.uleb128 0x49
 993 0137 13       		.uleb128 0x13
 994 0138 00       		.byte	0
 995 0139 00       		.byte	0
 996 013a 17       		.uleb128 0x17
 997 013b 0F       		.uleb128 0xf
 998 013c 00       		.byte	0
 999 013d 0B       		.uleb128 0xb
 1000 013e 0B       		.uleb128 0xb
 1001 013f 49       		.uleb128 0x49
 1002 0140 13       		.uleb128 0x13
 1003 0141 00       		.byte	0
 1004 0142 00       		.byte	0
 1005 0143 18       		.uleb128 0x18
 1006 0144 2E       		.uleb128 0x2e
 1007 0145 00       		.byte	0
 1008 0146 3F       		.uleb128 0x3f
 1009 0147 19       		.uleb128 0x19
 1010 0148 03       		.uleb128 0x3
 1011 0149 0E       		.uleb128 0xe
 1012 014a 3A       		.uleb128 0x3a
 1013 014b 0B       		.uleb128 0xb
 1014 014c 3B       		.uleb128 0x3b
 1015 014d 0B       		.uleb128 0xb
 1016 014e 27       		.uleb128 0x27
 1017 014f 19       		.uleb128 0x19
 1018 0150 3C       		.uleb128 0x3c
 1019 0151 19       		.uleb128 0x19
 1020 0152 00       		.byte	0
ARM GAS  C:\Users\Kyle\AppData\Local\Temp\ccLES1UM.s 			page 24


 1021 0153 00       		.byte	0
 1022 0154 00       		.byte	0
 1023              		.section	.debug_loc,"",%progbits
 1024              	.Ldebug_loc0:
 1025              	.LLST0:
 1026 0000 00000000 		.4byte	.LVL0
 1027 0004 2C000000 		.4byte	.LVL9
 1028 0008 0100     		.2byte	0x1
 1029 000a 50       		.byte	0x50
 1030 000b 2C000000 		.4byte	.LVL9
 1031 000f 3E000000 		.4byte	.LFE3
 1032 0013 0400     		.2byte	0x4
 1033 0015 F3       		.byte	0xf3
 1034 0016 01       		.uleb128 0x1
 1035 0017 50       		.byte	0x50
 1036 0018 9F       		.byte	0x9f
 1037 0019 00000000 		.4byte	0
 1038 001d 00000000 		.4byte	0
 1039              	.LLST1:
 1040 0021 00000000 		.4byte	.LVL0
 1041 0025 0E000000 		.4byte	.LVL3
 1042 0029 0100     		.2byte	0x1
 1043 002b 51       		.byte	0x51
 1044 002c 0E000000 		.4byte	.LVL3
 1045 0030 3E000000 		.4byte	.LFE3
 1046 0034 0400     		.2byte	0x4
 1047 0036 F3       		.byte	0xf3
 1048 0037 01       		.uleb128 0x1
 1049 0038 51       		.byte	0x51
 1050 0039 9F       		.byte	0x9f
 1051 003a 00000000 		.4byte	0
 1052 003e 00000000 		.4byte	0
 1053              	.LLST2:
 1054 0042 06000000 		.4byte	.LVL1
 1055 0046 34000000 		.4byte	.LVL11
 1056 004a 0200     		.2byte	0x2
 1057 004c 30       		.byte	0x30
 1058 004d 9F       		.byte	0x9f
 1059 004e 34000000 		.4byte	.LVL11
 1060 0052 37000000 		.4byte	.LVL12-1
 1061 0056 0100     		.2byte	0x1
 1062 0058 50       		.byte	0x50
 1063 0059 37000000 		.4byte	.LVL12-1
 1064 005d 3E000000 		.4byte	.LFE3
 1065 0061 0100     		.2byte	0x1
 1066 0063 54       		.byte	0x54
 1067 0064 00000000 		.4byte	0
 1068 0068 00000000 		.4byte	0
 1069              	.LLST3:
 1070 006c 06000000 		.4byte	.LVL1
 1071 0070 2C000000 		.4byte	.LVL9
 1072 0074 0100     		.2byte	0x1
 1073 0076 50       		.byte	0x50
 1074 0077 2C000000 		.4byte	.LVL9
 1075 007b 3E000000 		.4byte	.LFE3
 1076 007f 0400     		.2byte	0x4
 1077 0081 F3       		.byte	0xf3
ARM GAS  C:\Users\Kyle\AppData\Local\Temp\ccLES1UM.s 			page 25


 1078 0082 01       		.uleb128 0x1
 1079 0083 50       		.byte	0x50
 1080 0084 9F       		.byte	0x9f
 1081 0085 00000000 		.4byte	0
 1082 0089 00000000 		.4byte	0
 1083              	.LLST4:
 1084 008d 0E000000 		.4byte	.LVL3
 1085 0091 31000000 		.4byte	.LVL10-1
 1086 0095 0100     		.2byte	0x1
 1087 0097 51       		.byte	0x51
 1088 0098 31000000 		.4byte	.LVL10-1
 1089 009c 3E000000 		.4byte	.LFE3
 1090 00a0 0A00     		.2byte	0xa
 1091 00a2 F3       		.byte	0xf3
 1092 00a3 01       		.uleb128 0x1
 1093 00a4 50       		.byte	0x50
 1094 00a5 09       		.byte	0x9
 1095 00a6 F4       		.byte	0xf4
 1096 00a7 24       		.byte	0x24
 1097 00a8 09       		.byte	0x9
 1098 00a9 FC       		.byte	0xfc
 1099 00aa 25       		.byte	0x25
 1100 00ab 9F       		.byte	0x9f
 1101 00ac 00000000 		.4byte	0
 1102 00b0 00000000 		.4byte	0
 1103              	.LLST5:
 1104 00b4 12000000 		.4byte	.LVL4
 1105 00b8 34000000 		.4byte	.LVL11
 1106 00bc 0100     		.2byte	0x1
 1107 00be 54       		.byte	0x54
 1108 00bf 34000000 		.4byte	.LVL11
 1109 00c3 3E000000 		.4byte	.LFE3
 1110 00c7 0800     		.2byte	0x8
 1111 00c9 F3       		.byte	0xf3
 1112 00ca 01       		.uleb128 0x1
 1113 00cb 50       		.byte	0x50
 1114 00cc 0B       		.byte	0xb
 1115 00cd 00FF     		.2byte	0xff00
 1116 00cf 1A       		.byte	0x1a
 1117 00d0 9F       		.byte	0x9f
 1118 00d1 00000000 		.4byte	0
 1119 00d5 00000000 		.4byte	0
 1120              	.LLST6:
 1121 00d9 12000000 		.4byte	.LVL4
 1122 00dd 16000000 		.4byte	.LVL5
 1123 00e1 0200     		.2byte	0x2
 1124 00e3 30       		.byte	0x30
 1125 00e4 9F       		.byte	0x9f
 1126 00e5 16000000 		.4byte	.LVL5
 1127 00e9 1E000000 		.4byte	.LVL6
 1128 00ed 0100     		.2byte	0x1
 1129 00ef 53       		.byte	0x53
 1130 00f0 20000000 		.4byte	.LVL7
 1131 00f4 26000000 		.4byte	.LVL8
 1132 00f8 0100     		.2byte	0x1
 1133 00fa 53       		.byte	0x53
 1134 00fb 00000000 		.4byte	0
ARM GAS  C:\Users\Kyle\AppData\Local\Temp\ccLES1UM.s 			page 26


 1135 00ff 00000000 		.4byte	0
 1136              	.LLST7:
 1137 0103 00000000 		.4byte	.LVL14
 1138 0107 16000000 		.4byte	.LVL15
 1139 010b 0200     		.2byte	0x2
 1140 010d 32       		.byte	0x32
 1141 010e 9F       		.byte	0x9f
 1142 010f 16000000 		.4byte	.LVL15
 1143 0113 20000000 		.4byte	.LFE1
 1144 0117 0100     		.2byte	0x1
 1145 0119 50       		.byte	0x50
 1146 011a 00000000 		.4byte	0
 1147 011e 00000000 		.4byte	0
 1148              	.LLST8:
 1149 0122 00000000 		.4byte	.LVL16
 1150 0126 1E000000 		.4byte	.LVL18
 1151 012a 0100     		.2byte	0x1
 1152 012c 50       		.byte	0x50
 1153 012d 1E000000 		.4byte	.LVL18
 1154 0131 42000000 		.4byte	.LVL23
 1155 0135 0400     		.2byte	0x4
 1156 0137 F3       		.byte	0xf3
 1157 0138 01       		.uleb128 0x1
 1158 0139 50       		.byte	0x50
 1159 013a 9F       		.byte	0x9f
 1160 013b 42000000 		.4byte	.LVL23
 1161 013f 48000000 		.4byte	.LVL24
 1162 0143 0100     		.2byte	0x1
 1163 0145 50       		.byte	0x50
 1164 0146 48000000 		.4byte	.LVL24
 1165 014a 4C000000 		.4byte	.LFE2
 1166 014e 0400     		.2byte	0x4
 1167 0150 F3       		.byte	0xf3
 1168 0151 01       		.uleb128 0x1
 1169 0152 50       		.byte	0x50
 1170 0153 9F       		.byte	0x9f
 1171 0154 00000000 		.4byte	0
 1172 0158 00000000 		.4byte	0
 1173              	.LLST9:
 1174 015c 02000000 		.4byte	.LVL17
 1175 0160 1E000000 		.4byte	.LVL18
 1176 0164 0200     		.2byte	0x2
 1177 0166 30       		.byte	0x30
 1178 0167 9F       		.byte	0x9f
 1179 0168 1E000000 		.4byte	.LVL18
 1180 016c 42000000 		.4byte	.LVL23
 1181 0170 0100     		.2byte	0x1
 1182 0172 56       		.byte	0x56
 1183 0173 42000000 		.4byte	.LVL23
 1184 0177 48000000 		.4byte	.LVL24
 1185 017b 0200     		.2byte	0x2
 1186 017d 30       		.byte	0x30
 1187 017e 9F       		.byte	0x9f
 1188 017f 48000000 		.4byte	.LVL24
 1189 0183 4C000000 		.4byte	.LFE2
 1190 0187 0100     		.2byte	0x1
 1191 0189 56       		.byte	0x56
ARM GAS  C:\Users\Kyle\AppData\Local\Temp\ccLES1UM.s 			page 27


 1192 018a 00000000 		.4byte	0
 1193 018e 00000000 		.4byte	0
 1194              	.LLST10:
 1195 0192 1E000000 		.4byte	.LVL18
 1196 0196 3A000000 		.4byte	.LVL21
 1197 019a 0100     		.2byte	0x1
 1198 019c 54       		.byte	0x54
 1199 019d 3C000000 		.4byte	.LVL22
 1200 01a1 42000000 		.4byte	.LVL23
 1201 01a5 0100     		.2byte	0x1
 1202 01a7 54       		.byte	0x54
 1203 01a8 00000000 		.4byte	0
 1204 01ac 00000000 		.4byte	0
 1205              	.LLST11:
 1206 01b0 00000000 		.4byte	.LVL25
 1207 01b4 2C000000 		.4byte	.LVL34
 1208 01b8 0100     		.2byte	0x1
 1209 01ba 50       		.byte	0x50
 1210 01bb 2C000000 		.4byte	.LVL34
 1211 01bf 3A000000 		.4byte	.LFE4
 1212 01c3 0400     		.2byte	0x4
 1213 01c5 F3       		.byte	0xf3
 1214 01c6 01       		.uleb128 0x1
 1215 01c7 50       		.byte	0x50
 1216 01c8 9F       		.byte	0x9f
 1217 01c9 00000000 		.4byte	0
 1218 01cd 00000000 		.4byte	0
 1219              	.LLST12:
 1220 01d1 00000000 		.4byte	.LVL25
 1221 01d5 0E000000 		.4byte	.LVL28
 1222 01d9 0100     		.2byte	0x1
 1223 01db 51       		.byte	0x51
 1224 01dc 0E000000 		.4byte	.LVL28
 1225 01e0 3A000000 		.4byte	.LFE4
 1226 01e4 0400     		.2byte	0x4
 1227 01e6 F3       		.byte	0xf3
 1228 01e7 01       		.uleb128 0x1
 1229 01e8 51       		.byte	0x51
 1230 01e9 9F       		.byte	0x9f
 1231 01ea 00000000 		.4byte	0
 1232 01ee 00000000 		.4byte	0
 1233              	.LLST13:
 1234 01f2 06000000 		.4byte	.LVL26
 1235 01f6 2C000000 		.4byte	.LVL34
 1236 01fa 0100     		.2byte	0x1
 1237 01fc 50       		.byte	0x50
 1238 01fd 2C000000 		.4byte	.LVL34
 1239 0201 3A000000 		.4byte	.LFE4
 1240 0205 0400     		.2byte	0x4
 1241 0207 F3       		.byte	0xf3
 1242 0208 01       		.uleb128 0x1
 1243 0209 50       		.byte	0x50
 1244 020a 9F       		.byte	0x9f
 1245 020b 00000000 		.4byte	0
 1246 020f 00000000 		.4byte	0
 1247              	.LLST14:
 1248 0213 0E000000 		.4byte	.LVL28
ARM GAS  C:\Users\Kyle\AppData\Local\Temp\ccLES1UM.s 			page 28


 1249 0217 31000000 		.4byte	.LVL35-1
 1250 021b 0100     		.2byte	0x1
 1251 021d 51       		.byte	0x51
 1252 021e 31000000 		.4byte	.LVL35-1
 1253 0222 3A000000 		.4byte	.LFE4
 1254 0226 0A00     		.2byte	0xa
 1255 0228 F3       		.byte	0xf3
 1256 0229 01       		.uleb128 0x1
 1257 022a 50       		.byte	0x50
 1258 022b 09       		.byte	0x9
 1259 022c F4       		.byte	0xf4
 1260 022d 24       		.byte	0x24
 1261 022e 09       		.byte	0x9
 1262 022f FC       		.byte	0xfc
 1263 0230 25       		.byte	0x25
 1264 0231 9F       		.byte	0x9f
 1265 0232 00000000 		.4byte	0
 1266 0236 00000000 		.4byte	0
 1267              	.LLST15:
 1268 023a 12000000 		.4byte	.LVL29
 1269 023e 16000000 		.4byte	.LVL30
 1270 0242 0200     		.2byte	0x2
 1271 0244 30       		.byte	0x30
 1272 0245 9F       		.byte	0x9f
 1273 0246 16000000 		.4byte	.LVL30
 1274 024a 1E000000 		.4byte	.LVL31
 1275 024e 0100     		.2byte	0x1
 1276 0250 53       		.byte	0x53
 1277 0251 20000000 		.4byte	.LVL32
 1278 0255 26000000 		.4byte	.LVL33
 1279 0259 0100     		.2byte	0x1
 1280 025b 53       		.byte	0x53
 1281 025c 00000000 		.4byte	0
 1282 0260 00000000 		.4byte	0
 1283              		.section	.debug_aranges,"",%progbits
 1284 0000 3C000000 		.4byte	0x3c
 1285 0004 0200     		.2byte	0x2
 1286 0006 00000000 		.4byte	.Ldebug_info0
 1287 000a 04       		.byte	0x4
 1288 000b 00       		.byte	0
 1289 000c 0000     		.2byte	0
 1290 000e 0000     		.2byte	0
 1291 0010 00000000 		.4byte	.LFB3
 1292 0014 3E000000 		.4byte	.LFE3-.LFB3
 1293 0018 00000000 		.4byte	.LFB0
 1294 001c 14000000 		.4byte	.LFE0-.LFB0
 1295 0020 00000000 		.4byte	.LFB1
 1296 0024 20000000 		.4byte	.LFE1-.LFB1
 1297 0028 00000000 		.4byte	.LFB2
 1298 002c 4C000000 		.4byte	.LFE2-.LFB2
 1299 0030 00000000 		.4byte	.LFB4
 1300 0034 3A000000 		.4byte	.LFE4-.LFB4
 1301 0038 00000000 		.4byte	0
 1302 003c 00000000 		.4byte	0
 1303              		.section	.debug_ranges,"",%progbits
 1304              	.Ldebug_ranges0:
 1305 0000 00000000 		.4byte	.LFB3
ARM GAS  C:\Users\Kyle\AppData\Local\Temp\ccLES1UM.s 			page 29


 1306 0004 3E000000 		.4byte	.LFE3
 1307 0008 00000000 		.4byte	.LFB0
 1308 000c 14000000 		.4byte	.LFE0
 1309 0010 00000000 		.4byte	.LFB1
 1310 0014 20000000 		.4byte	.LFE1
 1311 0018 00000000 		.4byte	.LFB2
 1312 001c 4C000000 		.4byte	.LFE2
 1313 0020 00000000 		.4byte	.LFB4
 1314 0024 3A000000 		.4byte	.LFE4
 1315 0028 00000000 		.4byte	0
 1316 002c 00000000 		.4byte	0
 1317              		.section	.debug_line,"",%progbits
 1318              	.Ldebug_line0:
 1319 0000 14010000 		.section	.debug_str,"MS",%progbits,1
 1319      02006300 
 1319      00000201 
 1319      FB0E0D00 
 1319      01010101 
 1320              	.LASF15:
 1321 0000 63797374 		.ascii	"cystatus\000"
 1321      61747573 
 1321      00
 1322              	.LASF24:
 1323 0009 726F774E 		.ascii	"rowNum\000"
 1323      756D00
 1324              	.LASF3:
 1325 0010 73686F72 		.ascii	"short unsigned int\000"
 1325      7420756E 
 1325      7369676E 
 1325      65642069 
 1325      6E7400
 1326              	.LASF37:
 1327 0023 426F6F74 		.ascii	"Bootloadable_WriteFlashByte\000"
 1327      6C6F6164 
 1327      61626C65 
 1327      5F577269 
 1327      7465466C 
 1328              	.LASF12:
 1329 003f 666C6F61 		.ascii	"float\000"
 1329      7400
 1330              	.LASF7:
 1331 0045 6C6F6E67 		.ascii	"long long unsigned int\000"
 1331      206C6F6E 
 1331      6720756E 
 1331      7369676E 
 1331      65642069 
 1332              	.LASF1:
 1333 005c 756E7369 		.ascii	"unsigned char\000"
 1333      676E6564 
 1333      20636861 
 1333      7200
 1334              	.LASF22:
 1335 006a 726F7744 		.ascii	"rowData\000"
 1335      61746100 
 1336              	.LASF16:
 1337 0072 72656738 		.ascii	"reg8\000"
 1337      00
ARM GAS  C:\Users\Kyle\AppData\Local\Temp\ccLES1UM.s 			page 30


 1338              	.LASF5:
 1339 0077 6C6F6E67 		.ascii	"long unsigned int\000"
 1339      20756E73 
 1339      69676E65 
 1339      6420696E 
 1339      7400
 1340              	.LASF9:
 1341 0089 75696E74 		.ascii	"uint8\000"
 1341      3800
 1342              	.LASF23:
 1343 008f 61727261 		.ascii	"arrayId\000"
 1343      79496400 
 1344              	.LASF29:
 1345 0097 426F6F74 		.ascii	"Bootloadable_Load\000"
 1345      6C6F6164 
 1345      61626C65 
 1345      5F4C6F61 
 1345      6400
 1346              	.LASF13:
 1347 00a9 646F7562 		.ascii	"double\000"
 1347      6C6500
 1348              	.LASF27:
 1349 00b0 426F6F74 		.ascii	"Bootloadable_SetActiveApplication\000"
 1349      6C6F6164 
 1349      61626C65 
 1349      5F536574 
 1349      41637469 
 1350              	.LASF21:
 1351 00d2 666C7341 		.ascii	"flsAddr\000"
 1351      64647200 
 1352              	.LASF10:
 1353 00da 75696E74 		.ascii	"uint16\000"
 1353      313600
 1354              	.LASF11:
 1355 00e1 75696E74 		.ascii	"uint32\000"
 1355      333200
 1356              	.LASF34:
 1357 00e8 474E5520 		.ascii	"GNU C 4.9.3 20150303 (release) [ARM/embedded-4_9-br"
 1357      4320342E 
 1357      392E3320 
 1357      32303135 
 1357      30333033 
 1358 011b 616E6368 		.ascii	"anch revision 221220] -mcpu=cortex-m3 -mthumb -g -O"
 1358      20726576 
 1358      6973696F 
 1358      6E203232 
 1358      31323230 
 1359 014e 67202D66 		.ascii	"g -ffunction-sections -ffat-lto-objects\000"
 1359      66756E63 
 1359      74696F6E 
 1359      2D736563 
 1359      74696F6E 
 1360              	.LASF8:
 1361 0176 756E7369 		.ascii	"unsigned int\000"
 1361      676E6564 
 1361      20696E74 
 1361      00
ARM GAS  C:\Users\Kyle\AppData\Local\Temp\ccLES1UM.s 			page 31


 1362              	.LASF18:
 1363 0183 61646472 		.ascii	"address\000"
 1363      65737300 
 1364              	.LASF26:
 1365 018b 426F6F74 		.ascii	"Bootloadable_GetActiveApplication\000"
 1365      6C6F6164 
 1365      61626C65 
 1365      5F476574 
 1365      41637469 
 1366              	.LASF20:
 1367 01ad 72657375 		.ascii	"result\000"
 1367      6C7400
 1368              	.LASF31:
 1369 01b4 72756E54 		.ascii	"runType\000"
 1369      79706500 
 1370              	.LASF25:
 1371 01bc 62617365 		.ascii	"baseAddr\000"
 1371      41646472 
 1371      00
 1372              	.LASF17:
 1373 01c5 73697A65 		.ascii	"sizetype\000"
 1373      74797065 
 1373      00
 1374              	.LASF35:
 1375 01ce 2E5C4765 		.ascii	".\\Generated_Source\\PSoC5\\Bootloadable.c\000"
 1375      6E657261 
 1375      7465645F 
 1375      536F7572 
 1375      63655C50 
 1376              	.LASF6:
 1377 01f6 6C6F6E67 		.ascii	"long long int\000"
 1377      206C6F6E 
 1377      6720696E 
 1377      7400
 1378              	.LASF14:
 1379 0204 63686172 		.ascii	"char\000"
 1379      00
 1380              	.LASF36:
 1381 0209 433A5C55 		.ascii	"C:\\Users\\Kyle\\Documents\\PSoC Creator\\Workspace"
 1381      73657273 
 1381      5C4B796C 
 1381      655C446F 
 1381      63756D65 
 1382 0237 30315C4D 		.ascii	"01\\Microcontroller\\Microcontroller\\SeniorDesign."
 1382      6963726F 
 1382      636F6E74 
 1382      726F6C6C 
 1382      65725C4D 
 1383 0267 63796473 		.ascii	"cydsn\000"
 1383      6E00
 1384              	.LASF28:
 1385 026d 61707049 		.ascii	"appId\000"
 1385      6400
 1386              	.LASF30:
 1387 0273 426F6F74 		.ascii	"Bootloadable_SetFlashByte\000"
 1387      6C6F6164 
 1387      61626C65 
ARM GAS  C:\Users\Kyle\AppData\Local\Temp\ccLES1UM.s 			page 32


 1387      5F536574 
 1387      466C6173 
 1388              	.LASF2:
 1389 028d 73686F72 		.ascii	"short int\000"
 1389      7420696E 
 1389      7400
 1390              	.LASF19:
 1391 0297 696E7075 		.ascii	"inputValue\000"
 1391      7456616C 
 1391      756500
 1392              	.LASF33:
 1393 02a2 4379536F 		.ascii	"CySoftwareReset\000"
 1393      66747761 
 1393      72655265 
 1393      73657400 
 1394              	.LASF4:
 1395 02b2 6C6F6E67 		.ascii	"long int\000"
 1395      20696E74 
 1395      00
 1396              	.LASF0:
 1397 02bb 7369676E 		.ascii	"signed char\000"
 1397      65642063 
 1397      68617200 
 1398              	.LASF32:
 1399 02c7 4379466C 		.ascii	"CyFlushCache\000"
 1399      75736843 
 1399      61636865 
 1399      00
 1400              	.LASF38:
 1401 02d4 43795772 		.ascii	"CyWriteRowData\000"
 1401      69746552 
 1401      6F774461 
 1401      746100
 1402              		.ident	"GCC: (GNU Tools for ARM Embedded Processors) 4.9.3 20150303 (release) [ARM/embedded-4_9-br
