ARM GAS  C:\Users\Nick\AppData\Local\Temp\ccxbWR31.s 			page 1


   1              		.syntax unified
   2              		.cpu cortex-m3
   3              		.fpu softvfp
   4              		.eabi_attribute 20, 1
   5              		.eabi_attribute 21, 1
   6              		.eabi_attribute 23, 3
   7              		.eabi_attribute 24, 1
   8              		.eabi_attribute 25, 1
   9              		.eabi_attribute 26, 1
  10              		.eabi_attribute 30, 1
  11              		.eabi_attribute 34, 1
  12              		.eabi_attribute 18, 4
  13              		.thumb
  14              		.file	"espwifi.c"
  15              		.text
  16              	.Ltext0:
  17              		.cfi_sections	.debug_frame
  18              	.Letext0:
  19              		.section	.debug_line,"",%progbits
  20              	.Ldebug_line0:
  21              		.section	.debug_str,"MS",%progbits,1
  22              	.LASF0:
  23 0000 474E5520 		.ascii	"GNU C 4.9.3 20150303 (release) [ARM/embedded-4_9-br"
  23      4320342E 
  23      392E3320 
  23      32303135 
  23      30333033 
  24 0033 616E6368 		.ascii	"anch revision 221220] -mcpu=cortex-m3 -mthumb -g -O"
  24      20726576 
  24      6973696F 
  24      6E203232 
  24      31323230 
  25 0066 67202D73 		.ascii	"g -std=gnu99 -ffunction-sections -ffat-lto-objects\000"
  25      74643D67 
  25      6E753939 
  25      202D6666 
  25      756E6374 
  26              	.LASF1:
  27 0099 453A5C50 		.ascii	"E:\\Projects\\WiFiChessBoard\\Micro\\Bootloadable.c"
  27      726F6A65 
  27      6374735C 
  27      57694669 
  27      43686573 
  28 00c8 7964736E 		.ascii	"ydsn\000"
  28      00
  29              	.LASF2:
  30 00cd 2E5C6573 		.ascii	".\\espwifi.c\000"
  30      70776966 
  30      692E6300 
  31              		.ident	"GCC: (GNU Tools for ARM Embedded Processors) 4.9.3 20150303 (release) [ARM/embedded-4_9-br
