Archive member included because of file (symbol)

.\CortexM3\ARM_GCC_493\Debug\Bootloader.a(cyfitter_cfg.o)
                              .\CortexM3\ARM_GCC_493\Debug\Cm3Start.o (cyfitter_cfg)
.\CortexM3\ARM_GCC_493\Debug\Bootloader.a(LCD.o)
                              .\CortexM3\ARM_GCC_493\Debug\main.o (LCD_Start)
.\CortexM3\ARM_GCC_493\Debug\Bootloader.a(Esp_UART.o)
                              .\CortexM3\ARM_GCC_493\Debug\main.o (Esp_UART_Start)
.\CortexM3\ARM_GCC_493\Debug\Bootloader.a(Esp_UART_INT.o)
                              .\CortexM3\ARM_GCC_493\Debug\Bootloader.a(Esp_UART.o) (Esp_UART_RXISR)
.\CortexM3\ARM_GCC_493\Debug\Bootloader.a(Debug_UART.o)
                              .\CortexM3\ARM_GCC_493\Debug\main.o (Debug_UART_Start)
.\CortexM3\ARM_GCC_493\Debug\Bootloader.a(Debug_UART_INT.o)
                              .\CortexM3\ARM_GCC_493\Debug\Bootloader.a(Debug_UART.o) (Debug_UART_RXISR)
.\CortexM3\ARM_GCC_493\Debug\Bootloader.a(Bootloader.o)
                              .\CortexM3\ARM_GCC_493\Debug\Cm3Start.o (CyBtldr_CheckLaunch)
.\CortexM3\ARM_GCC_493\Debug\Bootloader.a(Slp_1.o)
                              .\CortexM3\ARM_GCC_493\Debug\board.o (Slp_1_Write)
.\CortexM3\ARM_GCC_493\Debug\Bootloader.a(Stp_1.o)
                              .\CortexM3\ARM_GCC_493\Debug\board.o (Stp_1_Write)
.\CortexM3\ARM_GCC_493\Debug\Bootloader.a(Dir_1.o)
                              .\CortexM3\ARM_GCC_493\Debug\board.o (Dir_1_Write)
.\CortexM3\ARM_GCC_493\Debug\Bootloader.a(Slp_2.o)
                              .\CortexM3\ARM_GCC_493\Debug\board.o (Slp_2_Write)
.\CortexM3\ARM_GCC_493\Debug\Bootloader.a(Stp_2.o)
                              .\CortexM3\ARM_GCC_493\Debug\board.o (Stp_2_Write)
.\CortexM3\ARM_GCC_493\Debug\Bootloader.a(Dir_2.o)
                              .\CortexM3\ARM_GCC_493\Debug\board.o (Dir_2_Write)
.\CortexM3\ARM_GCC_493\Debug\Bootloader.a(Lim_1.o)
                              .\CortexM3\ARM_GCC_493\Debug\main.o (Lim_1_Read)
.\CortexM3\ARM_GCC_493\Debug\Bootloader.a(Lim_2.o)
                              .\CortexM3\ARM_GCC_493\Debug\main.o (Lim_2_Read)
.\CortexM3\ARM_GCC_493\Debug\Bootloader.a(Em.o)
                              .\CortexM3\ARM_GCC_493\Debug\main.o (Em_Write)
.\CortexM3\ARM_GCC_493\Debug\Bootloader.a(Row_0.o)
                              .\CortexM3\ARM_GCC_493\Debug\board.o (Row_0_Write)
.\CortexM3\ARM_GCC_493\Debug\Bootloader.a(Col_0.o)
                              .\CortexM3\ARM_GCC_493\Debug\board.o (Col_0_Read)
.\CortexM3\ARM_GCC_493\Debug\Bootloader.a(Col_1.o)
                              .\CortexM3\ARM_GCC_493\Debug\board.o (Col_1_Read)
.\CortexM3\ARM_GCC_493\Debug\Bootloader.a(Col_2.o)
                              .\CortexM3\ARM_GCC_493\Debug\board.o (Col_2_Read)
.\CortexM3\ARM_GCC_493\Debug\Bootloader.a(Col_3.o)
                              .\CortexM3\ARM_GCC_493\Debug\board.o (Col_3_Read)
.\CortexM3\ARM_GCC_493\Debug\Bootloader.a(Col_4.o)
                              .\CortexM3\ARM_GCC_493\Debug\board.o (Col_4_Read)
.\CortexM3\ARM_GCC_493\Debug\Bootloader.a(Col_5.o)
                              .\CortexM3\ARM_GCC_493\Debug\board.o (Col_5_Read)
.\CortexM3\ARM_GCC_493\Debug\Bootloader.a(Col_6.o)
                              .\CortexM3\ARM_GCC_493\Debug\board.o (Col_6_Read)
.\CortexM3\ARM_GCC_493\Debug\Bootloader.a(Col_7.o)
                              .\CortexM3\ARM_GCC_493\Debug\board.o (Col_7_Read)
.\CortexM3\ARM_GCC_493\Debug\Bootloader.a(Col_8.o)
                              .\CortexM3\ARM_GCC_493\Debug\board.o (Col_8_Read)
.\CortexM3\ARM_GCC_493\Debug\Bootloader.a(Col_9.o)
                              .\CortexM3\ARM_GCC_493\Debug\board.o (Col_9_Read)
.\CortexM3\ARM_GCC_493\Debug\Bootloader.a(Col_10.o)
                              .\CortexM3\ARM_GCC_493\Debug\board.o (Col_10_Read)
.\CortexM3\ARM_GCC_493\Debug\Bootloader.a(Col_11.o)
                              .\CortexM3\ARM_GCC_493\Debug\board.o (Col_11_Read)
.\CortexM3\ARM_GCC_493\Debug\Bootloader.a(Row_1.o)
                              .\CortexM3\ARM_GCC_493\Debug\board.o (Row_1_Write)
.\CortexM3\ARM_GCC_493\Debug\Bootloader.a(Row_2.o)
                              .\CortexM3\ARM_GCC_493\Debug\board.o (Row_2_Write)
.\CortexM3\ARM_GCC_493\Debug\Bootloader.a(Row_3.o)
                              .\CortexM3\ARM_GCC_493\Debug\board.o (Row_3_Write)
.\CortexM3\ARM_GCC_493\Debug\Bootloader.a(Row_4.o)
                              .\CortexM3\ARM_GCC_493\Debug\board.o (Row_4_Write)
.\CortexM3\ARM_GCC_493\Debug\Bootloader.a(Row_5.o)
                              .\CortexM3\ARM_GCC_493\Debug\board.o (Row_5_Write)
.\CortexM3\ARM_GCC_493\Debug\Bootloader.a(Row_6.o)
                              .\CortexM3\ARM_GCC_493\Debug\board.o (Row_6_Write)
.\CortexM3\ARM_GCC_493\Debug\Bootloader.a(Row_7.o)
                              .\CortexM3\ARM_GCC_493\Debug\board.o (Row_7_Write)
.\CortexM3\ARM_GCC_493\Debug\Bootloader.a(Esp_UART_IntClock.o)
[...]
Memory Configuration

Name             Origin             Length             Attributes
rom              0x00000000         0x00040000         xr
ram              0x1fff8000         0x00010000         xrw
*default*        0x00000000         0xffffffff

Linker script and memory map

LOAD c:/program files (x86)/cypress/psoc creator/3.3/psoc creator/import/gnu/arm/4.9.3/bin/../lib/gcc/arm-none-eabi/4.9.3/armv7-m/crti.o
LOAD c:/program files (x86)/cypress/psoc creator/3.3/psoc creator/import/gnu/arm/4.9.3/bin/../lib/gcc/arm-none-eabi/4.9.3/armv7-m/crtbegin.o
LOAD c:/program files (x86)/cypress/psoc creator/3.3/psoc creator/import/gnu/arm/4.9.3/bin/../lib/gcc/arm-none-eabi/4.9.3/../../../../arm-none-eabi/lib/armv7-m/crt0.o
START GROUP
LOAD .\CortexM3\ARM_GCC_493\Debug\main.o
LOAD .\CortexM3\ARM_GCC_493\Debug\board.o
LOAD .\CortexM3\ARM_GCC_493\Debug\espwifi.o
LOAD .\CortexM3\ARM_GCC_493\Debug\cymetadata.o
LOAD .\CortexM3\ARM_GCC_493\Debug\Cm3Start.o
LOAD .\CortexM3\ARM_GCC_493\Debug\Bootloader.a
LOAD C:\Program Files (x86)\Cypress\PSoC Creator\3.3\PSoC Creator\psoc\content\cycomponentlibrary\CyComponentLibrary.cylib\CortexM3\ARM_GCC_493\Debug\CyComponentLibrary.a
END GROUP
START GROUP
LOAD c:/program files (x86)/cypress/psoc creator/3.3/psoc creator/import/gnu/arm/4.9.3/bin/../lib/gcc/arm-none-eabi/4.9.3/armv7-m\libgcc.a
LOAD c:/program files (x86)/cypress/psoc creator/3.3/psoc creator/import/gnu/arm/4.9.3/bin/../lib/gcc/arm-none-eabi/4.9.3/../../../../arm-none-eabi/lib/armv7-m\libg_nano.a
LOAD c:/program files (x86)/cypress/psoc creator/3.3/psoc creator/import/gnu/arm/4.9.3/bin/../lib/gcc/arm-none-eabi/4.9.3/../../../../arm-none-eabi/lib/armv7-m\libc_nano.a
END GROUP
START GROUP
LOAD c:/program files (x86)/cypress/psoc creator/3.3/psoc creator/import/gnu/arm/4.9.3/bin/../lib/gcc/arm-none-eabi/4.9.3/armv7-m\libgcc.a
LOAD c:/program files (x86)/cypress/psoc creator/3.3/psoc creator/import/gnu/arm/4.9.3/bin/../lib/gcc/arm-none-eabi/4.9.3/../../../../arm-none-eabi/lib/armv7-m\libc_nano.a
END GROUP
LOAD c:/program files (x86)/cypress/psoc creator/3.3/psoc creator/import/gnu/arm/4.9.3/bin/../lib/gcc/arm-none-eabi/4.9.3/armv7-m/crtend.o
LOAD c:/program files (x86)/cypress/psoc creator/3.3/psoc creator/import/gnu/arm/4.9.3/bin/../lib/gcc/arm-none-eabi/4.9.3/armv7-m/crtn.o
START GROUP
LOAD c:/program files (x86)/cypress/psoc creator/3.3/psoc creator/import/gnu/arm/4.9.3/bin/../lib/gcc/arm-none-eabi/4.9.3/armv7-m\libgcc.a
LOAD c:/program files (x86)/cypress/psoc creator/3.3/psoc creator/import/gnu/arm/4.9.3/bin/../lib/gcc/arm-none-eabi/4.9.3/../../../../arm-none-eabi/lib/armv7-m\libc.a
LOAD c:/program files (x86)/cypress/psoc creator/3.3/psoc creator/import/gnu/arm/4.9.3/bin/../lib/gcc/arm-none-eabi/4.9.3/../../../../arm-none-eabi/lib/armv7-m\libnosys.a
END GROUP
                0x00000000                CY_APPL_ORIGIN = 0x0
                0x00000100                CY_FLASH_ROW_SIZE = 0x100
                0x00000020                CY_ECC_ROW_SIZE = 0x20
                0x00000000                CY_EE_IN_BTLDR = 0x0
                0x00000000                CY_APPL_LOADABLE = 0x0
                0x00000800                CY_EE_SIZE = 0x800
                0x00000001                CY_APPL_NUM = 0x1
                0x00000001                CY_APPL_MAX = 0x1
                0x00000040                CY_METADATA_SIZE = 0x40
                0x00000000                CY_APPL_LOADABLE = 0x0
                0x00000000                CY_CHECKSUM_EXCLUDE_SIZE = ALIGN (0x0, CY_FLASH_ROW_SIZE)
                0x1fff8268                PROVIDE (__cy_heap_start, _end)
                0x00000001                PROVIDE (__cy_region_num, ((__cy_regions_end - __cy_regions) / 0x10))
                0x20008000                PROVIDE (__cy_stack, (ORIGIN (ram) + 0x10000))
                0x20007800                PROVIDE (__cy_heap_end, (__cy_stack - 0x800))

.cybootloader   0x00000000        0x0
 *(.cybootloader)
                0x00000000                appl1_start = CY_APPL_ORIGIN?CY_APPL_ORIGIN:ALIGN (CY_FLASH_ROW_SIZE)
                0x0001ff00                appl2_start = (appl1_start + ALIGN ((((0x40000 - appl1_start) - (0x2 * CY_FLASH_ROW_SIZE)) / 0x2), CY_FLASH_ROW_SIZE))
                0x00000000                appl_start = (CY_APPL_NUM == 0x1)?appl1_start:appl2_start
                0x00000000                ecc_offset = ((appl_start / CY_FLASH_ROW_SIZE) * CY_ECC_ROW_SIZE)
                0x00000000                ee_offset = (CY_APPL_LOADABLE && ! (CY_EE_IN_BTLDR))?((CY_EE_SIZE / CY_APPL_MAX) * (CY_APPL_NUM - 0x1)):0x0
                0x00000800                ee_size = (CY_APPL_LOADABLE && ! (CY_EE_IN_BTLDR))?(CY_EE_SIZE / CY_APPL_MAX):CY_EE_SIZE
                0x00000000                PROVIDE (CY_ECC_OFFSET, ecc_offset)

.text           0x00000000     0x1b88
 CREATE_OBJECT_SYMBOLS
                0x00000000                PROVIDE (__cy_interrupt_vector, RomVectors)
 *(.romvectors)
 .romvectors    0x00000000       0x10 .\CortexM3\ARM_GCC_493\Debug\Cm3Start.o
                0x00000000                RomVectors
                0x00000001                ASSERT ((. != __cy_interrupt_vector), No interrupt vector)
                0x00000001                ASSERT (CY_APPL_ORIGIN?(SIZEOF (.cybootloader) <= CY_APPL_ORIGIN):0x1, Wrong image location)
                0x00000010                PROVIDE (__cy_reset, Reset)
 *(.text.Reset)
 .text.Reset    0x00000010       0x1c .\CortexM3\ARM_GCC_493\Debug\Cm3Start.o
                0x00000010                Reset
                0x00000001                ASSERT ((. != __cy_reset), No reset code)
 *(.dma_init)
                0x00000001                ASSERT ((((appl_start + .) <= 0x10000) || 0x1), DMA Init must be within the first 64k of flash)
 *(.text .text.* .gnu.linkonce.t.*)
 .text          0x0000002c       0x5c c:/program files (x86)/cypress/psoc creator/3.3/psoc creator/import/gnu/arm/4.9.3/bin/../lib/gcc/arm-none-eabi/4.9.3/armv7-m/crtbegin.o
 .text.init     0x00000088       0x20 .\CortexM3\ARM_GCC_493\Debug\main.o
                0x00000088                init
 .text.main     0x000000a8       0x44 .\CortexM3\ARM_GCC_493\Debug\main.o
                0x000000a8                main
 .text.IntDefaultHandler
                0x000000ec        0x4 .\CortexM3\ARM_GCC_493\Debug\Cm3Start.o
                0x000000ec                IntDefaultHandler
 .text.Start_c  0x000000f0       0x4c .\CortexM3\ARM_GCC_493\Debug\Cm3Start.o
                0x000000f0                Start_c
 .text.initialize_psoc
                0x0000013c       0x74 .\CortexM3\ARM_GCC_493\Debug\Cm3Start.o
                0x0000013c                initialize_psoc
 .text.CyClockStartupError
                0x000001b0        0x4 .\CortexM3\ARM_GCC_493\Debug\Bootloader.a(cyfitter_cfg.o)
 .text.cfg_write_bytes32
                0x000001b4       0x34 .\CortexM3\ARM_GCC_493\Debug\Bootloader.a(cyfitter_cfg.o)
 .text.AnalogSetDefault
                0x000001e8       0x28 .\CortexM3\ARM_GCC_493\Debug\Bootloader.a(cyfitter_cfg.o)
 .text.CYMEMZERO
                0x00000210        0xc .\CortexM3\ARM_GCC_493\Debug\Bootloader.a(cyfitter_cfg.o)
 .text.CYCONFIGCPYCODE
                0x0000021c        0x8 .\CortexM3\ARM_GCC_493\Debug\Bootloader.a(cyfitter_cfg.o)
 .text.CYCONFIGCPY
                0x00000224        0x8 .\CortexM3\ARM_GCC_493\Debug\Bootloader.a(cyfitter_cfg.o)
 .text.ClockSetup
                0x0000022c       0xcc .\CortexM3\ARM_GCC_493\Debug\Bootloader.a(cyfitter_cfg.o)
 .text.cyfitter_cfg
                0x000002f8      0x160 .\CortexM3\ARM_GCC_493\Debug\Bootloader.a(cyfitter_cfg.o)
                0x000002f8                cyfitter_cfg
 .text.LCD_WrCntrlNib
                0x00000458       0x34 .\CortexM3\ARM_GCC_493\Debug\Bootloader.a(LCD.o)
 .text.LCD_IsReady
                0x0000048c       0xe4 .\CortexM3\ARM_GCC_493\Debug\Bootloader.a(LCD.o)
                0x0000048c                LCD_IsReady
 .text.LCD_WriteControl
                0x00000570       0x18 .\CortexM3\ARM_GCC_493\Debug\Bootloader.a(LCD.o)
                0x00000570                LCD_WriteControl
 .text.LCD_Init
                0x00000588       0x6c .\CortexM3\ARM_GCC_493\Debug\Bootloader.a(LCD.o)
                0x00000588                LCD_Init
 .text.LCD_Enable
                0x000005f4       0x14 .\CortexM3\ARM_GCC_493\Debug\Bootloader.a(LCD.o)
                0x000005f4                LCD_Enable
 .text.LCD_Start
                0x00000608       0x1c .\CortexM3\ARM_GCC_493\Debug\Bootloader.a(LCD.o)
                0x00000608                LCD_Start
 .text.Esp_UART_Init
                0x00000624       0x5c .\CortexM3\ARM_GCC_493\Debug\Bootloader.a(Esp_UART.o)
                0x00000624                Esp_UART_Init
 .text.Esp_UART_Enable
                0x00000680       0x50 .\CortexM3\ARM_GCC_493\Debug\Bootloader.a(Esp_UART.o)
                0x00000680                Esp_UART_Enable
 .text.Esp_UART_Start
                0x000006d0       0x1c .\CortexM3\ARM_GCC_493\Debug\Bootloader.a(Esp_UART.o)
                0x000006d0                Esp_UART_Start
 .text.Esp_UART_GetChar
                0x000006ec       0x80 .\CortexM3\ARM_GCC_493\Debug\Bootloader.a(Esp_UART.o)
                0x000006ec                Esp_UART_GetChar
 .text.Esp_UART_GetRxBufferSize
                0x0000076c       0x5c .\CortexM3\ARM_GCC_493\Debug\Bootloader.a(Esp_UART.o)
                0x0000076c                Esp_UART_GetRxBufferSize
 .text.Esp_UART_PutChar
                0x000007c8       0x70 .\CortexM3\ARM_GCC_493\Debug\Bootloader.a(Esp_UART.o)
                0x000007c8                Esp_UART_PutChar
 .text.Esp_UART_PutString
                0x00000838       0x24 .\CortexM3\ARM_GCC_493\Debug\Bootloader.a(Esp_UART.o)
                0x00000838                Esp_UART_PutString
 .text.Esp_UART_RXISR
                0x0000085c       0x94 .\CortexM3\ARM_GCC_493\Debug\Bootloader.a(Esp_UART_INT.o)
                0x0000085c                Esp_UART_RXISR
 .text.Esp_UART_TXISR
                0x000008f0       0x58 .\CortexM3\ARM_GCC_493\Debug\Bootloader.a(Esp_UART_INT.o)
                0x000008f0                Esp_UART_TXISR
 .text.Debug_UART_Init
                0x00000948       0x60 .\CortexM3\ARM_GCC_493\Debug\Bootloader.a(Debug_UART.o)
                0x00000948                Debug_UART_Init
 .text.Debug_UART_Enable
                0x000009a8       0x50 .\CortexM3\ARM_GCC_493\Debug\Bootloader.a(Debug_UART.o)
                0x000009a8                Debug_UART_Enable
 .text.Debug_UART_Start
                0x000009f8       0x1c .\CortexM3\ARM_GCC_493\Debug\Bootloader.a(Debug_UART.o)
                0x000009f8                Debug_UART_Start
 .text.Debug_UART_ReadRxData
                0x00000a14       0x64 .\CortexM3\ARM_GCC_493\Debug\Bootloader.a(Debug_UART.o)
                0x00000a14                Debug_UART_ReadRxData
 .text.Debug_UART_GetChar
                0x00000a78       0x80 .\CortexM3\ARM_GCC_493\Debug\Bootloader.a(Debug_UART.o)
                0x00000a78                Debug_UART_GetChar
 .text.Debug_UART_GetRxBufferSize
                0x00000af8       0x5c .\CortexM3\ARM_GCC_493\Debug\Bootloader.a(Debug_UART.o)
                0x00000af8                Debug_UART_GetRxBufferSize
 .text.Debug_UART_ClearRxBuffer
                0x00000b54       0x44 .\CortexM3\ARM_GCC_493\Debug\Bootloader.a(Debug_UART.o)
                0x00000b54                Debug_UART_ClearRxBuffer
 .text.Debug_UART_PutChar
                0x00000b98       0x70 .\CortexM3\ARM_GCC_493\Debug\Bootloader.a(Debug_UART.o)
                0x00000b98                Debug_UART_PutChar
 .text.Debug_UART_PutString
                0x00000c08       0x24 .\CortexM3\ARM_GCC_493\Debug\Bootloader.a(Debug_UART.o)
                0x00000c08                Debug_UART_PutString
 .text.Debug_UART_ClearTxBuffer
                0x00000c2c       0x40 .\CortexM3\ARM_GCC_493\Debug\Bootloader.a(Debug_UART.o)
                0x00000c2c                Debug_UART_ClearTxBuffer
 .text.Debug_UART_RXISR
                0x00000c6c       0x94 .\CortexM3\ARM_GCC_493\Debug\Bootloader.a(Debug_UART_INT.o)
                0x00000c6c                Debug_UART_RXISR
 .text.Debug_UART_TXISR
                0x00000d00       0x58 .\CortexM3\ARM_GCC_493\Debug\Bootloader.a(Debug_UART_INT.o)
                0x00000d00                Debug_UART_TXISR
 .text.Bootloader_CalcPacketChecksum
                0x00000d58       0x1c .\CortexM3\ARM_GCC_493\Debug\Bootloader.a(Bootloader.o)
 .text.Bootloader_LaunchBootloadable
                0x00000d74        0x4 .\CortexM3\ARM_GCC_493\Debug\Bootloader.a(Bootloader.o)
 .text.Bootloader_LaunchApplication
                0x00000d78       0x14 .\CortexM3\ARM_GCC_493\Debug\Bootloader.a(Bootloader.o)
 .text.Bootloader_WritePacket
                0x00000d8c       0x54 .\CortexM3\ARM_GCC_493\Debug\Bootloader.a(Bootloader.o)
 .text.Bootloader_Calc8BitSum
                0x00000de0       0x30 .\CortexM3\ARM_GCC_493\Debug\Bootloader.a(Bootloader.o)
                0x00000de0                Bootloader_Calc8BitSum
 .text.Bootloader_GetMetadata
                0x00000e10      0x114 .\CortexM3\ARM_GCC_493\Debug\Bootloader.a(Bootloader.o)
                0x00000e10                Bootloader_GetMetadata
 .text.CyBtldr_CheckLaunch
                0x00000f24       0x30 .\CortexM3\ARM_GCC_493\Debug\Bootloader.a(Bootloader.o)
                0x00000f24                CyBtldr_CheckLaunch
 .text.Bootloader_ValidateBootloadable
                0x00000f54       0x94 .\CortexM3\ARM_GCC_493\Debug\Bootloader.a(Bootloader.o)
                0x00000f54                Bootloader_ValidateBootloadable
 .text.Bootloader_HostLink
                0x00000fe8      0x480 .\CortexM3\ARM_GCC_493\Debug\Bootloader.a(Bootloader.o)
 .text.Bootloader_Start
                0x00001468       0x68 .\CortexM3\ARM_GCC_493\Debug\Bootloader.a(Bootloader.o)
                0x00001468                Bootloader_Start
 .text.Esp_UART_IntClock_Start
                0x000014d0       0x1c .\CortexM3\ARM_GCC_493\Debug\Bootloader.a(Esp_UART_IntClock.o)
                0x000014d0                Esp_UART_IntClock_Start
 .text.Debug_UART_IntClock_Start
                0x000014ec       0x1c .\CortexM3\ARM_GCC_493\Debug\Bootloader.a(Debug_UART_IntClock.o)
                0x000014ec                Debug_UART_IntClock_Start
 .text          0x00001508       0x20 .\CortexM3\ARM_GCC_493\Debug\Bootloader.a(CyBootAsmGnu.o)
                0x00001508                CyDelayCycles
                0x00001518                CyEnterCriticalSection
                0x00001520                CyExitCriticalSection
 .text.CyFlashGetSpcAlgorithm
                0x00001528       0x4c .\CortexM3\ARM_GCC_493\Debug\Bootloader.a(CyFlash.o)
 .text.CySetTempInt
                0x00001574       0x60 .\CortexM3\ARM_GCC_493\Debug\Bootloader.a(CyFlash.o)
 .text.CySetTemp
                0x000015d4       0x14 .\CortexM3\ARM_GCC_493\Debug\Bootloader.a(CyFlash.o)
                0x000015d4                CySetTemp
 .text.CyWriteRowFull
                0x000015e8       0xf8 .\CortexM3\ARM_GCC_493\Debug\Bootloader.a(CyFlash.o)
                0x000015e8                CyWriteRowFull
 .text.CyEEPROM_Start
                0x000016e0       0x54 .\CortexM3\ARM_GCC_493\Debug\Bootloader.a(CyFlash.o)
                0x000016e0                CyEEPROM_Start
 .text.CyHalt   0x00001734        0x4 .\CortexM3\ARM_GCC_493\Debug\Bootloader.a(CyLib.o)
                0x00001734                CyHalt
 .text.CySoftwareReset
                0x00001738       0x10 .\CortexM3\ARM_GCC_493\Debug\Bootloader.a(CyLib.o)
                0x00001738                CySoftwareReset
 .text.CyDelay  0x00001748       0x2c .\CortexM3\ARM_GCC_493\Debug\Bootloader.a(CyLib.o)
                0x00001748                CyDelay
 .text.CyDelayUs
                0x00001774       0x14 .\CortexM3\ARM_GCC_493\Debug\Bootloader.a(CyLib.o)
                0x00001774                CyDelayUs
 .text.CyFlushCache
                0x00001788       0x44 .\CortexM3\ARM_GCC_493\Debug\Bootloader.a(CyLib.o)
                0x00001788                CyFlushCache
 .text.CyIntSetVector
                0x000017cc       0x28 .\CortexM3\ARM_GCC_493\Debug\Bootloader.a(CyLib.o)
                0x000017cc                CyIntSetVector
 .text.CyIntSetPriority
                0x000017f4       0x30 .\CortexM3\ARM_GCC_493\Debug\Bootloader.a(CyLib.o)
                0x000017f4                CyIntSetPriority
 .text.CySpcStart
                0x00001824       0x24 .\CortexM3\ARM_GCC_493\Debug\Bootloader.a(CySpc.o)
                0x00001824                CySpcStart
 .text.CySpcReadData
                0x00001848       0x34 .\CortexM3\ARM_GCC_493\Debug\Bootloader.a(CySpc.o)
                0x00001848                CySpcReadData
 .text.CySpcLoadRowFull
                0x0000187c       0x80 .\CortexM3\ARM_GCC_493\Debug\Bootloader.a(CySpc.o)
                0x0000187c                CySpcLoadRowFull
 .text.CySpcWriteRow
                0x000018fc       0x4c .\CortexM3\ARM_GCC_493\Debug\Bootloader.a(CySpc.o)
                0x000018fc                CySpcWriteRow
 .text.CySpcGetTemp
                0x00001948       0x3c .\CortexM3\ARM_GCC_493\Debug\Bootloader.a(CySpc.o)
                0x00001948                CySpcGetTemp
 .text.CySpcLock
                0x00001984       0x4c .\CortexM3\ARM_GCC_493\Debug\Bootloader.a(CySpc.o)
                0x00001984                CySpcLock
 .text.CySpcUnlock
                0x000019d0       0x38 .\CortexM3\ARM_GCC_493\Debug\Bootloader.a(CySpc.o)
                0x000019d0                CySpcUnlock
 .text.CySpcGetAlgorithm
                0x00001a08       0x28 .\CortexM3\ARM_GCC_493\Debug\Bootloader.a(CySpc.o)
                0x00001a08                CySpcGetAlgorithm
 .text.Debug_UART_CyBtldrCommStart
                0x00001a30       0x10 .\CortexM3\ARM_GCC_493\Debug\Bootloader.a(Debug_UART_BOOT.o)
                0x00001a30                Debug_UART_CyBtldrCommStart
 .text.Debug_UART_CyBtldrCommWrite
                0x00001a40       0x24 .\CortexM3\ARM_GCC_493\Debug\Bootloader.a(Debug_UART_BOOT.o)
                0x00001a40                Debug_UART_CyBtldrCommWrite
 .text.Debug_UART_CyBtldrCommRead
                0x00001a64       0xa8 .\CortexM3\ARM_GCC_493\Debug\Bootloader.a(Debug_UART_BOOT.o)
                0x00001a64                Debug_UART_CyBtldrCommRead
 .text.__libc_init_array
                0x00001b0c       0x4c c:/program files (x86)/cypress/psoc creator/3.3/psoc creator/import/gnu/arm/4.9.3/bin/../lib/gcc/arm-none-eabi/4.9.3/../../../../arm-none-eabi/lib/armv7-m\libg_nano.a(lib_a-init.o)
                0x00001b0c                __libc_init_array
 .text.memcpy   0x00001b58       0x16 c:/program files (x86)/cypress/psoc creator/3.3/psoc creator/import/gnu/arm/4.9.3/bin/../lib/gcc/arm-none-eabi/4.9.3/../../../../arm-none-eabi/lib/armv7-m\libg_nano.a(lib_a-memcpy.o)
                0x00001b58                memcpy
 .text.memset   0x00001b6e       0x10 c:/program files (x86)/cypress/psoc creator/3.3/psoc creator/import/gnu/arm/4.9.3/bin/../lib/gcc/arm-none-eabi/4.9.3/../../../../arm-none-eabi/lib/armv7-m\libg_nano.a(lib_a-memset.o)
                0x00001b6e                memset
 *(.plt)
 *(.gnu.warning)
 *(.glue_7t)
 .glue_7t       0x00000000        0x0 linker stubs
 *(.glue_7)
 .glue_7        0x00000000        0x0 linker stubs
 *(.vfp11_veneer)
 .vfp11_veneer  0x00000000        0x0 linker stubs
 *(.bootloader)
 *fill*         0x00001b7e        0x2 
 .bootloader    0x00001b80        0x8 .\CortexM3\ARM_GCC_493\Debug\Bootloader.a(Bootloader.o)
                0x00001b80                Bootloader_SizeBytes
                0x00001b84                Bootloader_Checksum
 *(.ARM.extab* .gnu.linkonce.armextab.*)
 *(.gcc_except_table)

.v4_bx          0x00001b88        0x0
 .v4_bx         0x00000000        0x0 linker stubs

.iplt           0x00001b88        0x0
 .iplt          0x00000000        0x0 c:/program files (x86)/cypress/psoc creator/3.3/psoc creator/import/gnu/arm/4.9.3/bin/../lib/gcc/arm-none-eabi/4.9.3/armv7-m/crtbegin.o

.eh_frame_hdr
 *(.eh_frame_hdr)

.eh_frame       0x00001b88        0x4
 *(.eh_frame)
 .eh_frame      0x00001b88        0x0 c:/program files (x86)/cypress/psoc creator/3.3/psoc creator/import/gnu/arm/4.9.3/bin/../lib/gcc/arm-none-eabi/4.9.3/armv7-m/crtbegin.o
 .eh_frame      0x00001b88        0x4 c:/program files (x86)/cypress/psoc creator/3.3/psoc creator/import/gnu/arm/4.9.3/bin/../lib/gcc/arm-none-eabi/4.9.3/armv7-m/crtend.o
                0x00001b8c                PROVIDE (__exidx_start, .)

.ARM.exidx
 *(.ARM.exidx* .gnu.linkonce.armexidx.*)
                0x00001b8c                __exidx_end = .

.rodata         0x00001b8c      0x754
 *(.rodata .rodata.* .gnu.linkonce.r.*)
 .rodata.str1.4
                0x00001b8c       0x88 .\CortexM3\ARM_GCC_493\Debug\main.o
                                 0x94 (size before relaxing)
 .rodata        0x00001c14      0x68c .\CortexM3\ARM_GCC_493\Debug\Bootloader.a(cyfitter_cfg.o)
 .rodata        0x000022a0        0x8 .\CortexM3\ARM_GCC_493\Debug\Bootloader.a(Bootloader.o)
                0x000022a8                . = ALIGN (0x4)
 *(.init)
 .init          0x000022a8        0x4 c:/program files (x86)/cypress/psoc creator/3.3/psoc creator/import/gnu/arm/4.9.3/bin/../lib/gcc/arm-none-eabi/4.9.3/armv7-m/crti.o
                0x000022a8                _init
 .init          0x000022ac        0x8 c:/program files (x86)/cypress/psoc creator/3.3/psoc creator/import/gnu/arm/4.9.3/bin/../lib/gcc/arm-none-eabi/4.9.3/armv7-m/crtn.o
                0x000022b4                . = ALIGN (0x4)
                0x000022b4                __preinit_array_start = .
 *(.preinit_array)
                0x000022b4                __preinit_array_end = .
                0x000022b4                . = ALIGN (0x4)
                0x000022b4                __init_array_start = .
 *(SORT(.init_array.*))
 *(.init_array)
 .init_array    0x000022b4        0x4 c:/program files (x86)/cypress/psoc creator/3.3/psoc creator/import/gnu/arm/4.9.3/bin/../lib/gcc/arm-none-eabi/4.9.3/armv7-m/crtbegin.o
 .init_array    0x000022b8        0x4 .\CortexM3\ARM_GCC_493\Debug\Cm3Start.o
                0x000022bc                __init_array_end = .
                0x000022bc                . = ALIGN (0x4)
 *(.fini)
 .fini          0x000022bc        0x4 c:/program files (x86)/cypress/psoc creator/3.3/psoc creator/import/gnu/arm/4.9.3/bin/../lib/gcc/arm-none-eabi/4.9.3/armv7-m/crti.o
                0x000022bc                _fini
 .fini          0x000022c0        0x8 c:/program files (x86)/cypress/psoc creator/3.3/psoc creator/import/gnu/arm/4.9.3/bin/../lib/gcc/arm-none-eabi/4.9.3/armv7-m/crtn.o
                0x000022c8                . = ALIGN (0x4)
                0x000022c8                __fini_array_start = .
 *(.fini_array)
 .fini_array    0x000022c8        0x4 c:/program files (x86)/cypress/psoc creator/3.3/psoc creator/import/gnu/arm/4.9.3/bin/../lib/gcc/arm-none-eabi/4.9.3/armv7-m/crtbegin.o
 *(SORT(.fini_array.*))
                0x000022cc                __fini_array_end = .
                0x000022cc                . = ALIGN (0x4)
 *crtbegin.o(.ctors)
 *(EXCLUDE_FILE(*crtend.o) .ctors)
 *(SORT(.ctors.*))
 *crtend.o(.ctors)
                0x000022cc                . = ALIGN (0x4)
 *crtbegin.o(.dtors)
 *(EXCLUDE_FILE(*crtend.o) .dtors)
 *(SORT(.dtors.*))
 *crtend.o(.dtors)
                0x000022cc                . = ALIGN (0x4)
                0x000022cc                __cy_regions = .
                0x000022cc        0x4 LONG 0x22e0 __cy_region_init_ram
                0x000022d0        0x4 LONG 0x1fff8108 __cy_region_start_data
                0x000022d4        0x4 LONG 0x20 __cy_region_init_size_ram
                0x000022d8        0x4 LONG 0x140 __cy_region_zero_size_ram
                0x000022dc                __cy_regions_end = .
                0x000022e0                . = ALIGN (0x8)
 *fill*         0x000022dc        0x4 
                0x000022e0                _etext = .

.cy_checksum_exclude
                0x000022e0        0x0
 *(.cy_checksum_exclude)

.ramvectors     0x1fff8000      0x100
                0x1fff8000                __cy_region_start_ram = .
 *(.ramvectors)
 .ramvectors    0x1fff8000      0x100 .\CortexM3\ARM_GCC_493\Debug\Cm3Start.o
                0x1fff8000                CyRamVectors

.noinit         0x1fff8100        0x5
 *(.noinit)
 .noinit        0x1fff8100        0x4 .\CortexM3\ARM_GCC_493\Debug\Cm3Start.o
 .noinit        0x1fff8104        0x1 .\CortexM3\ARM_GCC_493\Debug\Bootloader.a(CyLib.o)
                0x1fff8104                CyResetStatus

.data           0x1fff8108       0x20 load address 0x000022e0
                0x1fff8108                __cy_region_start_data = .
 *(.jcr)
 .jcr           0x1fff8108        0x0 c:/program files (x86)/cypress/psoc creator/3.3/psoc creator/import/gnu/arm/4.9.3/bin/../lib/gcc/arm-none-eabi/4.9.3/armv7-m/crtbegin.o
 .jcr           0x1fff8108        0x4 c:/program files (x86)/cypress/psoc creator/3.3/psoc creator/import/gnu/arm/4.9.3/bin/../lib/gcc/arm-none-eabi/4.9.3/armv7-m/crtend.o
 *(.got.plt)
 *(.got)
 *(.shdata)
 *(.data .data.* .gnu.linkonce.d.*)
 .data          0x1fff810c        0x8 .\CortexM3\ARM_GCC_493\Debug\Bootloader.a(Bootloader.o)
                0x1fff810c                Bootloader_SizeBytesAccess
                0x1fff8110                Bootloader_ChecksumAccess
 .data          0x1fff8114       0x10 .\CortexM3\ARM_GCC_493\Debug\Bootloader.a(CyLib.o)
                0x1fff8114                cydelay_32k_ms
                0x1fff8118                cydelay_freq_khz
                0x1fff811c                cydelay_freq_mhz
                0x1fff8120                cydelay_freq_hz
                0x1fff8128                . = ALIGN (0x8)
 *fill*         0x1fff8124        0x4 
 *(.ram)
                0x1fff8128                _edata = .

.igot.plt       0x1fff8128        0x0 load address 0x00002300
 .igot.plt      0x00000000        0x0 c:/program files (x86)/cypress/psoc creator/3.3/psoc creator/import/gnu/arm/4.9.3/bin/../lib/gcc/arm-none-eabi/4.9.3/armv7-m/crtbegin.o

.bss            0x1fff8128      0x140 load address 0x00002300
                0x1fff8128                PROVIDE (__bss_start__, .)
 *(.shbss)
 *(.bss .bss.* .gnu.linkonce.b.*)
 .bss           0x1fff8128       0x1c c:/program files (x86)/cypress/psoc creator/3.3/psoc creator/import/gnu/arm/4.9.3/bin/../lib/gcc/arm-none-eabi/4.9.3/armv7-m/crtbegin.o
 .bss           0x1fff8144        0x2 .\CortexM3\ARM_GCC_493\Debug\Bootloader.a(LCD.o)
                0x1fff8144                LCD_enableState
                0x1fff8145                LCD_initVar
 .bss           0x1fff8146        0x9 .\CortexM3\ARM_GCC_493\Debug\Bootloader.a(Esp_UART.o)
                0x1fff8146                Esp_UART_errorStatus
                0x1fff8147                Esp_UART_initVar
                0x1fff8148                Esp_UART_rxBufferRead
                0x1fff8149                Esp_UART_rxBufferWrite
                0x1fff814a                Esp_UART_rxBufferLoopDetect
                0x1fff814b                Esp_UART_rxBufferOverflow
                0x1fff814c                Esp_UART_txBufferRead
                0x1fff814d                Esp_UART_txBufferWrite
 .bss           0x1fff814f        0x9 .\CortexM3\ARM_GCC_493\Debug\Bootloader.a(Debug_UART.o)
                0x1fff814f                Debug_UART_errorStatus
                0x1fff8150                Debug_UART_initVar
                0x1fff8151                Debug_UART_rxBufferRead
                0x1fff8152                Debug_UART_rxBufferWrite
                0x1fff8153                Debug_UART_rxBufferLoopDetect
                0x1fff8154                Debug_UART_rxBufferOverflow
                0x1fff8155                Debug_UART_txBufferRead
                0x1fff8156                Debug_UART_txBufferWrite
 .bss           0x1fff8158        0x4 .\CortexM3\ARM_GCC_493\Debug\Bootloader.a(Bootloader.o)
 .bss           0x1fff815c        0x8 .\CortexM3\ARM_GCC_493\Debug\Bootloader.a(CySpc.o)
                0x1fff815c                SpcLockState
 *(COMMON)
 COMMON         0x1fff8164       0x80 .\CortexM3\ARM_GCC_493\Debug\Bootloader.a(Esp_UART.o)
                0x1fff8164                Esp_UART_rxBuffer
                0x1fff81a4                Esp_UART_txBuffer
 COMMON         0x1fff81e4       0x80 .\CortexM3\ARM_GCC_493\Debug\Bootloader.a(Debug_UART.o)
                0x1fff81e4                Debug_UART_rxBuffer
                0x1fff8224                Debug_UART_txBuffer
 COMMON         0x1fff8264        0x2 .\CortexM3\ARM_GCC_493\Debug\Bootloader.a(CyFlash.o)
                0x1fff8264                dieTemperature
                0x1fff8268                . = ALIGN (0x8)
 *fill*         0x1fff8266        0x2 
 *(.ram.b)
                0x1fff8268                _end = .
                0x1fff8268                __end = .
                0x1fff8268                PROVIDE (end, .)
                0x1fff8268                PROVIDE (__bss_end__, .)
                0x000022e0                __cy_region_init_ram = LOADADDR (.data)
                0x00000020                __cy_region_init_size_ram = (_edata - ADDR (.data))
                0x00000140                __cy_region_zero_size_ram = (_end - _edata)

.heap           0x1fff8268       0x80 load address 0x00002300
                0x1fff8268                . = _end
                0x1fff82e8                . = (. + 0x80)
 *fill*         0x1fff8268       0x80 
                0x1fff82e8                __cy_heap_limit = .

.stack          0x20007800      0x800
                0x20007800                __cy_stack_limit = .
                0x20008000                . = (. + 0x800)
 *fill*         0x20007800      0x800 
                0x00000001                ASSERT ((__cy_stack_limit >= __cy_heap_limit), region RAM overflowed with stack)
                0x00000000                cy_checksum_exclude_size = (CY_APPL_LOADABLE == 0x1)?SIZEOF (.cy_checksum_exclude):0x0
                0x00000001                ASSERT ((cy_checksum_exclude_size <= CY_CHECKSUM_EXCLUDE_SIZE), CY_BOOT: Section .cy_checksum_exclude size exceedes specified limit.)

.cyloadermeta   0x0003ffc0       0x40
 *(.cyloadermeta)
 .cyloadermeta  0x0003ffc0       0x40 .\CortexM3\ARM_GCC_493\Debug\cymetadata.o
                0x0003ffc0                cy_meta_loader

.cyloadablemeta
 *(.cyloadablemeta)

.cyconfigecc    0x80000000        0x4
 *(.cyconfigecc)
 .cyconfigecc   0x80000000        0x4 .\CortexM3\ARM_GCC_493\Debug\cymetadata.o
                0x80000000                cy_meta_configecc

.cycustnvl      0x90000000        0x4
 *(.cycustnvl)
 .cycustnvl     0x90000000        0x4 .\CortexM3\ARM_GCC_493\Debug\cymetadata.o
                0x90000000                cy_meta_custnvl

.cywolatch      0x90100000        0x4
 *(.cywolatch)
 .cywolatch     0x90100000        0x4 .\CortexM3\ARM_GCC_493\Debug\cymetadata.o
                0x90100000                cy_meta_wonvl

.cyeeprom       0x90200000        0x0
 *(.cyeeprom)
                0x00000001                ASSERT ((. <= ((0x90200000 + ee_offset) + ee_size)), .cyeeprom data will not fit in EEPROM)

.cyflashprotect
                0x90400000      0x100
 *(.cyflashprotect)
 .cyflashprotect
                0x90400000      0x100 .\CortexM3\ARM_GCC_493\Debug\cymetadata.o
                0x90400000                cy_meta_flashprotect

.cymeta         0x90500000        0xc
 *(.cymeta)
 .cymeta        0x90500000        0xc .\CortexM3\ARM_GCC_493\Debug\cymetadata.o
                0x90500000                cy_metadata

.rel.dyn        0x00002300        0x0 load address 0x9050000c
 .rel.iplt      0x00000000        0x0 c:/program files (x86)/cypress/psoc creator/3.3/psoc creator/import/gnu/arm/4.9.3/bin/../lib/gcc/arm-none-eabi/4.9.3/armv7-m/crtbegin.o

.stab
 *(.stab)

.stabstr
 *(.stabstr)

.debug
 *(.debug)

.line
 *(.line)

.debug_srcinfo
 *(.debug_srcinfo)

.debug_sfnames
 *(.debug_sfnames)

.debug_aranges  0x00000000     0x1030
 *(.debug_aranges)
 .debug_aranges
                0x00000000       0x30 .\CortexM3\ARM_GCC_493\Debug\main.o
 .debug_aranges
                0x00000030       0x38 .\CortexM3\ARM_GCC_493\Debug\board.o
 .debug_aranges
                0x00000068       0x18 .\CortexM3\ARM_GCC_493\Debug\cymetadata.o
 .debug_aranges
                0x00000080       0x48 .\CortexM3\ARM_GCC_493\Debug\Cm3Start.o
 .debug_aranges
                0x000000c8       0x60 .\CortexM3\ARM_GCC_493\Debug\Bootloader.a(cyfitter_cfg.o)
 .debug_aranges
                0x00000128       0x98 .\CortexM3\ARM_GCC_493\Debug\Bootloader.a(LCD.o)
 .debug_aranges
                0x000001c0       0xf0 .\CortexM3\ARM_GCC_493\Debug\Bootloader.a(Esp_UART.o)
 .debug_aranges
                0x000002b0       0x28 .\CortexM3\ARM_GCC_493\Debug\Bootloader.a(Esp_UART_INT.o)
 .debug_aranges
                0x000002d8       0xf0 .\CortexM3\ARM_GCC_493\Debug\Bootloader.a(Debug_UART.o)
 .debug_aranges
                0x000003c8       0x28 .\CortexM3\ARM_GCC_493\Debug\Bootloader.a(Debug_UART_INT.o)
 .debug_aranges
                0x000003f0       0x80 .\CortexM3\ARM_GCC_493\Debug\Bootloader.a(Bootloader.o)
 .debug_aranges
                0x00000470       0x38 .\CortexM3\ARM_GCC_493\Debug\Bootloader.a(Slp_1.o)
 .debug_aranges
                0x000004a8       0x38 .\CortexM3\ARM_GCC_493\Debug\Bootloader.a(Stp_1.o)
 .debug_aranges
                0x000004e0       0x38 .\CortexM3\ARM_GCC_493\Debug\Bootloader.a(Dir_1.o)
 .debug_aranges
                0x00000518       0x38 .\CortexM3\ARM_GCC_493\Debug\Bootloader.a(Slp_2.o)
 .debug_aranges
                0x00000550       0x38 .\CortexM3\ARM_GCC_493\Debug\Bootloader.a(Stp_2.o)
 .debug_aranges
                0x00000588       0x38 .\CortexM3\ARM_GCC_493\Debug\Bootloader.a(Dir_2.o)
 .debug_aranges
                0x000005c0       0x38 .\CortexM3\ARM_GCC_493\Debug\Bootloader.a(Lim_1.o)
 .debug_aranges
                0x000005f8       0x38 .\CortexM3\ARM_GCC_493\Debug\Bootloader.a(Lim_2.o)
 .debug_aranges
                0x00000630       0x38 .\CortexM3\ARM_GCC_493\Debug\Bootloader.a(Em.o)
 .debug_aranges
                0x00000668       0x38 .\CortexM3\ARM_GCC_493\Debug\Bootloader.a(Row_0.o)
 .debug_aranges
                0x000006a0       0x38 .\CortexM3\ARM_GCC_493\Debug\Bootloader.a(Col_0.o)
 .debug_aranges
                0x000006d8       0x38 .\CortexM3\ARM_GCC_493\Debug\Bootloader.a(Col_1.o)
 .debug_aranges
                0x00000710       0x38 .\CortexM3\ARM_GCC_493\Debug\Bootloader.a(Col_2.o)
 .debug_aranges
                0x00000748       0x38 .\CortexM3\ARM_GCC_493\Debug\Bootloader.a(Col_3.o)
 .debug_aranges
                0x00000780       0x38 .\CortexM3\ARM_GCC_493\Debug\Bootloader.a(Col_4.o)
 .debug_aranges
                0x000007b8       0x38 .\CortexM3\ARM_GCC_493\Debug\Bootloader.a(Col_5.o)
 .debug_aranges
                0x000007f0       0x38 .\CortexM3\ARM_GCC_493\Debug\Bootloader.a(Col_6.o)
 .debug_aranges
                0x00000828       0x38 .\CortexM3\ARM_GCC_493\Debug\Bootloader.a(Col_7.o)
 .debug_aranges
                0x00000860       0x38 .\CortexM3\ARM_GCC_493\Debug\Bootloader.a(Col_8.o)
 .debug_aranges
                0x00000898       0x38 .\CortexM3\ARM_GCC_493\Debug\Bootloader.a(Col_9.o)
 .debug_aranges
                0x000008d0       0x38 .\CortexM3\ARM_GCC_493\Debug\Bootloader.a(Col_10.o)
 .debug_aranges
                0x00000908       0x38 .\CortexM3\ARM_GCC_493\Debug\Bootloader.a(Col_11.o)
 .debug_aranges
                0x00000940       0x38 .\CortexM3\ARM_GCC_493\Debug\Bootloader.a(Row_1.o)
 .debug_aranges
                0x00000978       0x38 .\CortexM3\ARM_GCC_493\Debug\Bootloader.a(Row_2.o)
 .debug_aranges
                0x000009b0       0x38 .\CortexM3\ARM_GCC_493\Debug\Bootloader.a(Row_3.o)
 .debug_aranges
                0x000009e8       0x38 .\CortexM3\ARM_GCC_493\Debug\Bootloader.a(Row_4.o)
 .debug_aranges
                0x00000a20       0x38 .\CortexM3\ARM_GCC_493\Debug\Bootloader.a(Row_5.o)
 .debug_aranges
                0x00000a58       0x38 .\CortexM3\ARM_GCC_493\Debug\Bootloader.a(Row_6.o)
 .debug_aranges
                0x00000a90       0x38 .\CortexM3\ARM_GCC_493\Debug\Bootloader.a(Row_7.o)
 .debug_aranges
                0x00000ac8       0x70 .\CortexM3\ARM_GCC_493\Debug\Bootloader.a(Esp_UART_IntClock.o)
 .debug_aranges
                0x00000b38       0x70 .\CortexM3\ARM_GCC_493\Debug\Bootloader.a(Debug_UART_IntClock.o)
 .debug_aranges
                0x00000ba8       0x20 .\CortexM3\ARM_GCC_493\Debug\Bootloader.a(CyBootAsmGnu.o)
 .debug_aranges
                0x00000bc8       0x80 .\CortexM3\ARM_GCC_493\Debug\Bootloader.a(CyFlash.o)
 .debug_aranges
                0x00000c48      0x298 .\CortexM3\ARM_GCC_493\Debug\Bootloader.a(CyLib.o)
 .debug_aranges
                0x00000ee0       0x98 .\CortexM3\ARM_GCC_493\Debug\Bootloader.a(cyPm.o)
 .debug_aranges
                0x00000f78       0x78 .\CortexM3\ARM_GCC_493\Debug\Bootloader.a(CySpc.o)
 .debug_aranges
                0x00000ff0       0x40 .\CortexM3\ARM_GCC_493\Debug\Bootloader.a(Debug_UART_BOOT.o)

.debug_pubnames
 *(.debug_pubnames)

.debug_info     0x00000000     0x9a38
 *(.debug_info .gnu.linkonce.wi.*)
 .debug_info    0x00000000      0x759 .\CortexM3\ARM_GCC_493\Debug\main.o
 .debug_info    0x00000759      0xd7a .\CortexM3\ARM_GCC_493\Debug\board.o
 .debug_info    0x000014d3      0x15f .\CortexM3\ARM_GCC_493\Debug\cymetadata.o
 .debug_info    0x00001632      0x3b3 .\CortexM3\ARM_GCC_493\Debug\Cm3Start.o
 .debug_info    0x000019e5      0x819 .\CortexM3\ARM_GCC_493\Debug\Bootloader.a(cyfitter_cfg.o)
 .debug_info    0x000021fe      0x712 .\CortexM3\ARM_GCC_493\Debug\Bootloader.a(LCD.o)
 .debug_info    0x00002910      0x7ce .\CortexM3\ARM_GCC_493\Debug\Bootloader.a(Esp_UART.o)
 .debug_info    0x000030de      0x17e .\CortexM3\ARM_GCC_493\Debug\Bootloader.a(Esp_UART_INT.o)
 .debug_info    0x0000325c      0x7ce .\CortexM3\ARM_GCC_493\Debug\Bootloader.a(Debug_UART.o)
 .debug_info    0x00003a2a      0x17e .\CortexM3\ARM_GCC_493\Debug\Bootloader.a(Debug_UART_INT.o)
 .debug_info    0x00003ba8      0xca9 .\CortexM3\ARM_GCC_493\Debug\Bootloader.a(Bootloader.o)
 .debug_info    0x00004851      0x11e .\CortexM3\ARM_GCC_493\Debug\Bootloader.a(Slp_1.o)
 .debug_info    0x0000496f      0x11e .\CortexM3\ARM_GCC_493\Debug\Bootloader.a(Stp_1.o)
 .debug_info    0x00004a8d      0x11e .\CortexM3\ARM_GCC_493\Debug\Bootloader.a(Dir_1.o)
 .debug_info    0x00004bab      0x11e .\CortexM3\ARM_GCC_493\Debug\Bootloader.a(Slp_2.o)
 .debug_info    0x00004cc9      0x11e .\CortexM3\ARM_GCC_493\Debug\Bootloader.a(Stp_2.o)
 .debug_info    0x00004de7      0x11e .\CortexM3\ARM_GCC_493\Debug\Bootloader.a(Dir_2.o)
 .debug_info    0x00004f05      0x11e .\CortexM3\ARM_GCC_493\Debug\Bootloader.a(Lim_1.o)
 .debug_info    0x00005023      0x120 .\CortexM3\ARM_GCC_493\Debug\Bootloader.a(Lim_2.o)
 .debug_info    0x00005143      0x11e .\CortexM3\ARM_GCC_493\Debug\Bootloader.a(Em.o)
 .debug_info    0x00005261      0x11e .\CortexM3\ARM_GCC_493\Debug\Bootloader.a(Row_0.o)
 .debug_info    0x0000537f      0x11e .\CortexM3\ARM_GCC_493\Debug\Bootloader.a(Col_0.o)
 .debug_info    0x0000549d      0x11e .\CortexM3\ARM_GCC_493\Debug\Bootloader.a(Col_1.o)
 .debug_info    0x000055bb      0x11e .\CortexM3\ARM_GCC_493\Debug\Bootloader.a(Col_2.o)
 .debug_info    0x000056d9      0x11e .\CortexM3\ARM_GCC_493\Debug\Bootloader.a(Col_3.o)
 .debug_info    0x000057f7      0x11e .\CortexM3\ARM_GCC_493\Debug\Bootloader.a(Col_4.o)
 .debug_info    0x00005915      0x11e .\CortexM3\ARM_GCC_493\Debug\Bootloader.a(Col_5.o)
 .debug_info    0x00005a33      0x11e .\CortexM3\ARM_GCC_493\Debug\Bootloader.a(Col_6.o)
 .debug_info    0x00005b51      0x120 .\CortexM3\ARM_GCC_493\Debug\Bootloader.a(Col_7.o)
 .debug_info    0x00005c71      0x11e .\CortexM3\ARM_GCC_493\Debug\Bootloader.a(Col_8.o)
 .debug_info    0x00005d8f      0x11e .\CortexM3\ARM_GCC_493\Debug\Bootloader.a(Col_9.o)
 .debug_info    0x00005ead      0x11e .\CortexM3\ARM_GCC_493\Debug\Bootloader.a(Col_10.o)
 .debug_info    0x00005fcb      0x11e .\CortexM3\ARM_GCC_493\Debug\Bootloader.a(Col_11.o)
 .debug_info    0x000060e9      0x11e .\CortexM3\ARM_GCC_493\Debug\Bootloader.a(Row_1.o)
 .debug_info    0x00006207      0x11e .\CortexM3\ARM_GCC_493\Debug\Bootloader.a(Row_2.o)
 .debug_info    0x00006325      0x11e .\CortexM3\ARM_GCC_493\Debug\Bootloader.a(Row_3.o)
 .debug_info    0x00006443      0x11e .\CortexM3\ARM_GCC_493\Debug\Bootloader.a(Row_4.o)
 .debug_info    0x00006561      0x11e .\CortexM3\ARM_GCC_493\Debug\Bootloader.a(Row_5.o)
 .debug_info    0x0000667f      0x11e .\CortexM3\ARM_GCC_493\Debug\Bootloader.a(Row_6.o)
 .debug_info    0x0000679d      0x120 .\CortexM3\ARM_GCC_493\Debug\Bootloader.a(Row_7.o)
 .debug_info    0x000068bd      0x281 .\CortexM3\ARM_GCC_493\Debug\Bootloader.a(Esp_UART_IntClock.o)
 .debug_info    0x00006b3e      0x281 .\CortexM3\ARM_GCC_493\Debug\Bootloader.a(Debug_UART_IntClock.o)
 .debug_info    0x00006dbf       0xa4 .\CortexM3\ARM_GCC_493\Debug\Bootloader.a(CyBootAsmGnu.o)
 .debug_info    0x00006e63      0x608 .\CortexM3\ARM_GCC_493\Debug\Bootloader.a(CyFlash.o)
 .debug_info    0x0000746b     0x136c .\CortexM3\ARM_GCC_493\Debug\Bootloader.a(CyLib.o)
 .debug_info    0x000087d7      0xa55 .\CortexM3\ARM_GCC_493\Debug\Bootloader.a(cyPm.o)
 .debug_info    0x0000922c      0x4ed .\CortexM3\ARM_GCC_493\Debug\Bootloader.a(CySpc.o)
 .debug_info    0x00009719      0x31f .\CortexM3\ARM_GCC_493\Debug\Bootloader.a(Debug_UART_BOOT.o)

.debug_abbrev   0x00000000     0x2db6
 *(.debug_abbrev)
 .debug_abbrev  0x00000000      0x1bd .\CortexM3\ARM_GCC_493\Debug\main.o
 .debug_abbrev  0x000001bd      0x12f .\CortexM3\ARM_GCC_493\Debug\board.o
 .debug_abbrev  0x000002ec       0x5d .\CortexM3\ARM_GCC_493\Debug\cymetadata.o
 .debug_abbrev  0x00000349      0x20f .\CortexM3\ARM_GCC_493\Debug\Cm3Start.o
 .debug_abbrev  0x00000558      0x1f0 .\CortexM3\ARM_GCC_493\Debug\Bootloader.a(cyfitter_cfg.o)
 .debug_abbrev  0x00000748      0x17e .\CortexM3\ARM_GCC_493\Debug\Bootloader.a(LCD.o)
 .debug_abbrev  0x000008c6      0x1c5 .\CortexM3\ARM_GCC_493\Debug\Bootloader.a(Esp_UART.o)
 .debug_abbrev  0x00000a8b       0xaf .\CortexM3\ARM_GCC_493\Debug\Bootloader.a(Esp_UART_INT.o)
 .debug_abbrev  0x00000b3a      0x1c5 .\CortexM3\ARM_GCC_493\Debug\Bootloader.a(Debug_UART.o)
 .debug_abbrev  0x00000cff       0xaf .\CortexM3\ARM_GCC_493\Debug\Bootloader.a(Debug_UART_INT.o)
 .debug_abbrev  0x00000dae      0x259 .\CortexM3\ARM_GCC_493\Debug\Bootloader.a(Bootloader.o)
 .debug_abbrev  0x00001007       0x9d .\CortexM3\ARM_GCC_493\Debug\Bootloader.a(Slp_1.o)
 .debug_abbrev  0x000010a4       0x9d .\CortexM3\ARM_GCC_493\Debug\Bootloader.a(Stp_1.o)
 .debug_abbrev  0x00001141       0x9d .\CortexM3\ARM_GCC_493\Debug\Bootloader.a(Dir_1.o)
 .debug_abbrev  0x000011de       0x9d .\CortexM3\ARM_GCC_493\Debug\Bootloader.a(Slp_2.o)
 .debug_abbrev  0x0000127b       0x9d .\CortexM3\ARM_GCC_493\Debug\Bootloader.a(Stp_2.o)
 .debug_abbrev  0x00001318       0x9d .\CortexM3\ARM_GCC_493\Debug\Bootloader.a(Dir_2.o)
 .debug_abbrev  0x000013b5       0x9d .\CortexM3\ARM_GCC_493\Debug\Bootloader.a(Lim_1.o)
 .debug_abbrev  0x00001452       0x9d .\CortexM3\ARM_GCC_493\Debug\Bootloader.a(Lim_2.o)
 .debug_abbrev  0x000014ef       0x9d .\CortexM3\ARM_GCC_493\Debug\Bootloader.a(Em.o)
 .debug_abbrev  0x0000158c       0x9d .\CortexM3\ARM_GCC_493\Debug\Bootloader.a(Row_0.o)
 .debug_abbrev  0x00001629       0x9d .\CortexM3\ARM_GCC_493\Debug\Bootloader.a(Col_0.o)
 .debug_abbrev  0x000016c6       0x9d .\CortexM3\ARM_GCC_493\Debug\Bootloader.a(Col_1.o)
 .debug_abbrev  0x00001763       0x9d .\CortexM3\ARM_GCC_493\Debug\Bootloader.a(Col_2.o)
 .debug_abbrev  0x00001800       0x9d .\CortexM3\ARM_GCC_493\Debug\Bootloader.a(Col_3.o)
 .debug_abbrev  0x0000189d       0x9d .\CortexM3\ARM_GCC_493\Debug\Bootloader.a(Col_4.o)
 .debug_abbrev  0x0000193a       0x9d .\CortexM3\ARM_GCC_493\Debug\Bootloader.a(Col_5.o)
 .debug_abbrev  0x000019d7       0x9d .\CortexM3\ARM_GCC_493\Debug\Bootloader.a(Col_6.o)
 .debug_abbrev  0x00001a74       0x9d .\CortexM3\ARM_GCC_493\Debug\Bootloader.a(Col_7.o)
 .debug_abbrev  0x00001b11       0x9d .\CortexM3\ARM_GCC_493\Debug\Bootloader.a(Col_8.o)
 .debug_abbrev  0x00001bae       0x9d .\CortexM3\ARM_GCC_493\Debug\Bootloader.a(Col_9.o)
 .debug_abbrev  0x00001c4b       0x9d .\CortexM3\ARM_GCC_493\Debug\Bootloader.a(Col_10.o)
 .debug_abbrev  0x00001ce8       0x9d .\CortexM3\ARM_GCC_493\Debug\Bootloader.a(Col_11.o)
 .debug_abbrev  0x00001d85       0x9d .\CortexM3\ARM_GCC_493\Debug\Bootloader.a(Row_1.o)
 .debug_abbrev  0x00001e22       0x9d .\CortexM3\ARM_GCC_493\Debug\Bootloader.a(Row_2.o)
 .debug_abbrev  0x00001ebf       0x9d .\CortexM3\ARM_GCC_493\Debug\Bootloader.a(Row_3.o)
 .debug_abbrev  0x00001f5c       0x9d .\CortexM3\ARM_GCC_493\Debug\Bootloader.a(Row_4.o)
 .debug_abbrev  0x00001ff9       0x9d .\CortexM3\ARM_GCC_493\Debug\Bootloader.a(Row_5.o)
 .debug_abbrev  0x00002096       0x9d .\CortexM3\ARM_GCC_493\Debug\Bootloader.a(Row_6.o)
 .debug_abbrev  0x00002133       0x9d .\CortexM3\ARM_GCC_493\Debug\Bootloader.a(Row_7.o)
 .debug_abbrev  0x000021d0      0x146 .\CortexM3\ARM_GCC_493\Debug\Bootloader.a(Esp_UART_IntClock.o)
 .debug_abbrev  0x00002316      0x146 .\CortexM3\ARM_GCC_493\Debug\Bootloader.a(Debug_UART_IntClock.o)
 .debug_abbrev  0x0000245c       0x14 .\CortexM3\ARM_GCC_493\Debug\Bootloader.a(CyBootAsmGnu.o)
 .debug_abbrev  0x00002470      0x1de .\CortexM3\ARM_GCC_493\Debug\Bootloader.a(CyFlash.o)
 .debug_abbrev  0x0000264e      0x296 .\CortexM3\ARM_GCC_493\Debug\Bootloader.a(CyLib.o)
 .debug_abbrev  0x000028e4      0x1fa .\CortexM3\ARM_GCC_493\Debug\Bootloader.a(cyPm.o)
 .debug_abbrev  0x00002ade      0x1ce .\CortexM3\ARM_GCC_493\Debug\Bootloader.a(CySpc.o)
 .debug_abbrev  0x00002cac      0x10a .\CortexM3\ARM_GCC_493\Debug\Bootloader.a(Debug_UART_BOOT.o)

.debug_line     0x00000000     0x4096
 *(.debug_line)
 .debug_line    0x00000000      0x354 .\CortexM3\ARM_GCC_493\Debug\main.o
 .debug_line    0x00000354      0x3f2 .\CortexM3\ARM_GCC_493\Debug\board.o
 .debug_line    0x00000746        0x0 .\CortexM3\ARM_GCC_493\Debug\espwifi.o
 .debug_line    0x00000746       0x53 .\CortexM3\ARM_GCC_493\Debug\cymetadata.o
 .debug_line    0x00000799      0x24a .\CortexM3\ARM_GCC_493\Debug\Cm3Start.o
 .debug_line    0x000009e3      0x21a .\CortexM3\ARM_GCC_493\Debug\Bootloader.a(cyfitter_cfg.o)
 .debug_line    0x00000bfd      0x1de .\CortexM3\ARM_GCC_493\Debug\Bootloader.a(LCD.o)
 .debug_line    0x00000ddb      0x345 .\CortexM3\ARM_GCC_493\Debug\Bootloader.a(Esp_UART.o)
 .debug_line    0x00001120       0xae .\CortexM3\ARM_GCC_493\Debug\Bootloader.a(Esp_UART_INT.o)
 .debug_line    0x000011ce      0x349 .\CortexM3\ARM_GCC_493\Debug\Bootloader.a(Debug_UART.o)
 .debug_line    0x00001517       0xb2 .\CortexM3\ARM_GCC_493\Debug\Bootloader.a(Debug_UART_INT.o)
 .debug_line    0x000015c9      0x5af .\CortexM3\ARM_GCC_493\Debug\Bootloader.a(Bootloader.o)
 .debug_line    0x00001b78       0x94 .\CortexM3\ARM_GCC_493\Debug\Bootloader.a(Slp_1.o)
 .debug_line    0x00001c0c       0x94 .\CortexM3\ARM_GCC_493\Debug\Bootloader.a(Stp_1.o)
 .debug_line    0x00001ca0       0x94 .\CortexM3\ARM_GCC_493\Debug\Bootloader.a(Dir_1.o)
 .debug_line    0x00001d34       0x94 .\CortexM3\ARM_GCC_493\Debug\Bootloader.a(Slp_2.o)
 .debug_line    0x00001dc8       0x94 .\CortexM3\ARM_GCC_493\Debug\Bootloader.a(Stp_2.o)
 .debug_line    0x00001e5c       0x94 .\CortexM3\ARM_GCC_493\Debug\Bootloader.a(Dir_2.o)
 .debug_line    0x00001ef0       0x94 .\CortexM3\ARM_GCC_493\Debug\Bootloader.a(Lim_1.o)
 .debug_line    0x00001f84       0x94 .\CortexM3\ARM_GCC_493\Debug\Bootloader.a(Lim_2.o)
 .debug_line    0x00002018       0x91 .\CortexM3\ARM_GCC_493\Debug\Bootloader.a(Em.o)
 .debug_line    0x000020a9       0x94 .\CortexM3\ARM_GCC_493\Debug\Bootloader.a(Row_0.o)
 .debug_line    0x0000213d       0x94 .\CortexM3\ARM_GCC_493\Debug\Bootloader.a(Col_0.o)
 .debug_line    0x000021d1       0x94 .\CortexM3\ARM_GCC_493\Debug\Bootloader.a(Col_1.o)
 .debug_line    0x00002265       0x94 .\CortexM3\ARM_GCC_493\Debug\Bootloader.a(Col_2.o)
 .debug_line    0x000022f9       0x94 .\CortexM3\ARM_GCC_493\Debug\Bootloader.a(Col_3.o)
 .debug_line    0x0000238d       0x94 .\CortexM3\ARM_GCC_493\Debug\Bootloader.a(Col_4.o)
 .debug_line    0x00002421       0x94 .\CortexM3\ARM_GCC_493\Debug\Bootloader.a(Col_5.o)
 .debug_line    0x000024b5       0x94 .\CortexM3\ARM_GCC_493\Debug\Bootloader.a(Col_6.o)
 .debug_line    0x00002549       0x94 .\CortexM3\ARM_GCC_493\Debug\Bootloader.a(Col_7.o)
 .debug_line    0x000025dd       0x94 .\CortexM3\ARM_GCC_493\Debug\Bootloader.a(Col_8.o)
 .debug_line    0x00002671       0x94 .\CortexM3\ARM_GCC_493\Debug\Bootloader.a(Col_9.o)
 .debug_line    0x00002705       0x95 .\CortexM3\ARM_GCC_493\Debug\Bootloader.a(Col_10.o)
 .debug_line    0x0000279a       0x95 .\CortexM3\ARM_GCC_493\Debug\Bootloader.a(Col_11.o)
 .debug_line    0x0000282f       0x94 .\CortexM3\ARM_GCC_493\Debug\Bootloader.a(Row_1.o)
 .debug_line    0x000028c3       0x94 .\CortexM3\ARM_GCC_493\Debug\Bootloader.a(Row_2.o)
 .debug_line    0x00002957       0x94 .\CortexM3\ARM_GCC_493\Debug\Bootloader.a(Row_3.o)
 .debug_line    0x000029eb       0x94 .\CortexM3\ARM_GCC_493\Debug\Bootloader.a(Row_4.o)
 .debug_line    0x00002a7f       0x94 .\CortexM3\ARM_GCC_493\Debug\Bootloader.a(Row_5.o)
 .debug_line    0x00002b13       0x94 .\CortexM3\ARM_GCC_493\Debug\Bootloader.a(Row_6.o)
 .debug_line    0x00002ba7       0x94 .\CortexM3\ARM_GCC_493\Debug\Bootloader.a(Row_7.o)
 .debug_line    0x00002c3b      0x199 .\CortexM3\ARM_GCC_493\Debug\Bootloader.a(Esp_UART_IntClock.o)
 .debug_line    0x00002dd4      0x19b .\CortexM3\ARM_GCC_493\Debug\Bootloader.a(Debug_UART_IntClock.o)
 .debug_line    0x00002f6f       0x68 .\CortexM3\ARM_GCC_493\Debug\Bootloader.a(CyBootAsmGnu.o)
 .debug_line    0x00002fd7      0x1ec .\CortexM3\ARM_GCC_493\Debug\Bootloader.a(CyFlash.o)
 .debug_line    0x000031c3      0x806 .\CortexM3\ARM_GCC_493\Debug\Bootloader.a(CyLib.o)
 .debug_line    0x000039c9      0x366 .\CortexM3\ARM_GCC_493\Debug\Bootloader.a(cyPm.o)
 .debug_line    0x00003d2f      0x23e .\CortexM3\ARM_GCC_493\Debug\Bootloader.a(CySpc.o)
 .debug_line    0x00003f6d      0x129 .\CortexM3\ARM_GCC_493\Debug\Bootloader.a(Debug_UART_BOOT.o)

.debug_frame    0x00000000     0x2430
 *(.debug_frame)
 .debug_frame   0x00000000       0x6c .\CortexM3\ARM_GCC_493\Debug\main.o
 .debug_frame   0x0000006c       0x98 .\CortexM3\ARM_GCC_493\Debug\board.o
 .debug_frame   0x00000104       0xac .\CortexM3\ARM_GCC_493\Debug\Cm3Start.o
 .debug_frame   0x000001b0      0x100 .\CortexM3\ARM_GCC_493\Debug\Bootloader.a(cyfitter_cfg.o)
 .debug_frame   0x000002b0      0x1e4 .\CortexM3\ARM_GCC_493\Debug\Bootloader.a(LCD.o)
 .debug_frame   0x00000494      0x25c .\CortexM3\ARM_GCC_493\Debug\Bootloader.a(Esp_UART.o)
 .debug_frame   0x000006f0       0x30 .\CortexM3\ARM_GCC_493\Debug\Bootloader.a(Esp_UART_INT.o)
 .debug_frame   0x00000720      0x25c .\CortexM3\ARM_GCC_493\Debug\Bootloader.a(Debug_UART.o)
 .debug_frame   0x0000097c       0x30 .\CortexM3\ARM_GCC_493\Debug\Bootloader.a(Debug_UART_INT.o)
 .debug_frame   0x000009ac      0x1a8 .\CortexM3\ARM_GCC_493\Debug\Bootloader.a(Bootloader.o)
 .debug_frame   0x00000b54       0x50 .\CortexM3\ARM_GCC_493\Debug\Bootloader.a(Slp_1.o)
 .debug_frame   0x00000ba4       0x50 .\CortexM3\ARM_GCC_493\Debug\Bootloader.a(Stp_1.o)
 .debug_frame   0x00000bf4       0x50 .\CortexM3\ARM_GCC_493\Debug\Bootloader.a(Dir_1.o)
 .debug_frame   0x00000c44       0x50 .\CortexM3\ARM_GCC_493\Debug\Bootloader.a(Slp_2.o)
 .debug_frame   0x00000c94       0x50 .\CortexM3\ARM_GCC_493\Debug\Bootloader.a(Stp_2.o)
 .debug_frame   0x00000ce4       0x50 .\CortexM3\ARM_GCC_493\Debug\Bootloader.a(Dir_2.o)
 .debug_frame   0x00000d34       0x50 .\CortexM3\ARM_GCC_493\Debug\Bootloader.a(Lim_1.o)
 .debug_frame   0x00000d84       0x50 .\CortexM3\ARM_GCC_493\Debug\Bootloader.a(Lim_2.o)
 .debug_frame   0x00000dd4       0x50 .\CortexM3\ARM_GCC_493\Debug\Bootloader.a(Em.o)
 .debug_frame   0x00000e24       0x50 .\CortexM3\ARM_GCC_493\Debug\Bootloader.a(Row_0.o)
 .debug_frame   0x00000e74       0x50 .\CortexM3\ARM_GCC_493\Debug\Bootloader.a(Col_0.o)
 .debug_frame   0x00000ec4       0x50 .\CortexM3\ARM_GCC_493\Debug\Bootloader.a(Col_1.o)
 .debug_frame   0x00000f14       0x50 .\CortexM3\ARM_GCC_493\Debug\Bootloader.a(Col_2.o)
 .debug_frame   0x00000f64       0x50 .\CortexM3\ARM_GCC_493\Debug\Bootloader.a(Col_3.o)
 .debug_frame   0x00000fb4       0x50 .\CortexM3\ARM_GCC_493\Debug\Bootloader.a(Col_4.o)
 .debug_frame   0x00001004       0x50 .\CortexM3\ARM_GCC_493\Debug\Bootloader.a(Col_5.o)
 .debug_frame   0x00001054       0x50 .\CortexM3\ARM_GCC_493\Debug\Bootloader.a(Col_6.o)
 .debug_frame   0x000010a4       0x50 .\CortexM3\ARM_GCC_493\Debug\Bootloader.a(Col_7.o)
 .debug_frame   0x000010f4       0x50 .\CortexM3\ARM_GCC_493\Debug\Bootloader.a(Col_8.o)
 .debug_frame   0x00001144       0x50 .\CortexM3\ARM_GCC_493\Debug\Bootloader.a(Col_9.o)
 .debug_frame   0x00001194       0x50 .\CortexM3\ARM_GCC_493\Debug\Bootloader.a(Col_10.o)
 .debug_frame   0x000011e4       0x50 .\CortexM3\ARM_GCC_493\Debug\Bootloader.a(Col_11.o)
 .debug_frame   0x00001234       0x50 .\CortexM3\ARM_GCC_493\Debug\Bootloader.a(Row_1.o)
 .debug_frame   0x00001284       0x50 .\CortexM3\ARM_GCC_493\Debug\Bootloader.a(Row_2.o)
 .debug_frame   0x000012d4       0x50 .\CortexM3\ARM_GCC_493\Debug\Bootloader.a(Row_3.o)
 .debug_frame   0x00001324       0x50 .\CortexM3\ARM_GCC_493\Debug\Bootloader.a(Row_4.o)
 .debug_frame   0x00001374       0x50 .\CortexM3\ARM_GCC_493\Debug\Bootloader.a(Row_5.o)
 .debug_frame   0x000013c4       0x50 .\CortexM3\ARM_GCC_493\Debug\Bootloader.a(Row_6.o)
 .debug_frame   0x00001414       0x50 .\CortexM3\ARM_GCC_493\Debug\Bootloader.a(Row_7.o)
 .debug_frame   0x00001464       0xe0 .\CortexM3\ARM_GCC_493\Debug\Bootloader.a(Esp_UART_IntClock.o)
 .debug_frame   0x00001544       0xe0 .\CortexM3\ARM_GCC_493\Debug\Bootloader.a(Debug_UART_IntClock.o)
 .debug_frame   0x00001624      0x174 .\CortexM3\ARM_GCC_493\Debug\Bootloader.a(CyFlash.o)
 .debug_frame   0x00001798      0x728 .\CortexM3\ARM_GCC_493\Debug\Bootloader.a(CyLib.o)
 .debug_frame   0x00001ec0      0x1f8 .\CortexM3\ARM_GCC_493\Debug\Bootloader.a(cyPm.o)
 .debug_frame   0x000020b8      0x160 .\CortexM3\ARM_GCC_493\Debug\Bootloader.a(CySpc.o)
 .debug_frame   0x00002218       0xb8 .\CortexM3\ARM_GCC_493\Debug\Bootloader.a(Debug_UART_BOOT.o)
 .debug_frame   0x000022d0       0x30 c:/program files (x86)/cypress/psoc creator/3.3/psoc creator/import/gnu/arm/4.9.3/bin/../lib/gcc/arm-none-eabi/4.9.3/../../../../arm-none-eabi/lib/armv7-m\libg_nano.a(lib_a-atoi.o)
 .debug_frame   0x00002300       0x20 c:/program files (x86)/cypress/psoc creator/3.3/psoc creator/import/gnu/arm/4.9.3/bin/../lib/gcc/arm-none-eabi/4.9.3/../../../../arm-none-eabi/lib/armv7-m\libg_nano.a(lib_a-errno.o)
 .debug_frame   0x00002320       0x28 c:/program files (x86)/cypress/psoc creator/3.3/psoc creator/import/gnu/arm/4.9.3/bin/../lib/gcc/arm-none-eabi/4.9.3/../../../../arm-none-eabi/lib/armv7-m\libg_nano.a(lib_a-exit.o)
 .debug_frame   0x00002348       0x2c c:/program files (x86)/cypress/psoc creator/3.3/psoc creator/import/gnu/arm/4.9.3/bin/../lib/gcc/arm-none-eabi/4.9.3/../../../../arm-none-eabi/lib/armv7-m\libg_nano.a(lib_a-init.o)
 .debug_frame   0x00002374       0x28 c:/program files (x86)/cypress/psoc creator/3.3/psoc creator/import/gnu/arm/4.9.3/bin/../lib/gcc/arm-none-eabi/4.9.3/../../../../arm-none-eabi/lib/armv7-m\libg_nano.a(lib_a-memcpy.o)
 .debug_frame   0x0000239c       0x20 c:/program files (x86)/cypress/psoc creator/3.3/psoc creator/import/gnu/arm/4.9.3/bin/../lib/gcc/arm-none-eabi/4.9.3/../../../../arm-none-eabi/lib/armv7-m\libg_nano.a(lib_a-memset.o)
 .debug_frame   0x000023bc       0x20 c:/program files (x86)/cypress/psoc creator/3.3/psoc creator/import/gnu/arm/4.9.3/bin/../lib/gcc/arm-none-eabi/4.9.3/../../../../arm-none-eabi/lib/armv7-m\libg_nano.a(lib_a-strlen.o)
 .debug_frame   0x000023dc       0x54 c:/program files (x86)/cypress/psoc creator/3.3/psoc creator/import/gnu/arm/4.9.3/bin/../lib/gcc/arm-none-eabi/4.9.3/../../../../arm-none-eabi/lib/armv7-m\libg_nano.a(lib_a-strtol.o)

.debug_str      0x00000000     0x30ff
 *(.debug_str)
 .debug_str     0x00000000      0x326 .\CortexM3\ARM_GCC_493\Debug\main.o
                                0x36d (size before relaxing)
 .debug_str     0x00000326      0x1d0 .\CortexM3\ARM_GCC_493\Debug\board.o
                                0x3e9 (size before relaxing)
 .debug_str     0x000004f6        0xc .\CortexM3\ARM_GCC_493\Debug\espwifi.o
                                 0xf9 (size before relaxing)
 .debug_str     0x00000502       0x86 .\CortexM3\ARM_GCC_493\Debug\cymetadata.o
                                0x218 (size before relaxing)
 .debug_str     0x00000588      0x16d .\CortexM3\ARM_GCC_493\Debug\Cm3Start.o
                                0x331 (size before relaxing)
 .debug_str     0x000006f5      0x261 .\CortexM3\ARM_GCC_493\Debug\Bootloader.a(cyfitter_cfg.o)
                                0x443 (size before relaxing)
 .debug_str     0x00000956      0x173 .\CortexM3\ARM_GCC_493\Debug\Bootloader.a(LCD.o)
                                0x33e (size before relaxing)
 .debug_str     0x00000ac9      0x422 .\CortexM3\ARM_GCC_493\Debug\Bootloader.a(Esp_UART.o)
                                0x658 (size before relaxing)
 .debug_str     0x00000eeb       0x6c .\CortexM3\ARM_GCC_493\Debug\Bootloader.a(Esp_UART_INT.o)
                                0x2cc (size before relaxing)
 .debug_str     0x00000f57      0x33e .\CortexM3\ARM_GCC_493\Debug\Bootloader.a(Debug_UART.o)
                                0x6a8 (size before relaxing)
 .debug_str     0x00001295       0x4c .\CortexM3\ARM_GCC_493\Debug\Bootloader.a(Debug_UART_INT.o)
                                0x2e4 (size before relaxing)
 .debug_str     0x000012e1      0x4bb .\CortexM3\ARM_GCC_493\Debug\Bootloader.a(Bootloader.o)
                                0x6dc (size before relaxing)
 .debug_str     0x0000179c       0x61 .\CortexM3\ARM_GCC_493\Debug\Bootloader.a(Slp_1.o)
                                0x201 (size before relaxing)
 .debug_str     0x000017fd       0x51 .\CortexM3\ARM_GCC_493\Debug\Bootloader.a(Stp_1.o)
                                0x201 (size before relaxing)
 .debug_str     0x0000184e       0x51 .\CortexM3\ARM_GCC_493\Debug\Bootloader.a(Dir_1.o)
                                0x201 (size before relaxing)
 .debug_str     0x0000189f       0x51 .\CortexM3\ARM_GCC_493\Debug\Bootloader.a(Slp_2.o)
                                0x201 (size before relaxing)
 .debug_str     0x000018f0       0x51 .\CortexM3\ARM_GCC_493\Debug\Bootloader.a(Stp_2.o)
                                0x201 (size before relaxing)
 .debug_str     0x00001941       0x51 .\CortexM3\ARM_GCC_493\Debug\Bootloader.a(Dir_2.o)
                                0x201 (size before relaxing)
 .debug_str     0x00001992       0x52 .\CortexM3\ARM_GCC_493\Debug\Bootloader.a(Lim_1.o)
                                0x201 (size before relaxing)
 .debug_str     0x000019e4       0x52 .\CortexM3\ARM_GCC_493\Debug\Bootloader.a(Lim_2.o)
                                0x201 (size before relaxing)
 .debug_str     0x00001a36       0x45 .\CortexM3\ARM_GCC_493\Debug\Bootloader.a(Em.o)
                                0x1f2 (size before relaxing)
 .debug_str     0x00001a7b       0x3e .\CortexM3\ARM_GCC_493\Debug\Bootloader.a(Row_0.o)
                                0x201 (size before relaxing)
 .debug_str     0x00001ab9       0x52 .\CortexM3\ARM_GCC_493\Debug\Bootloader.a(Col_0.o)
                                0x201 (size before relaxing)
 .debug_str     0x00001b0b       0x52 .\CortexM3\ARM_GCC_493\Debug\Bootloader.a(Col_1.o)
                                0x201 (size before relaxing)
 .debug_str     0x00001b5d       0x52 .\CortexM3\ARM_GCC_493\Debug\Bootloader.a(Col_2.o)
                                0x201 (size before relaxing)
 .debug_str     0x00001baf       0x52 .\CortexM3\ARM_GCC_493\Debug\Bootloader.a(Col_3.o)
                                0x201 (size before relaxing)
 .debug_str     0x00001c01       0x52 .\CortexM3\ARM_GCC_493\Debug\Bootloader.a(Col_4.o)
                                0x201 (size before relaxing)
 .debug_str     0x00001c53       0x52 .\CortexM3\ARM_GCC_493\Debug\Bootloader.a(Col_5.o)
                                0x201 (size before relaxing)
 .debug_str     0x00001ca5       0x52 .\CortexM3\ARM_GCC_493\Debug\Bootloader.a(Col_6.o)
                                0x201 (size before relaxing)
 .debug_str     0x00001cf7       0x52 .\CortexM3\ARM_GCC_493\Debug\Bootloader.a(Col_7.o)
                                0x201 (size before relaxing)
 .debug_str     0x00001d49       0x52 .\CortexM3\ARM_GCC_493\Debug\Bootloader.a(Col_8.o)
                                0x201 (size before relaxing)
 .debug_str     0x00001d9b       0x52 .\CortexM3\ARM_GCC_493\Debug\Bootloader.a(Col_9.o)
                                0x201 (size before relaxing)
 .debug_str     0x00001ded       0x56 .\CortexM3\ARM_GCC_493\Debug\Bootloader.a(Col_10.o)
                                0x206 (size before relaxing)
 .debug_str     0x00001e43       0x56 .\CortexM3\ARM_GCC_493\Debug\Bootloader.a(Col_11.o)
                                0x206 (size before relaxing)
 .debug_str     0x00001e99       0x3e .\CortexM3\ARM_GCC_493\Debug\Bootloader.a(Row_1.o)
                                0x201 (size before relaxing)
 .debug_str     0x00001ed7       0x3e .\CortexM3\ARM_GCC_493\Debug\Bootloader.a(Row_2.o)
                                0x201 (size before relaxing)
 .debug_str     0x00001f15       0x3e .\CortexM3\ARM_GCC_493\Debug\Bootloader.a(Row_3.o)
                                0x201 (size before relaxing)
 .debug_str     0x00001f53       0x3e .\CortexM3\ARM_GCC_493\Debug\Bootloader.a(Row_4.o)
                                0x201 (size before relaxing)
 .debug_str     0x00001f91       0x3e .\CortexM3\ARM_GCC_493\Debug\Bootloader.a(Row_5.o)
                                0x201 (size before relaxing)
 .debug_str     0x00001fcf       0x3e .\CortexM3\ARM_GCC_493\Debug\Bootloader.a(Row_6.o)
                                0x201 (size before relaxing)
 .debug_str     0x0000200d       0x3e .\CortexM3\ARM_GCC_493\Debug\Bootloader.a(Row_7.o)
                                0x201 (size before relaxing)
 .debug_str     0x0000204b      0x1b3 .\CortexM3\ARM_GCC_493\Debug\Bootloader.a(Esp_UART_IntClock.o)
                                0x385 (size before relaxing)
 .debug_str     0x000021fe      0x176 .\CortexM3\ARM_GCC_493\Debug\Bootloader.a(Debug_UART_IntClock.o)
                                0x39d (size before relaxing)
 .debug_str     0x00002374      0x17a .\CortexM3\ARM_GCC_493\Debug\Bootloader.a(CyFlash.o)
                                0x3b4 (size before relaxing)
 .debug_str     0x000024ee      0x78b .\CortexM3\ARM_GCC_493\Debug\Bootloader.a(CyLib.o)
                                0xa42 (size before relaxing)
 .debug_str     0x00002c79      0x345 .\CortexM3\ARM_GCC_493\Debug\Bootloader.a(cyPm.o)
                                0x73a (size before relaxing)
 .debug_str     0x00002fbe       0xae .\CortexM3\ARM_GCC_493\Debug\Bootloader.a(CySpc.o)
                                0x33d (size before relaxing)
 .debug_str     0x0000306c       0x93 .\CortexM3\ARM_GCC_493\Debug\Bootloader.a(Debug_UART_BOOT.o)
                                0x351 (size before relaxing)

.debug_loc      0x00000000     0x406e
 *(.debug_loc)
 .debug_loc     0x00000000      0x1f4 .\CortexM3\ARM_GCC_493\Debug\main.o
 .debug_loc     0x000001f4       0xfe .\CortexM3\ARM_GCC_493\Debug\board.o
 .debug_loc     0x000002f2      0x144 .\CortexM3\ARM_GCC_493\Debug\Cm3Start.o
 .debug_loc     0x00000436      0x2eb .\CortexM3\ARM_GCC_493\Debug\Bootloader.a(cyfitter_cfg.o)
 .debug_loc     0x00000721      0x3c6 .\CortexM3\ARM_GCC_493\Debug\Bootloader.a(LCD.o)
 .debug_loc     0x00000ae7      0x36c .\CortexM3\ARM_GCC_493\Debug\Bootloader.a(Esp_UART.o)
 .debug_loc     0x00000e53       0x45 .\CortexM3\ARM_GCC_493\Debug\Bootloader.a(Esp_UART_INT.o)
 .debug_loc     0x00000e98      0x36c .\CortexM3\ARM_GCC_493\Debug\Bootloader.a(Debug_UART.o)
 .debug_loc     0x00001204       0x45 .\CortexM3\ARM_GCC_493\Debug\Bootloader.a(Debug_UART_INT.o)
 .debug_loc     0x00001249      0xcec .\CortexM3\ARM_GCC_493\Debug\Bootloader.a(Bootloader.o)
 .debug_loc     0x00001f35       0x42 .\CortexM3\ARM_GCC_493\Debug\Bootloader.a(Slp_1.o)
 .debug_loc     0x00001f77       0x42 .\CortexM3\ARM_GCC_493\Debug\Bootloader.a(Stp_1.o)
 .debug_loc     0x00001fb9       0x42 .\CortexM3\ARM_GCC_493\Debug\Bootloader.a(Dir_1.o)
 .debug_loc     0x00001ffb       0x42 .\CortexM3\ARM_GCC_493\Debug\Bootloader.a(Slp_2.o)
 .debug_loc     0x0000203d       0x42 .\CortexM3\ARM_GCC_493\Debug\Bootloader.a(Stp_2.o)
 .debug_loc     0x0000207f       0x42 .\CortexM3\ARM_GCC_493\Debug\Bootloader.a(Dir_2.o)
 .debug_loc     0x000020c1       0x42 .\CortexM3\ARM_GCC_493\Debug\Bootloader.a(Lim_1.o)
 .debug_loc     0x00002103       0x55 .\CortexM3\ARM_GCC_493\Debug\Bootloader.a(Lim_2.o)
 .debug_loc     0x00002158       0x42 .\CortexM3\ARM_GCC_493\Debug\Bootloader.a(Em.o)
 .debug_loc     0x0000219a       0x42 .\CortexM3\ARM_GCC_493\Debug\Bootloader.a(Row_0.o)
 .debug_loc     0x000021dc       0x42 .\CortexM3\ARM_GCC_493\Debug\Bootloader.a(Col_0.o)
 .debug_loc     0x0000221e       0x42 .\CortexM3\ARM_GCC_493\Debug\Bootloader.a(Col_1.o)
 .debug_loc     0x00002260       0x42 .\CortexM3\ARM_GCC_493\Debug\Bootloader.a(Col_2.o)
 .debug_loc     0x000022a2       0x42 .\CortexM3\ARM_GCC_493\Debug\Bootloader.a(Col_3.o)
 .debug_loc     0x000022e4       0x42 .\CortexM3\ARM_GCC_493\Debug\Bootloader.a(Col_4.o)
 .debug_loc     0x00002326       0x42 .\CortexM3\ARM_GCC_493\Debug\Bootloader.a(Col_5.o)
 .debug_loc     0x00002368       0x42 .\CortexM3\ARM_GCC_493\Debug\Bootloader.a(Col_6.o)
 .debug_loc     0x000023aa       0x55 .\CortexM3\ARM_GCC_493\Debug\Bootloader.a(Col_7.o)
 .debug_loc     0x000023ff       0x42 .\CortexM3\ARM_GCC_493\Debug\Bootloader.a(Col_8.o)
 .debug_loc     0x00002441       0x42 .\CortexM3\ARM_GCC_493\Debug\Bootloader.a(Col_9.o)
 .debug_loc     0x00002483       0x42 .\CortexM3\ARM_GCC_493\Debug\Bootloader.a(Col_10.o)
 .debug_loc     0x000024c5       0x42 .\CortexM3\ARM_GCC_493\Debug\Bootloader.a(Col_11.o)
 .debug_loc     0x00002507       0x42 .\CortexM3\ARM_GCC_493\Debug\Bootloader.a(Row_1.o)
 .debug_loc     0x00002549       0x42 .\CortexM3\ARM_GCC_493\Debug\Bootloader.a(Row_2.o)
 .debug_loc     0x0000258b       0x42 .\CortexM3\ARM_GCC_493\Debug\Bootloader.a(Row_3.o)
 .debug_loc     0x000025cd       0x42 .\CortexM3\ARM_GCC_493\Debug\Bootloader.a(Row_4.o)
 .debug_loc     0x0000260f       0x42 .\CortexM3\ARM_GCC_493\Debug\Bootloader.a(Row_5.o)
 .debug_loc     0x00002651       0x42 .\CortexM3\ARM_GCC_493\Debug\Bootloader.a(Row_6.o)
 .debug_loc     0x00002693       0x55 .\CortexM3\ARM_GCC_493\Debug\Bootloader.a(Row_7.o)
 .debug_loc     0x000026e8      0x12c .\CortexM3\ARM_GCC_493\Debug\Bootloader.a(Esp_UART_IntClock.o)
 .debug_loc     0x00002814      0x128 .\CortexM3\ARM_GCC_493\Debug\Bootloader.a(Debug_UART_IntClock.o)
 .debug_loc     0x0000293c      0x300 .\CortexM3\ARM_GCC_493\Debug\Bootloader.a(CyFlash.o)
 .debug_loc     0x00002c3c      0xa11 .\CortexM3\ARM_GCC_493\Debug\Bootloader.a(CyLib.o)
 .debug_loc     0x0000364d      0x1e4 .\CortexM3\ARM_GCC_493\Debug\Bootloader.a(cyPm.o)
 .debug_loc     0x00003831      0x64d .\CortexM3\ARM_GCC_493\Debug\Bootloader.a(CySpc.o)
 .debug_loc     0x00003e7e      0x1f0 .\CortexM3\ARM_GCC_493\Debug\Bootloader.a(Debug_UART_BOOT.o)

.debug_macinfo
 *(.debug_macinfo)

.debug_ranges   0x00000000      0xee0
 *(.debug_ranges)
 .debug_ranges  0x00000000       0x98 .\CortexM3\ARM_GCC_493\Debug\main.o
 .debug_ranges  0x00000098       0x28 .\CortexM3\ARM_GCC_493\Debug\board.o
 .debug_ranges  0x000000c0       0x38 .\CortexM3\ARM_GCC_493\Debug\Cm3Start.o
 .debug_ranges  0x000000f8       0x50 .\CortexM3\ARM_GCC_493\Debug\Bootloader.a(cyfitter_cfg.o)
 .debug_ranges  0x00000148       0x88 .\CortexM3\ARM_GCC_493\Debug\Bootloader.a(LCD.o)
 .debug_ranges  0x000001d0       0xe0 .\CortexM3\ARM_GCC_493\Debug\Bootloader.a(Esp_UART.o)
 .debug_ranges  0x000002b0       0x18 .\CortexM3\ARM_GCC_493\Debug\Bootloader.a(Esp_UART_INT.o)
 .debug_ranges  0x000002c8       0xe0 .\CortexM3\ARM_GCC_493\Debug\Bootloader.a(Debug_UART.o)
 .debug_ranges  0x000003a8       0x18 .\CortexM3\ARM_GCC_493\Debug\Bootloader.a(Debug_UART_INT.o)
 .debug_ranges  0x000003c0      0x1c0 .\CortexM3\ARM_GCC_493\Debug\Bootloader.a(Bootloader.o)
 .debug_ranges  0x00000580       0x28 .\CortexM3\ARM_GCC_493\Debug\Bootloader.a(Slp_1.o)
 .debug_ranges  0x000005a8       0x28 .\CortexM3\ARM_GCC_493\Debug\Bootloader.a(Stp_1.o)
 .debug_ranges  0x000005d0       0x28 .\CortexM3\ARM_GCC_493\Debug\Bootloader.a(Dir_1.o)
 .debug_ranges  0x000005f8       0x28 .\CortexM3\ARM_GCC_493\Debug\Bootloader.a(Slp_2.o)
 .debug_ranges  0x00000620       0x28 .\CortexM3\ARM_GCC_493\Debug\Bootloader.a(Stp_2.o)
 .debug_ranges  0x00000648       0x28 .\CortexM3\ARM_GCC_493\Debug\Bootloader.a(Dir_2.o)
 .debug_ranges  0x00000670       0x28 .\CortexM3\ARM_GCC_493\Debug\Bootloader.a(Lim_1.o)
 .debug_ranges  0x00000698       0x28 .\CortexM3\ARM_GCC_493\Debug\Bootloader.a(Lim_2.o)
 .debug_ranges  0x000006c0       0x28 .\CortexM3\ARM_GCC_493\Debug\Bootloader.a(Em.o)
 .debug_ranges  0x000006e8       0x28 .\CortexM3\ARM_GCC_493\Debug\Bootloader.a(Row_0.o)
 .debug_ranges  0x00000710       0x28 .\CortexM3\ARM_GCC_493\Debug\Bootloader.a(Col_0.o)
 .debug_ranges  0x00000738       0x28 .\CortexM3\ARM_GCC_493\Debug\Bootloader.a(Col_1.o)
 .debug_ranges  0x00000760       0x28 .\CortexM3\ARM_GCC_493\Debug\Bootloader.a(Col_2.o)
 .debug_ranges  0x00000788       0x28 .\CortexM3\ARM_GCC_493\Debug\Bootloader.a(Col_3.o)
 .debug_ranges  0x000007b0       0x28 .\CortexM3\ARM_GCC_493\Debug\Bootloader.a(Col_4.o)
 .debug_ranges  0x000007d8       0x28 .\CortexM3\ARM_GCC_493\Debug\Bootloader.a(Col_5.o)
 .debug_ranges  0x00000800       0x28 .\CortexM3\ARM_GCC_493\Debug\Bootloader.a(Col_6.o)
 .debug_ranges  0x00000828       0x28 .\CortexM3\ARM_GCC_493\Debug\Bootloader.a(Col_7.o)
 .debug_ranges  0x00000850       0x28 .\CortexM3\ARM_GCC_493\Debug\Bootloader.a(Col_8.o)
 .debug_ranges  0x00000878       0x28 .\CortexM3\ARM_GCC_493\Debug\Bootloader.a(Col_9.o)
 .debug_ranges  0x000008a0       0x28 .\CortexM3\ARM_GCC_493\Debug\Bootloader.a(Col_10.o)
 .debug_ranges  0x000008c8       0x28 .\CortexM3\ARM_GCC_493\Debug\Bootloader.a(Col_11.o)
 .debug_ranges  0x000008f0       0x28 .\CortexM3\ARM_GCC_493\Debug\Bootloader.a(Row_1.o)
 .debug_ranges  0x00000918       0x28 .\CortexM3\ARM_GCC_493\Debug\Bootloader.a(Row_2.o)
 .debug_ranges  0x00000940       0x28 .\CortexM3\ARM_GCC_493\Debug\Bootloader.a(Row_3.o)
 .debug_ranges  0x00000968       0x28 .\CortexM3\ARM_GCC_493\Debug\Bootloader.a(Row_4.o)
 .debug_ranges  0x00000990       0x28 .\CortexM3\ARM_GCC_493\Debug\Bootloader.a(Row_5.o)
 .debug_ranges  0x000009b8       0x28 .\CortexM3\ARM_GCC_493\Debug\Bootloader.a(Row_6.o)
 .debug_ranges  0x000009e0       0x28 .\CortexM3\ARM_GCC_493\Debug\Bootloader.a(Row_7.o)
 .debug_ranges  0x00000a08       0x60 .\CortexM3\ARM_GCC_493\Debug\Bootloader.a(Esp_UART_IntClock.o)
 .debug_ranges  0x00000a68       0x60 .\CortexM3\ARM_GCC_493\Debug\Bootloader.a(Debug_UART_IntClock.o)
 .debug_ranges  0x00000ac8       0x70 .\CortexM3\ARM_GCC_493\Debug\Bootloader.a(CyFlash.o)
 .debug_ranges  0x00000b38      0x288 .\CortexM3\ARM_GCC_493\Debug\Bootloader.a(CyLib.o)
 .debug_ranges  0x00000dc0       0x88 .\CortexM3\ARM_GCC_493\Debug\Bootloader.a(cyPm.o)
 .debug_ranges  0x00000e48       0x68 .\CortexM3\ARM_GCC_493\Debug\Bootloader.a(CySpc.o)
 .debug_ranges  0x00000eb0       0x30 .\CortexM3\ARM_GCC_493\Debug\Bootloader.a(Debug_UART_BOOT.o)

.comment        0x00000000       0x70
 .comment       0x00000000       0x70 .\CortexM3\ARM_GCC_493\Debug\main.o
                                 0x71 (size before relaxing)
 .comment       0x00000000       0x71 .\CortexM3\ARM_GCC_493\Debug\board.o
 .comment       0x00000000       0x71 .\CortexM3\ARM_GCC_493\Debug\espwifi.o
 .comment       0x00000000       0x71 .\CortexM3\ARM_GCC_493\Debug\cymetadata.o
 .comment       0x00000000       0x71 .\CortexM3\ARM_GCC_493\Debug\Cm3Start.o
 .comment       0x00000000       0x71 .\CortexM3\ARM_GCC_493\Debug\Bootloader.a(cyfitter_cfg.o)
 .comment       0x00000000       0x71 .\CortexM3\ARM_GCC_493\Debug\Bootloader.a(LCD.o)
 .comment       0x00000000       0x71 .\CortexM3\ARM_GCC_493\Debug\Bootloader.a(Esp_UART.o)
 .comment       0x00000000       0x71 .\CortexM3\ARM_GCC_493\Debug\Bootloader.a(Esp_UART_INT.o)
 .comment       0x00000000       0x71 .\CortexM3\ARM_GCC_493\Debug\Bootloader.a(Debug_UART.o)
 .comment       0x00000000       0x71 .\CortexM3\ARM_GCC_493\Debug\Bootloader.a(Debug_UART_INT.o)
 .comment       0x00000000       0x71 .\CortexM3\ARM_GCC_493\Debug\Bootloader.a(Bootloader.o)
 .comment       0x00000000       0x71 .\CortexM3\ARM_GCC_493\Debug\Bootloader.a(Slp_1.o)
 .comment       0x00000000       0x71 .\CortexM3\ARM_GCC_493\Debug\Bootloader.a(Stp_1.o)
 .comment       0x00000000       0x71 .\CortexM3\ARM_GCC_493\Debug\Bootloader.a(Dir_1.o)
 .comment       0x00000000       0x71 .\CortexM3\ARM_GCC_493\Debug\Bootloader.a(Slp_2.o)
 .comment       0x00000000       0x71 .\CortexM3\ARM_GCC_493\Debug\Bootloader.a(Stp_2.o)
 .comment       0x00000000       0x71 .\CortexM3\ARM_GCC_493\Debug\Bootloader.a(Dir_2.o)
 .comment       0x00000000       0x71 .\CortexM3\ARM_GCC_493\Debug\Bootloader.a(Lim_1.o)
 .comment       0x00000000       0x71 .\CortexM3\ARM_GCC_493\Debug\Bootloader.a(Lim_2.o)
 .comment       0x00000000       0x71 .\CortexM3\ARM_GCC_493\Debug\Bootloader.a(Em.o)
 .comment       0x00000000       0x71 .\CortexM3\ARM_GCC_493\Debug\Bootloader.a(Row_0.o)
 .comment       0x00000000       0x71 .\CortexM3\ARM_GCC_493\Debug\Bootloader.a(Col_0.o)
 .comment       0x00000000       0x71 .\CortexM3\ARM_GCC_493\Debug\Bootloader.a(Col_1.o)
 .comment       0x00000000       0x71 .\CortexM3\ARM_GCC_493\Debug\Bootloader.a(Col_2.o)
 .comment       0x00000000       0x71 .\CortexM3\ARM_GCC_493\Debug\Bootloader.a(Col_3.o)
 .comment       0x00000000       0x71 .\CortexM3\ARM_GCC_493\Debug\Bootloader.a(Col_4.o)
 .comment       0x00000000       0x71 .\CortexM3\ARM_GCC_493\Debug\Bootloader.a(Col_5.o)
 .comment       0x00000000       0x71 .\CortexM3\ARM_GCC_493\Debug\Bootloader.a(Col_6.o)
 .comment       0x00000000       0x71 .\CortexM3\ARM_GCC_493\Debug\Bootloader.a(Col_7.o)
 .comment       0x00000000       0x71 .\CortexM3\ARM_GCC_493\Debug\Bootloader.a(Col_8.o)
 .comment       0x00000000       0x71 .\CortexM3\ARM_GCC_493\Debug\Bootloader.a(Col_9.o)
 .comment       0x00000000       0x71 .\CortexM3\ARM_GCC_493\Debug\Bootloader.a(Col_10.o)
 .comment       0x00000000       0x71 .\CortexM3\ARM_GCC_493\Debug\Bootloader.a(Col_11.o)
 .comment       0x00000000       0x71 .\CortexM3\ARM_GCC_493\Debug\Bootloader.a(Row_1.o)
 .comment       0x00000000       0x71 .\CortexM3\ARM_GCC_493\Debug\Bootloader.a(Row_2.o)
 .comment       0x00000000       0x71 .\CortexM3\ARM_GCC_493\Debug\Bootloader.a(Row_3.o)
 .comment       0x00000000       0x71 .\CortexM3\ARM_GCC_493\Debug\Bootloader.a(Row_4.o)
 .comment       0x00000000       0x71 .\CortexM3\ARM_GCC_493\Debug\Bootloader.a(Row_5.o)
 .comment       0x00000000       0x71 .\CortexM3\ARM_GCC_493\Debug\Bootloader.a(Row_6.o)
 .comment       0x00000000       0x71 .\CortexM3\ARM_GCC_493\Debug\Bootloader.a(Row_7.o)
 .comment       0x00000000       0x71 .\CortexM3\ARM_GCC_493\Debug\Bootloader.a(Esp_UART_IntClock.o)
 .comment       0x00000000       0x71 .\CortexM3\ARM_GCC_493\Debug\Bootloader.a(Debug_UART_IntClock.o)
 .comment       0x00000000       0x71 .\CortexM3\ARM_GCC_493\Debug\Bootloader.a(CyFlash.o)
 .comment       0x00000000       0x71 .\CortexM3\ARM_GCC_493\Debug\Bootloader.a(CyLib.o)
 .comment       0x00000000       0x71 .\CortexM3\ARM_GCC_493\Debug\Bootloader.a(cyPm.o)
 .comment       0x00000000       0x71 .\CortexM3\ARM_GCC_493\Debug\Bootloader.a(CySpc.o)
 .comment       0x00000000       0x71 .\CortexM3\ARM_GCC_493\Debug\Bootloader.a(Debug_UART_BOOT.o)

.debug_weaknames
 *(.debug_weaknames)

.debug_funcnames
 *(.debug_funcnames)

.debug_typenames
 *(.debug_typenames)

.debug_varnames
 *(.debug_varnames)

.note.gnu.arm.ident
 *(.note.gnu.arm.ident)

.ARM.attributes
                0x00000000       0x29
 *(.ARM.attributes)
 .ARM.attributes
                0x00000000       0x1d c:/program files (x86)/cypress/psoc creator/3.3/psoc creator/import/gnu/arm/4.9.3/bin/../lib/gcc/arm-none-eabi/4.9.3/armv7-m/crti.o
 .ARM.attributes
                0x0000001d       0x2d c:/program files (x86)/cypress/psoc creator/3.3/psoc creator/import/gnu/arm/4.9.3/bin/../lib/gcc/arm-none-eabi/4.9.3/armv7-m/crtbegin.o
 .ARM.attributes
                0x0000004a       0x1b c:/program files (x86)/cypress/psoc creator/3.3/psoc creator/import/gnu/arm/4.9.3/bin/../lib/gcc/arm-none-eabi/4.9.3/../../../../arm-none-eabi/lib/armv7-m/crt0.o
 .ARM.attributes
                0x00000065       0x33 .\CortexM3\ARM_GCC_493\Debug\main.o
 .ARM.attributes
                0x00000098       0x33 .\CortexM3\ARM_GCC_493\Debug\board.o
 .ARM.attributes
                0x000000cb       0x33 .\CortexM3\ARM_GCC_493\Debug\espwifi.o
 .ARM.attributes
                0x000000fe       0x33 .\CortexM3\ARM_GCC_493\Debug\cymetadata.o
 .ARM.attributes
                0x00000131       0x33 .\CortexM3\ARM_GCC_493\Debug\Cm3Start.o
 .ARM.attributes
                0x00000164       0x33 .\CortexM3\ARM_GCC_493\Debug\Bootloader.a(cyfitter_cfg.o)
 .ARM.attributes
                0x00000197       0x33 .\CortexM3\ARM_GCC_493\Debug\Bootloader.a(LCD.o)
 .ARM.attributes
                0x000001ca       0x33 .\CortexM3\ARM_GCC_493\Debug\Bootloader.a(Esp_UART.o)
 .ARM.attributes
                0x000001fd       0x33 .\CortexM3\ARM_GCC_493\Debug\Bootloader.a(Esp_UART_INT.o)
 .ARM.attributes
                0x00000230       0x33 .\CortexM3\ARM_GCC_493\Debug\Bootloader.a(Debug_UART.o)
 .ARM.attributes
                0x00000263       0x33 .\CortexM3\ARM_GCC_493\Debug\Bootloader.a(Debug_UART_INT.o)
 .ARM.attributes
                0x00000296       0x33 .\CortexM3\ARM_GCC_493\Debug\Bootloader.a(Bootloader.o)
 .ARM.attributes
                0x000002c9       0x33 .\CortexM3\ARM_GCC_493\Debug\Bootloader.a(Slp_1.o)
 .ARM.attributes
                0x000002fc       0x33 .\CortexM3\ARM_GCC_493\Debug\Bootloader.a(Stp_1.o)
 .ARM.attributes
                0x0000032f       0x33 .\CortexM3\ARM_GCC_493\Debug\Bootloader.a(Dir_1.o)
 .ARM.attributes
                0x00000362       0x33 .\CortexM3\ARM_GCC_493\Debug\Bootloader.a(Slp_2.o)
 .ARM.attributes
                0x00000395       0x33 .\CortexM3\ARM_GCC_493\Debug\Bootloader.a(Stp_2.o)
 .ARM.attributes
                0x000003c8       0x33 .\CortexM3\ARM_GCC_493\Debug\Bootloader.a(Dir_2.o)
 .ARM.attributes
                0x000003fb       0x33 .\CortexM3\ARM_GCC_493\Debug\Bootloader.a(Lim_1.o)
 .ARM.attributes
                0x0000042e       0x33 .\CortexM3\ARM_GCC_493\Debug\Bootloader.a(Lim_2.o)
 .ARM.attributes
                0x00000461       0x33 .\CortexM3\ARM_GCC_493\Debug\Bootloader.a(Em.o)
 .ARM.attributes
                0x00000494       0x33 .\CortexM3\ARM_GCC_493\Debug\Bootloader.a(Row_0.o)
 .ARM.attributes
                0x000004c7       0x33 .\CortexM3\ARM_GCC_493\Debug\Bootloader.a(Col_0.o)
 .ARM.attributes
                0x000004fa       0x33 .\CortexM3\ARM_GCC_493\Debug\Bootloader.a(Col_1.o)
 .ARM.attributes
                0x0000052d       0x33 .\CortexM3\ARM_GCC_493\Debug\Bootloader.a(Col_2.o)
 .ARM.attributes
                0x00000560       0x33 .\CortexM3\ARM_GCC_493\Debug\Bootloader.a(Col_3.o)
 .ARM.attributes
                0x00000593       0x33 .\CortexM3\ARM_GCC_493\Debug\Bootloader.a(Col_4.o)
 .ARM.attributes
                0x000005c6       0x33 .\CortexM3\ARM_GCC_493\Debug\Bootloader.a(Col_5.o)
 .ARM.attributes
                0x000005f9       0x33 .\CortexM3\ARM_GCC_493\Debug\Bootloader.a(Col_6.o)
 .ARM.attributes
                0x0000062c       0x33 .\CortexM3\ARM_GCC_493\Debug\Bootloader.a(Col_7.o)
 .ARM.attributes
                0x0000065f       0x33 .\CortexM3\ARM_GCC_493\Debug\Bootloader.a(Col_8.o)
 .ARM.attributes
                0x00000692       0x33 .\CortexM3\ARM_GCC_493\Debug\Bootloader.a(Col_9.o)
 .ARM.attributes
                0x000006c5       0x33 .\CortexM3\ARM_GCC_493\Debug\Bootloader.a(Col_10.o)
 .ARM.attributes
                0x000006f8       0x33 .\CortexM3\ARM_GCC_493\Debug\Bootloader.a(Col_11.o)
 .ARM.attributes
                0x0000072b       0x33 .\CortexM3\ARM_GCC_493\Debug\Bootloader.a(Row_1.o)
 .ARM.attributes
                0x0000075e       0x33 .\CortexM3\ARM_GCC_493\Debug\Bootloader.a(Row_2.o)
 .ARM.attributes
                0x00000791       0x33 .\CortexM3\ARM_GCC_493\Debug\Bootloader.a(Row_3.o)
 .ARM.attributes
                0x000007c4       0x33 .\CortexM3\ARM_GCC_493\Debug\Bootloader.a(Row_4.o)
 .ARM.attributes
                0x000007f7       0x33 .\CortexM3\ARM_GCC_493\Debug\Bootloader.a(Row_5.o)
 .ARM.attributes
                0x0000082a       0x33 .\CortexM3\ARM_GCC_493\Debug\Bootloader.a(Row_6.o)
 .ARM.attributes
                0x0000085d       0x33 .\CortexM3\ARM_GCC_493\Debug\Bootloader.a(Row_7.o)
 .ARM.attributes
                0x00000890       0x33 .\CortexM3\ARM_GCC_493\Debug\Bootloader.a(Esp_UART_IntClock.o)
 .ARM.attributes
                0x000008c3       0x33 .\CortexM3\ARM_GCC_493\Debug\Bootloader.a(Debug_UART_IntClock.o)
 .ARM.attributes
                0x000008f6       0x21 .\CortexM3\ARM_GCC_493\Debug\Bootloader.a(CyBootAsmGnu.o)
 .ARM.attributes
                0x00000917       0x33 .\CortexM3\ARM_GCC_493\Debug\Bootloader.a(CyFlash.o)
 .ARM.attributes
                0x0000094a       0x33 .\CortexM3\ARM_GCC_493\Debug\Bootloader.a(CyLib.o)
 .ARM.attributes
                0x0000097d       0x33 .\CortexM3\ARM_GCC_493\Debug\Bootloader.a(cyPm.o)
 .ARM.attributes
                0x000009b0       0x33 .\CortexM3\ARM_GCC_493\Debug\Bootloader.a(CySpc.o)
 .ARM.attributes
                0x000009e3       0x33 .\CortexM3\ARM_GCC_493\Debug\Bootloader.a(Debug_UART_BOOT.o)
 .ARM.attributes
                0x00000a16       0x1d c:/program files (x86)/cypress/psoc creator/3.3/psoc creator/import/gnu/arm/4.9.3/bin/../lib/gcc/arm-none-eabi/4.9.3/armv7-m\libgcc.a(_arm_addsubdf3.o)
 .ARM.attributes
                0x00000a33       0x1d c:/program files (x86)/cypress/psoc creator/3.3/psoc creator/import/gnu/arm/4.9.3/bin/../lib/gcc/arm-none-eabi/4.9.3/armv7-m\libgcc.a(_arm_muldivdf3.o)
 .ARM.attributes
                0x00000a50       0x1d c:/program files (x86)/cypress/psoc creator/3.3/psoc creator/import/gnu/arm/4.9.3/bin/../lib/gcc/arm-none-eabi/4.9.3/armv7-m\libgcc.a(_arm_cmpdf2.o)
 .ARM.attributes
                0x00000a6d       0x2d c:/program files (x86)/cypress/psoc creator/3.3/psoc creator/import/gnu/arm/4.9.3/bin/../lib/gcc/arm-none-eabi/4.9.3/../../../../arm-none-eabi/lib/armv7-m\libg_nano.a(lib_a-atoi.o)
 .ARM.attributes
                0x00000a9a       0x2d c:/program files (x86)/cypress/psoc creator/3.3/psoc creator/import/gnu/arm/4.9.3/bin/../lib/gcc/arm-none-eabi/4.9.3/../../../../arm-none-eabi/lib/armv7-m\libg_nano.a(lib_a-errno.o)
 .ARM.attributes
                0x00000ac7       0x2d c:/program files (x86)/cypress/psoc creator/3.3/psoc creator/import/gnu/arm/4.9.3/bin/../lib/gcc/arm-none-eabi/4.9.3/../../../../arm-none-eabi/lib/armv7-m\libg_nano.a(lib_a-exit.o)
 .ARM.attributes
                0x00000af4       0x2d c:/program files (x86)/cypress/psoc creator/3.3/psoc creator/import/gnu/arm/4.9.3/bin/../lib/gcc/arm-none-eabi/4.9.3/../../../../arm-none-eabi/lib/armv7-m\libg_nano.a(lib_a-impure.o)
 .ARM.attributes
                0x00000b21       0x2d c:/program files (x86)/cypress/psoc creator/3.3/psoc creator/import/gnu/arm/4.9.3/bin/../lib/gcc/arm-none-eabi/4.9.3/../../../../arm-none-eabi/lib/armv7-m\libg_nano.a(lib_a-init.o)
 .ARM.attributes
                0x00000b4e       0x2d c:/program files (x86)/cypress/psoc creator/3.3/psoc creator/import/gnu/arm/4.9.3/bin/../lib/gcc/arm-none-eabi/4.9.3/../../../../arm-none-eabi/lib/armv7-m\libg_nano.a(lib_a-memcpy.o)
 .ARM.attributes
                0x00000b7b       0x2d c:/program files (x86)/cypress/psoc creator/3.3/psoc creator/import/gnu/arm/4.9.3/bin/../lib/gcc/arm-none-eabi/4.9.3/../../../../arm-none-eabi/lib/armv7-m\libg_nano.a(lib_a-memset.o)
 .ARM.attributes
                0x00000ba8       0x2d c:/program files (x86)/cypress/psoc creator/3.3/psoc creator/import/gnu/arm/4.9.3/bin/../lib/gcc/arm-none-eabi/4.9.3/../../../../arm-none-eabi/lib/armv7-m\libg_nano.a(lib_a-strlen.o)
 .ARM.attributes
                0x00000bd5       0x2d c:/program files (x86)/cypress/psoc creator/3.3/psoc creator/import/gnu/arm/4.9.3/bin/../lib/gcc/arm-none-eabi/4.9.3/../../../../arm-none-eabi/lib/armv7-m\libg_nano.a(lib_a-strtol.o)
 .ARM.attributes
                0x00000c02       0x2d c:/program files (x86)/cypress/psoc creator/3.3/psoc creator/import/gnu/arm/4.9.3/bin/../lib/gcc/arm-none-eabi/4.9.3/../../../../arm-none-eabi/lib/armv7-m\libg_nano.a(lib_a-ctype_.o)
 .ARM.attributes
                0x00000c2f       0x2d c:/program files (x86)/cypress/psoc creator/3.3/psoc creator/import/gnu/arm/4.9.3/bin/../lib/gcc/arm-none-eabi/4.9.3/armv7-m/crtend.o
 .ARM.attributes
                0x00000c5c       0x1d c:/program files (x86)/cypress/psoc creator/3.3/psoc creator/import/gnu/arm/4.9.3/bin/../lib/gcc/arm-none-eabi/4.9.3/armv7-m/crtn.o

/DISCARD/
 *(.note.GNU-stack)
OUTPUT(.\CortexM3\ARM_GCC_493\Debug\Bootloader.elf elf32-littlearm)
