Archive member included because of file (symbol)

.\CortexM3\ARM_GCC_493\Debug\Bootloader.a(cyfitter_cfg.o)
                              .\CortexM3\ARM_GCC_493\Debug\Cm3Start.o (cyfitter_cfg)
.\CortexM3\ARM_GCC_493\Debug\Bootloader.a(LCD.o)
                              .\CortexM3\ARM_GCC_493\Debug\main.o (LCD_Start)
.\CortexM3\ARM_GCC_493\Debug\Bootloader.a(Esp_UART.o)
                              .\CortexM3\ARM_GCC_493\Debug\main.o (Esp_UART_Start)
.\CortexM3\ARM_GCC_493\Debug\Bootloader.a(Esp_UART_INT.o)
                              .\CortexM3\ARM_GCC_493\Debug\Bootloader.a(Esp_UART.o) (Esp_UART_RXISR)
.\CortexM3\ARM_GCC_493\Debug\Bootloader.a(Debug_UART.o)
                              .\CortexM3\ARM_GCC_493\Debug\main.o (Debug_UART_Start)
.\CortexM3\ARM_GCC_493\Debug\Bootloader.a(Debug_UART_INT.o)
                              .\CortexM3\ARM_GCC_493\Debug\Bootloader.a(Debug_UART.o) (Debug_UART_RXISR)
.\CortexM3\ARM_GCC_493\Debug\Bootloader.a(Bootloader.o)
                              .\CortexM3\ARM_GCC_493\Debug\Cm3Start.o (CyBtldr_CheckLaunch)
.\CortexM3\ARM_GCC_493\Debug\Bootloader.a(Slp_1.o)
                              .\CortexM3\ARM_GCC_493\Debug\board.o (Slp_1_Write)
.\CortexM3\ARM_GCC_493\Debug\Bootloader.a(Stp_1.o)
                              .\CortexM3\ARM_GCC_493\Debug\board.o (Stp_1_Write)
.\CortexM3\ARM_GCC_493\Debug\Bootloader.a(Dir_1.o)
                              .\CortexM3\ARM_GCC_493\Debug\board.o (Dir_1_Write)
.\CortexM3\ARM_GCC_493\Debug\Bootloader.a(Slp_2.o)
                              .\CortexM3\ARM_GCC_493\Debug\board.o (Slp_2_Write)
.\CortexM3\ARM_GCC_493\Debug\Bootloader.a(Stp_2.o)
                              .\CortexM3\ARM_GCC_493\Debug\board.o (Stp_2_Write)
.\CortexM3\ARM_GCC_493\Debug\Bootloader.a(Dir_2.o)
                              .\CortexM3\ARM_GCC_493\Debug\board.o (Dir_2_Write)
.\CortexM3\ARM_GCC_493\Debug\Bootloader.a(Lim_1.o)
                              .\CortexM3\ARM_GCC_493\Debug\main.o (Lim_1_Read)
.\CortexM3\ARM_GCC_493\Debug\Bootloader.a(Lim_2.o)
                              .\CortexM3\ARM_GCC_493\Debug\main.o (Lim_2_Read)
.\CortexM3\ARM_GCC_493\Debug\Bootloader.a(Em.o)
                              .\CortexM3\ARM_GCC_493\Debug\main.o (Em_Write)
.\CortexM3\ARM_GCC_493\Debug\Bootloader.a(Row_0.o)
                              .\CortexM3\ARM_GCC_493\Debug\board.o (Row_0_Write)
.\CortexM3\ARM_GCC_493\Debug\Bootloader.a(Col_0.o)
                              .\CortexM3\ARM_GCC_493\Debug\board.o (Col_0_Read)
.\CortexM3\ARM_GCC_493\Debug\Bootloader.a(Col_1.o)
                              .\CortexM3\ARM_GCC_493\Debug\board.o (Col_1_Read)
.\CortexM3\ARM_GCC_493\Debug\Bootloader.a(Col_2.o)
                              .\CortexM3\ARM_GCC_493\Debug\board.o (Col_2_Read)
.\CortexM3\ARM_GCC_493\Debug\Bootloader.a(Col_3.o)
                              .\CortexM3\ARM_GCC_493\Debug\board.o (Col_3_Read)
.\CortexM3\ARM_GCC_493\Debug\Bootloader.a(Col_4.o)
                              .\CortexM3\ARM_GCC_493\Debug\board.o (Col_4_Read)
.\CortexM3\ARM_GCC_493\Debug\Bootloader.a(Col_5.o)
                              .\CortexM3\ARM_GCC_493\Debug\board.o (Col_5_Read)
.\CortexM3\ARM_GCC_493\Debug\Bootloader.a(Col_6.o)
                              .\CortexM3\ARM_GCC_493\Debug\board.o (Col_6_Read)
.\CortexM3\ARM_GCC_493\Debug\Bootloader.a(Col_7.o)
                              .\CortexM3\ARM_GCC_493\Debug\board.o (Col_7_Read)
.\CortexM3\ARM_GCC_493\Debug\Bootloader.a(Col_8.o)
                              .\CortexM3\ARM_GCC_493\Debug\board.o (Col_8_Read)
.\CortexM3\ARM_GCC_493\Debug\Bootloader.a(Col_9.o)
                              .\CortexM3\ARM_GCC_493\Debug\board.o (Col_9_Read)
.\CortexM3\ARM_GCC_493\Debug\Bootloader.a(Col_10.o)
                              .\CortexM3\ARM_GCC_493\Debug\board.o (Col_10_Read)
.\CortexM3\ARM_GCC_493\Debug\Bootloader.a(Col_11.o)
                              .\CortexM3\ARM_GCC_493\Debug\board.o (Col_11_Read)
.\CortexM3\ARM_GCC_493\Debug\Bootloader.a(Row_1.o)
                              .\CortexM3\ARM_GCC_493\Debug\board.o (Row_1_Write)
.\CortexM3\ARM_GCC_493\Debug\Bootloader.a(Row_2.o)
                              .\CortexM3\ARM_GCC_493\Debug\board.o (Row_2_Write)
.\CortexM3\ARM_GCC_493\Debug\Bootloader.a(Row_3.o)
                              .\CortexM3\ARM_GCC_493\Debug\board.o (Row_3_Write)
.\CortexM3\ARM_GCC_493\Debug\Bootloader.a(Row_4.o)
                              .\CortexM3\ARM_GCC_493\Debug\board.o (Row_4_Write)
.\CortexM3\ARM_GCC_493\Debug\Bootloader.a(Row_5.o)
                              .\CortexM3\ARM_GCC_493\Debug\board.o (Row_5_Write)
.\CortexM3\ARM_GCC_493\Debug\Bootloader.a(Row_6.o)
                              .\CortexM3\ARM_GCC_493\Debug\board.o (Row_6_Write)
.\CortexM3\ARM_GCC_493\Debug\Bootloader.a(Row_7.o)
                              .\CortexM3\ARM_GCC_493\Debug\board.o (Row_7_Write)
.\CortexM3\ARM_GCC_493\Debug\Bootloader.a(Esp_UART_IntClock.o)
[...]
Memory Configuration

Name             Origin             Length             Attributes
rom              0x00000000         0x00040000         xr
ram              0x1fff8000         0x00010000         xrw
*default*        0x00000000         0xffffffff

Linker script and memory map

LOAD c:/program files (x86)/cypress/psoc creator/3.3/psoc creator/import/gnu/arm/4.9.3/bin/../lib/gcc/arm-none-eabi/4.9.3/armv7-m/crti.o
LOAD c:/program files (x86)/cypress/psoc creator/3.3/psoc creator/import/gnu/arm/4.9.3/bin/../lib/gcc/arm-none-eabi/4.9.3/armv7-m/crtbegin.o
LOAD c:/program files (x86)/cypress/psoc creator/3.3/psoc creator/import/gnu/arm/4.9.3/bin/../lib/gcc/arm-none-eabi/4.9.3/../../../../arm-none-eabi/lib/armv7-m/crt0.o
START GROUP
LOAD .\CortexM3\ARM_GCC_493\Debug\main.o
LOAD .\CortexM3\ARM_GCC_493\Debug\board.o
LOAD .\CortexM3\ARM_GCC_493\Debug\espwifi.o
LOAD .\CortexM3\ARM_GCC_493\Debug\gamecode.o
LOAD .\CortexM3\ARM_GCC_493\Debug\cymetadata.o
LOAD .\CortexM3\ARM_GCC_493\Debug\Cm3Start.o
LOAD .\CortexM3\ARM_GCC_493\Debug\Bootloader.a
LOAD C:\Program Files (x86)\Cypress\PSoC Creator\3.3\PSoC Creator\psoc\content\cycomponentlibrary\CyComponentLibrary.cylib\CortexM3\ARM_GCC_493\Debug\CyComponentLibrary.a
END GROUP
START GROUP
LOAD c:/program files (x86)/cypress/psoc creator/3.3/psoc creator/import/gnu/arm/4.9.3/bin/../lib/gcc/arm-none-eabi/4.9.3/armv7-m\libgcc.a
LOAD c:/program files (x86)/cypress/psoc creator/3.3/psoc creator/import/gnu/arm/4.9.3/bin/../lib/gcc/arm-none-eabi/4.9.3/../../../../arm-none-eabi/lib/armv7-m\libg_nano.a
LOAD c:/program files (x86)/cypress/psoc creator/3.3/psoc creator/import/gnu/arm/4.9.3/bin/../lib/gcc/arm-none-eabi/4.9.3/../../../../arm-none-eabi/lib/armv7-m\libc_nano.a
END GROUP
START GROUP
LOAD c:/program files (x86)/cypress/psoc creator/3.3/psoc creator/import/gnu/arm/4.9.3/bin/../lib/gcc/arm-none-eabi/4.9.3/armv7-m\libgcc.a
LOAD c:/program files (x86)/cypress/psoc creator/3.3/psoc creator/import/gnu/arm/4.9.3/bin/../lib/gcc/arm-none-eabi/4.9.3/../../../../arm-none-eabi/lib/armv7-m\libc_nano.a
END GROUP
LOAD c:/program files (x86)/cypress/psoc creator/3.3/psoc creator/import/gnu/arm/4.9.3/bin/../lib/gcc/arm-none-eabi/4.9.3/armv7-m/crtend.o
LOAD c:/program files (x86)/cypress/psoc creator/3.3/psoc creator/import/gnu/arm/4.9.3/bin/../lib/gcc/arm-none-eabi/4.9.3/armv7-m/crtn.o
START GROUP
LOAD c:/program files (x86)/cypress/psoc creator/3.3/psoc creator/import/gnu/arm/4.9.3/bin/../lib/gcc/arm-none-eabi/4.9.3/armv7-m\libgcc.a
LOAD c:/program files (x86)/cypress/psoc creator/3.3/psoc creator/import/gnu/arm/4.9.3/bin/../lib/gcc/arm-none-eabi/4.9.3/../../../../arm-none-eabi/lib/armv7-m\libc.a
LOAD c:/program files (x86)/cypress/psoc creator/3.3/psoc creator/import/gnu/arm/4.9.3/bin/../lib/gcc/arm-none-eabi/4.9.3/../../../../arm-none-eabi/lib/armv7-m\libnosys.a
END GROUP
                0x00000000                CY_APPL_ORIGIN = 0x0
                0x00000100                CY_FLASH_ROW_SIZE = 0x100
                0x00000020                CY_ECC_ROW_SIZE = 0x20
                0x00000000                CY_EE_IN_BTLDR = 0x0
                0x00000000                CY_APPL_LOADABLE = 0x0
                0x00000800                CY_EE_SIZE = 0x800
                0x00000001                CY_APPL_NUM = 0x1
                0x00000001                CY_APPL_MAX = 0x1
                0x00000040                CY_METADATA_SIZE = 0x40
                0x00000000                CY_APPL_LOADABLE = 0x0
                0x00000000                CY_CHECKSUM_EXCLUDE_SIZE = ALIGN (0x0, CY_FLASH_ROW_SIZE)
                0x1fff8360                PROVIDE (__cy_heap_start, _end)
                0x00000001                PROVIDE (__cy_region_num, ((__cy_regions_end - __cy_regions) / 0x10))
                0x20008000                PROVIDE (__cy_stack, (ORIGIN (ram) + 0x10000))
                0x20007800                PROVIDE (__cy_heap_end, (__cy_stack - 0x800))

.cybootloader   0x00000000        0x0
 *(.cybootloader)
                0x00000000                appl1_start = CY_APPL_ORIGIN?CY_APPL_ORIGIN:ALIGN (CY_FLASH_ROW_SIZE)
                0x0001ff00                appl2_start = (appl1_start + ALIGN ((((0x40000 - appl1_start) - (0x2 * CY_FLASH_ROW_SIZE)) / 0x2), CY_FLASH_ROW_SIZE))
                0x00000000                appl_start = (CY_APPL_NUM == 0x1)?appl1_start:appl2_start
                0x00000000                ecc_offset = ((appl_start / CY_FLASH_ROW_SIZE) * CY_ECC_ROW_SIZE)
                0x00000000                ee_offset = (CY_APPL_LOADABLE && ! (CY_EE_IN_BTLDR))?((CY_EE_SIZE / CY_APPL_MAX) * (CY_APPL_NUM - 0x1)):0x0
                0x00000800                ee_size = (CY_APPL_LOADABLE && ! (CY_EE_IN_BTLDR))?(CY_EE_SIZE / CY_APPL_MAX):CY_EE_SIZE
                0x00000000                PROVIDE (CY_ECC_OFFSET, ecc_offset)

.text           0x00000000     0x336c
 CREATE_OBJECT_SYMBOLS
                0x00000000                PROVIDE (__cy_interrupt_vector, RomVectors)
 *(.romvectors)
 .romvectors    0x00000000       0x10 .\CortexM3\ARM_GCC_493\Debug\Cm3Start.o
                0x00000000                RomVectors
                0x00000001                ASSERT ((. != __cy_interrupt_vector), No interrupt vector)
                0x00000001                ASSERT (CY_APPL_ORIGIN?(SIZEOF (.cybootloader) <= CY_APPL_ORIGIN):0x1, Wrong image location)
                0x00000010                PROVIDE (__cy_reset, Reset)
 *(.text.Reset)
 .text.Reset    0x00000010       0x1c .\CortexM3\ARM_GCC_493\Debug\Cm3Start.o
                0x00000010                Reset
                0x00000001                ASSERT ((. != __cy_reset), No reset code)
 *(.dma_init)
                0x00000001                ASSERT ((((appl_start + .) <= 0x10000) || 0x1), DMA Init must be within the first 64k of flash)
 *(.text .text.* .gnu.linkonce.t.*)
 .text          0x0000002c       0x5c c:/program files (x86)/cypress/psoc creator/3.3/psoc creator/import/gnu/arm/4.9.3/bin/../lib/gcc/arm-none-eabi/4.9.3/armv7-m/crtbegin.o
 .text.init     0x00000088       0x20 .\CortexM3\ARM_GCC_493\Debug\main.o
                0x00000088                init
 .text.debug    0x000000a8      0x254 .\CortexM3\ARM_GCC_493\Debug\main.o
                0x000000a8                debug
 .text.main     0x000002fc        0xc .\CortexM3\ARM_GCC_493\Debug\main.o
                0x000002fc                main
 .text.move_home
                0x00000308       0xa8 .\CortexM3\ARM_GCC_493\Debug\board.o
                0x00000308                move_home
 .text.move_x   0x000003b0       0xb0 .\CortexM3\ARM_GCC_493\Debug\board.o
                0x000003b0                move_x
 .text.move_y   0x00000460       0xb0 .\CortexM3\ARM_GCC_493\Debug\board.o
                0x00000460                move_y
 .text.read_reed_switches
                0x00000510      0x3bc .\CortexM3\ARM_GCC_493\Debug\board.o
                0x00000510                read_reed_switches
 .text.moveCol  0x000008cc       0x14 .\CortexM3\ARM_GCC_493\Debug\board.o
                0x000008cc                moveCol
 .text.moveRow  0x000008e0       0x18 .\CortexM3\ARM_GCC_493\Debug\board.o
                0x000008e0                moveRow
 .text.moveRowHalf
                0x000008f8       0x18 .\CortexM3\ARM_GCC_493\Debug\board.o
                0x000008f8                moveRowHalf
 .text.moveColHalf
                0x00000910       0x14 .\CortexM3\ARM_GCC_493\Debug\board.o
                0x00000910                moveColHalf
 .text.movepiece
                0x00000924      0x190 .\CortexM3\ARM_GCC_493\Debug\board.o
                0x00000924                movepiece
 .text.esp_helper
                0x00000ab4       0x8c .\CortexM3\ARM_GCC_493\Debug\espwifi.o
                0x00000ab4                esp_helper
 .text.esp_transmit
                0x00000b40       0x68 .\CortexM3\ARM_GCC_493\Debug\espwifi.o
                0x00000b40                esp_transmit
 .text.IntDefaultHandler
                0x00000ba8        0x4 .\CortexM3\ARM_GCC_493\Debug\Cm3Start.o
                0x00000ba8                IntDefaultHandler
 .text.Start_c  0x00000bac       0x4c .\CortexM3\ARM_GCC_493\Debug\Cm3Start.o
                0x00000bac                Start_c
 .text.initialize_psoc
                0x00000bf8       0x74 .\CortexM3\ARM_GCC_493\Debug\Cm3Start.o
                0x00000bf8                initialize_psoc
 .text.CyClockStartupError
                0x00000c6c        0x4 .\CortexM3\ARM_GCC_493\Debug\Bootloader.a(cyfitter_cfg.o)
 .text.cfg_write_bytes32
                0x00000c70       0x34 .\CortexM3\ARM_GCC_493\Debug\Bootloader.a(cyfitter_cfg.o)
 .text.AnalogSetDefault
                0x00000ca4       0x28 .\CortexM3\ARM_GCC_493\Debug\Bootloader.a(cyfitter_cfg.o)
 .text.CYMEMZERO
                0x00000ccc        0xc .\CortexM3\ARM_GCC_493\Debug\Bootloader.a(cyfitter_cfg.o)
 .text.CYCONFIGCPYCODE
                0x00000cd8        0x8 .\CortexM3\ARM_GCC_493\Debug\Bootloader.a(cyfitter_cfg.o)
 .text.CYCONFIGCPY
                0x00000ce0        0x8 .\CortexM3\ARM_GCC_493\Debug\Bootloader.a(cyfitter_cfg.o)
 .text.ClockSetup
                0x00000ce8       0xcc .\CortexM3\ARM_GCC_493\Debug\Bootloader.a(cyfitter_cfg.o)
 .text.cyfitter_cfg
                0x00000db4      0x160 .\CortexM3\ARM_GCC_493\Debug\Bootloader.a(cyfitter_cfg.o)
                0x00000db4                cyfitter_cfg
 .text.LCD_WrCntrlNib
                0x00000f14       0x34 .\CortexM3\ARM_GCC_493\Debug\Bootloader.a(LCD.o)
 .text.LCD_IsReady
                0x00000f48       0xe4 .\CortexM3\ARM_GCC_493\Debug\Bootloader.a(LCD.o)
                0x00000f48                LCD_IsReady
 .text.LCD_WriteControl
                0x0000102c       0x18 .\CortexM3\ARM_GCC_493\Debug\Bootloader.a(LCD.o)
                0x0000102c                LCD_WriteControl
 .text.LCD_Init
                0x00001044       0x6c .\CortexM3\ARM_GCC_493\Debug\Bootloader.a(LCD.o)
                0x00001044                LCD_Init
 .text.LCD_Enable
                0x000010b0       0x14 .\CortexM3\ARM_GCC_493\Debug\Bootloader.a(LCD.o)
                0x000010b0                LCD_Enable
 .text.LCD_Start
                0x000010c4       0x1c .\CortexM3\ARM_GCC_493\Debug\Bootloader.a(LCD.o)
                0x000010c4                LCD_Start
 .text.Esp_UART_Init
                0x000010e0       0x5c .\CortexM3\ARM_GCC_493\Debug\Bootloader.a(Esp_UART.o)
                0x000010e0                Esp_UART_Init
 .text.Esp_UART_Enable
                0x0000113c       0x50 .\CortexM3\ARM_GCC_493\Debug\Bootloader.a(Esp_UART.o)
                0x0000113c                Esp_UART_Enable
 .text.Esp_UART_Start
                0x0000118c       0x1c .\CortexM3\ARM_GCC_493\Debug\Bootloader.a(Esp_UART.o)
                0x0000118c                Esp_UART_Start
 .text.Esp_UART_GetChar
                0x000011a8       0x80 .\CortexM3\ARM_GCC_493\Debug\Bootloader.a(Esp_UART.o)
                0x000011a8                Esp_UART_GetChar
 .text.Esp_UART_GetRxBufferSize
                0x00001228       0x5c .\CortexM3\ARM_GCC_493\Debug\Bootloader.a(Esp_UART.o)
                0x00001228                Esp_UART_GetRxBufferSize
 .text.Esp_UART_PutChar
                0x00001284       0x70 .\CortexM3\ARM_GCC_493\Debug\Bootloader.a(Esp_UART.o)
                0x00001284                Esp_UART_PutChar
 .text.Esp_UART_PutString
                0x000012f4       0x24 .\CortexM3\ARM_GCC_493\Debug\Bootloader.a(Esp_UART.o)
                0x000012f4                Esp_UART_PutString
 .text.Esp_UART_RXISR
                0x00001318       0x94 .\CortexM3\ARM_GCC_493\Debug\Bootloader.a(Esp_UART_INT.o)
                0x00001318                Esp_UART_RXISR
 .text.Esp_UART_TXISR
                0x000013ac       0x58 .\CortexM3\ARM_GCC_493\Debug\Bootloader.a(Esp_UART_INT.o)
                0x000013ac                Esp_UART_TXISR
 .text.Debug_UART_Init
                0x00001404       0x60 .\CortexM3\ARM_GCC_493\Debug\Bootloader.a(Debug_UART.o)
                0x00001404                Debug_UART_Init
 .text.Debug_UART_Enable
                0x00001464       0x50 .\CortexM3\ARM_GCC_493\Debug\Bootloader.a(Debug_UART.o)
                0x00001464                Debug_UART_Enable
 .text.Debug_UART_Start
                0x000014b4       0x1c .\CortexM3\ARM_GCC_493\Debug\Bootloader.a(Debug_UART.o)
                0x000014b4                Debug_UART_Start
 .text.Debug_UART_ReadRxData
                0x000014d0       0x64 .\CortexM3\ARM_GCC_493\Debug\Bootloader.a(Debug_UART.o)
                0x000014d0                Debug_UART_ReadRxData
 .text.Debug_UART_GetChar
                0x00001534       0x80 .\CortexM3\ARM_GCC_493\Debug\Bootloader.a(Debug_UART.o)
                0x00001534                Debug_UART_GetChar
 .text.Debug_UART_GetRxBufferSize
                0x000015b4       0x5c .\CortexM3\ARM_GCC_493\Debug\Bootloader.a(Debug_UART.o)
                0x000015b4                Debug_UART_GetRxBufferSize
 .text.Debug_UART_ClearRxBuffer
                0x00001610       0x44 .\CortexM3\ARM_GCC_493\Debug\Bootloader.a(Debug_UART.o)
                0x00001610                Debug_UART_ClearRxBuffer
 .text.Debug_UART_PutChar
                0x00001654       0x70 .\CortexM3\ARM_GCC_493\Debug\Bootloader.a(Debug_UART.o)
                0x00001654                Debug_UART_PutChar
 .text.Debug_UART_PutString
                0x000016c4       0x24 .\CortexM3\ARM_GCC_493\Debug\Bootloader.a(Debug_UART.o)
                0x000016c4                Debug_UART_PutString
 .text.Debug_UART_ClearTxBuffer
                0x000016e8       0x40 .\CortexM3\ARM_GCC_493\Debug\Bootloader.a(Debug_UART.o)
                0x000016e8                Debug_UART_ClearTxBuffer
 .text.Debug_UART_RXISR
                0x00001728       0x94 .\CortexM3\ARM_GCC_493\Debug\Bootloader.a(Debug_UART_INT.o)
                0x00001728                Debug_UART_RXISR
 .text.Debug_UART_TXISR
                0x000017bc       0x58 .\CortexM3\ARM_GCC_493\Debug\Bootloader.a(Debug_UART_INT.o)
                0x000017bc                Debug_UART_TXISR
 .text.Bootloader_CalcPacketChecksum
                0x00001814       0x1c .\CortexM3\ARM_GCC_493\Debug\Bootloader.a(Bootloader.o)
 .text.Bootloader_LaunchBootloadable
                0x00001830        0x4 .\CortexM3\ARM_GCC_493\Debug\Bootloader.a(Bootloader.o)
 .text.Bootloader_LaunchApplication
                0x00001834       0x14 .\CortexM3\ARM_GCC_493\Debug\Bootloader.a(Bootloader.o)
 .text.Bootloader_WritePacket
                0x00001848       0x54 .\CortexM3\ARM_GCC_493\Debug\Bootloader.a(Bootloader.o)
 .text.Bootloader_Calc8BitSum
                0x0000189c       0x30 .\CortexM3\ARM_GCC_493\Debug\Bootloader.a(Bootloader.o)
                0x0000189c                Bootloader_Calc8BitSum
 .text.Bootloader_GetMetadata
                0x000018cc      0x114 .\CortexM3\ARM_GCC_493\Debug\Bootloader.a(Bootloader.o)
                0x000018cc                Bootloader_GetMetadata
 .text.CyBtldr_CheckLaunch
                0x000019e0       0x30 .\CortexM3\ARM_GCC_493\Debug\Bootloader.a(Bootloader.o)
                0x000019e0                CyBtldr_CheckLaunch
 .text.Bootloader_ValidateBootloadable
                0x00001a10       0x94 .\CortexM3\ARM_GCC_493\Debug\Bootloader.a(Bootloader.o)
                0x00001a10                Bootloader_ValidateBootloadable
 .text.Bootloader_HostLink
                0x00001aa4      0x480 .\CortexM3\ARM_GCC_493\Debug\Bootloader.a(Bootloader.o)
 .text.Bootloader_Start
                0x00001f24       0x68 .\CortexM3\ARM_GCC_493\Debug\Bootloader.a(Bootloader.o)
                0x00001f24                Bootloader_Start
 .text.Slp_1_Write
                0x00001f8c       0x18 .\CortexM3\ARM_GCC_493\Debug\Bootloader.a(Slp_1.o)
                0x00001f8c                Slp_1_Write
 .text.Stp_1_Write
                0x00001fa4       0x18 .\CortexM3\ARM_GCC_493\Debug\Bootloader.a(Stp_1.o)
                0x00001fa4                Stp_1_Write
 .text.Dir_1_Write
                0x00001fbc       0x18 .\CortexM3\ARM_GCC_493\Debug\Bootloader.a(Dir_1.o)
                0x00001fbc                Dir_1_Write
 .text.Slp_2_Write
                0x00001fd4       0x18 .\CortexM3\ARM_GCC_493\Debug\Bootloader.a(Slp_2.o)
                0x00001fd4                Slp_2_Write
 .text.Stp_2_Write
                0x00001fec       0x18 .\CortexM3\ARM_GCC_493\Debug\Bootloader.a(Stp_2.o)
                0x00001fec                Stp_2_Write
 .text.Dir_2_Write
                0x00002004       0x18 .\CortexM3\ARM_GCC_493\Debug\Bootloader.a(Dir_2.o)
                0x00002004                Dir_2_Write
 .text.Lim_1_Read
                0x0000201c       0x10 .\CortexM3\ARM_GCC_493\Debug\Bootloader.a(Lim_1.o)
                0x0000201c                Lim_1_Read
 .text.Lim_2_Read
                0x0000202c        0xc .\CortexM3\ARM_GCC_493\Debug\Bootloader.a(Lim_2.o)
                0x0000202c                Lim_2_Read
 .text.Em_Write
                0x00002038       0x18 .\CortexM3\ARM_GCC_493\Debug\Bootloader.a(Em.o)
                0x00002038                Em_Write
 .text.Row_0_Write
                0x00002050       0x18 .\CortexM3\ARM_GCC_493\Debug\Bootloader.a(Row_0.o)
                0x00002050                Row_0_Write
 .text.Row_0_SetDriveMode
                0x00002068       0x18 .\CortexM3\ARM_GCC_493\Debug\Bootloader.a(Row_0.o)
                0x00002068                Row_0_SetDriveMode
 .text.Col_0_Read
                0x00002080       0x10 .\CortexM3\ARM_GCC_493\Debug\Bootloader.a(Col_0.o)
                0x00002080                Col_0_Read
 .text.Col_1_Read
                0x00002090       0x10 .\CortexM3\ARM_GCC_493\Debug\Bootloader.a(Col_1.o)
                0x00002090                Col_1_Read
 .text.Col_2_Read
                0x000020a0       0x10 .\CortexM3\ARM_GCC_493\Debug\Bootloader.a(Col_2.o)
                0x000020a0                Col_2_Read
 .text.Col_3_Read
                0x000020b0       0x10 .\CortexM3\ARM_GCC_493\Debug\Bootloader.a(Col_3.o)
                0x000020b0                Col_3_Read
 .text.Col_4_Read
                0x000020c0       0x10 .\CortexM3\ARM_GCC_493\Debug\Bootloader.a(Col_4.o)
                0x000020c0                Col_4_Read
 .text.Col_5_Read
                0x000020d0       0x10 .\CortexM3\ARM_GCC_493\Debug\Bootloader.a(Col_5.o)
                0x000020d0                Col_5_Read
 .text.Col_6_Read
                0x000020e0       0x10 .\CortexM3\ARM_GCC_493\Debug\Bootloader.a(Col_6.o)
                0x000020e0                Col_6_Read
 .text.Col_7_Read
                0x000020f0        0xc .\CortexM3\ARM_GCC_493\Debug\Bootloader.a(Col_7.o)
                0x000020f0                Col_7_Read
 .text.Col_8_Read
                0x000020fc       0x10 .\CortexM3\ARM_GCC_493\Debug\Bootloader.a(Col_8.o)
                0x000020fc                Col_8_Read
 .text.Col_9_Read
                0x0000210c       0x10 .\CortexM3\ARM_GCC_493\Debug\Bootloader.a(Col_9.o)
                0x0000210c                Col_9_Read
 .text.Col_10_Read
                0x0000211c       0x10 .\CortexM3\ARM_GCC_493\Debug\Bootloader.a(Col_10.o)
                0x0000211c                Col_10_Read
 .text.Col_11_Read
                0x0000212c       0x10 .\CortexM3\ARM_GCC_493\Debug\Bootloader.a(Col_11.o)
                0x0000212c                Col_11_Read
 .text.Row_1_Write
                0x0000213c       0x18 .\CortexM3\ARM_GCC_493\Debug\Bootloader.a(Row_1.o)
                0x0000213c                Row_1_Write
 .text.Row_1_SetDriveMode
                0x00002154       0x18 .\CortexM3\ARM_GCC_493\Debug\Bootloader.a(Row_1.o)
                0x00002154                Row_1_SetDriveMode
 .text.Row_2_Write
                0x0000216c       0x18 .\CortexM3\ARM_GCC_493\Debug\Bootloader.a(Row_2.o)
                0x0000216c                Row_2_Write
 .text.Row_2_SetDriveMode
                0x00002184       0x18 .\CortexM3\ARM_GCC_493\Debug\Bootloader.a(Row_2.o)
                0x00002184                Row_2_SetDriveMode
 .text.Row_3_Write
                0x0000219c       0x18 .\CortexM3\ARM_GCC_493\Debug\Bootloader.a(Row_3.o)
                0x0000219c                Row_3_Write
 .text.Row_3_SetDriveMode
                0x000021b4       0x18 .\CortexM3\ARM_GCC_493\Debug\Bootloader.a(Row_3.o)
                0x000021b4                Row_3_SetDriveMode
 .text.Row_4_Write
                0x000021cc       0x18 .\CortexM3\ARM_GCC_493\Debug\Bootloader.a(Row_4.o)
                0x000021cc                Row_4_Write
 .text.Row_4_SetDriveMode
                0x000021e4       0x18 .\CortexM3\ARM_GCC_493\Debug\Bootloader.a(Row_4.o)
                0x000021e4                Row_4_SetDriveMode
 .text.Row_5_Write
                0x000021fc       0x18 .\CortexM3\ARM_GCC_493\Debug\Bootloader.a(Row_5.o)
                0x000021fc                Row_5_Write
 .text.Row_5_SetDriveMode
                0x00002214       0x18 .\CortexM3\ARM_GCC_493\Debug\Bootloader.a(Row_5.o)
                0x00002214                Row_5_SetDriveMode
 .text.Row_6_Write
                0x0000222c       0x18 .\CortexM3\ARM_GCC_493\Debug\Bootloader.a(Row_6.o)
                0x0000222c                Row_6_Write
 .text.Row_6_SetDriveMode
                0x00002244       0x18 .\CortexM3\ARM_GCC_493\Debug\Bootloader.a(Row_6.o)
                0x00002244                Row_6_SetDriveMode
 .text.Row_7_Write
                0x0000225c       0x18 .\CortexM3\ARM_GCC_493\Debug\Bootloader.a(Row_7.o)
                0x0000225c                Row_7_Write
 .text.Row_7_SetDriveMode
                0x00002274       0x18 .\CortexM3\ARM_GCC_493\Debug\Bootloader.a(Row_7.o)
                0x00002274                Row_7_SetDriveMode
 .text.Esp_UART_IntClock_Start
                0x0000228c       0x1c .\CortexM3\ARM_GCC_493\Debug\Bootloader.a(Esp_UART_IntClock.o)
                0x0000228c                Esp_UART_IntClock_Start
 .text.Debug_UART_IntClock_Start
                0x000022a8       0x1c .\CortexM3\ARM_GCC_493\Debug\Bootloader.a(Debug_UART_IntClock.o)
                0x000022a8                Debug_UART_IntClock_Start
 *fill*         0x000022c4        0x4 
 .text          0x000022c8       0x20 .\CortexM3\ARM_GCC_493\Debug\Bootloader.a(CyBootAsmGnu.o)
                0x000022c8                CyDelayCycles
                0x000022d8                CyEnterCriticalSection
                0x000022e0                CyExitCriticalSection
 .text.CyFlashGetSpcAlgorithm
                0x000022e8       0x4c .\CortexM3\ARM_GCC_493\Debug\Bootloader.a(CyFlash.o)
 .text.CySetTempInt
                0x00002334       0x60 .\CortexM3\ARM_GCC_493\Debug\Bootloader.a(CyFlash.o)
 .text.CySetTemp
                0x00002394       0x14 .\CortexM3\ARM_GCC_493\Debug\Bootloader.a(CyFlash.o)
                0x00002394                CySetTemp
 .text.CyWriteRowFull
                0x000023a8       0xf8 .\CortexM3\ARM_GCC_493\Debug\Bootloader.a(CyFlash.o)
                0x000023a8                CyWriteRowFull
 .text.CyEEPROM_Start
                0x000024a0       0x54 .\CortexM3\ARM_GCC_493\Debug\Bootloader.a(CyFlash.o)
                0x000024a0                CyEEPROM_Start
 .text.CyHalt   0x000024f4        0x4 .\CortexM3\ARM_GCC_493\Debug\Bootloader.a(CyLib.o)
                0x000024f4                CyHalt
 .text.CySoftwareReset
                0x000024f8       0x10 .\CortexM3\ARM_GCC_493\Debug\Bootloader.a(CyLib.o)
                0x000024f8                CySoftwareReset
 .text.CyDelay  0x00002508       0x2c .\CortexM3\ARM_GCC_493\Debug\Bootloader.a(CyLib.o)
                0x00002508                CyDelay
 .text.CyDelayUs
                0x00002534       0x14 .\CortexM3\ARM_GCC_493\Debug\Bootloader.a(CyLib.o)
                0x00002534                CyDelayUs
 .text.CyFlushCache
                0x00002548       0x44 .\CortexM3\ARM_GCC_493\Debug\Bootloader.a(CyLib.o)
                0x00002548                CyFlushCache
 .text.CyIntSetVector
                0x0000258c       0x28 .\CortexM3\ARM_GCC_493\Debug\Bootloader.a(CyLib.o)
                0x0000258c                CyIntSetVector
 .text.CyIntSetPriority
                0x000025b4       0x30 .\CortexM3\ARM_GCC_493\Debug\Bootloader.a(CyLib.o)
                0x000025b4                CyIntSetPriority
 .text.CySpcStart
                0x000025e4       0x24 .\CortexM3\ARM_GCC_493\Debug\Bootloader.a(CySpc.o)
                0x000025e4                CySpcStart
 .text.CySpcReadData
                0x00002608       0x34 .\CortexM3\ARM_GCC_493\Debug\Bootloader.a(CySpc.o)
                0x00002608                CySpcReadData
 .text.CySpcLoadRowFull
                0x0000263c       0x80 .\CortexM3\ARM_GCC_493\Debug\Bootloader.a(CySpc.o)
                0x0000263c                CySpcLoadRowFull
 .text.CySpcWriteRow
                0x000026bc       0x4c .\CortexM3\ARM_GCC_493\Debug\Bootloader.a(CySpc.o)
                0x000026bc                CySpcWriteRow
 .text.CySpcGetTemp
                0x00002708       0x3c .\CortexM3\ARM_GCC_493\Debug\Bootloader.a(CySpc.o)
                0x00002708                CySpcGetTemp
 .text.CySpcLock
                0x00002744       0x4c .\CortexM3\ARM_GCC_493\Debug\Bootloader.a(CySpc.o)
                0x00002744                CySpcLock
 .text.CySpcUnlock
                0x00002790       0x38 .\CortexM3\ARM_GCC_493\Debug\Bootloader.a(CySpc.o)
                0x00002790                CySpcUnlock
 .text.CySpcGetAlgorithm
                0x000027c8       0x28 .\CortexM3\ARM_GCC_493\Debug\Bootloader.a(CySpc.o)
                0x000027c8                CySpcGetAlgorithm
 .text.Debug_UART_CyBtldrCommStart
                0x000027f0       0x10 .\CortexM3\ARM_GCC_493\Debug\Bootloader.a(Debug_UART_BOOT.o)
                0x000027f0                Debug_UART_CyBtldrCommStart
 .text.Debug_UART_CyBtldrCommWrite
                0x00002800       0x24 .\CortexM3\ARM_GCC_493\Debug\Bootloader.a(Debug_UART_BOOT.o)
                0x00002800                Debug_UART_CyBtldrCommWrite
 .text.Debug_UART_CyBtldrCommRead
                0x00002824       0xa8 .\CortexM3\ARM_GCC_493\Debug\Bootloader.a(Debug_UART_BOOT.o)
                0x00002824                Debug_UART_CyBtldrCommRead
 .text          0x000028cc      0x370 c:/program files (x86)/cypress/psoc creator/3.3/psoc creator/import/gnu/arm/4.9.3/bin/../lib/gcc/arm-none-eabi/4.9.3/armv7-m\libgcc.a(_arm_addsubdf3.o)
                0x000028cc                __aeabi_drsub
                0x000028d4                __aeabi_dsub
                0x000028d4                __subdf3
                0x000028d8                __aeabi_dadd
                0x000028d8                __adddf3
                0x00002b50                __floatunsidf
                0x00002b50                __aeabi_ui2d
                0x00002b70                __floatsidf
                0x00002b70                __aeabi_i2d
                0x00002b94                __aeabi_f2d
                0x00002b94                __extendsfdf2
                0x00002bd0                __floatundidf
                0x00002bd0                __aeabi_ul2d
                0x00002be0                __floatdidf
                0x00002be0                __aeabi_l2d
 .text          0x00002c3c      0x424 c:/program files (x86)/cypress/psoc creator/3.3/psoc creator/import/gnu/arm/4.9.3/bin/../lib/gcc/arm-none-eabi/4.9.3/armv7-m\libgcc.a(_arm_muldivdf3.o)
                0x00002c3c                __aeabi_dmul
                0x00002c3c                __muldf3
                0x00002e90                __divdf3
                0x00002e90                __aeabi_ddiv
 .text          0x00003060      0x110 c:/program files (x86)/cypress/psoc creator/3.3/psoc creator/import/gnu/arm/4.9.3/bin/../lib/gcc/arm-none-eabi/4.9.3/armv7-m\libgcc.a(_arm_cmpdf2.o)
                0x00003060                __gtdf2
                0x00003060                __gedf2
                0x00003068                __ltdf2
                0x00003068                __ledf2
                0x00003070                __nedf2
                0x00003070                __eqdf2
                0x00003070                __cmpdf2
                0x000030ec                __aeabi_cdrcmple
                0x000030fc                __aeabi_cdcmpeq
                0x000030fc                __aeabi_cdcmple
                0x0000310c                __aeabi_dcmpeq
                0x00003120                __aeabi_dcmplt
                0x00003134                __aeabi_dcmple
                0x00003148                __aeabi_dcmpge
                0x0000315c                __aeabi_dcmpgt
 .text.atoi     0x00003170        0x8 c:/program files (x86)/cypress/psoc creator/3.3/psoc creator/import/gnu/arm/4.9.3/bin/../lib/gcc/arm-none-eabi/4.9.3/../../../../arm-none-eabi/lib/armv7-m\libg_nano.a(lib_a-atoi.o)
                0x00003170                atoi
 .text.__libc_init_array
                0x00003178       0x4c c:/program files (x86)/cypress/psoc creator/3.3/psoc creator/import/gnu/arm/4.9.3/bin/../lib/gcc/arm-none-eabi/4.9.3/../../../../arm-none-eabi/lib/armv7-m\libg_nano.a(lib_a-init.o)
                0x00003178                __libc_init_array
 .text.memcpy   0x000031c4       0x16 c:/program files (x86)/cypress/psoc creator/3.3/psoc creator/import/gnu/arm/4.9.3/bin/../lib/gcc/arm-none-eabi/4.9.3/../../../../arm-none-eabi/lib/armv7-m\libg_nano.a(lib_a-memcpy.o)
                0x000031c4                memcpy
 .text.memset   0x000031da       0x10 c:/program files (x86)/cypress/psoc creator/3.3/psoc creator/import/gnu/arm/4.9.3/bin/../lib/gcc/arm-none-eabi/4.9.3/../../../../arm-none-eabi/lib/armv7-m\libg_nano.a(lib_a-memset.o)
                0x000031da                memset
 .text.strcpy   0x000031ea       0x10 c:/program files (x86)/cypress/psoc creator/3.3/psoc creator/import/gnu/arm/4.9.3/bin/../lib/gcc/arm-none-eabi/4.9.3/../../../../arm-none-eabi/lib/armv7-m\libg_nano.a(lib_a-strcpy.o)
                0x000031ea                strcpy
 .text.strlen   0x000031fa       0x10 c:/program files (x86)/cypress/psoc creator/3.3/psoc creator/import/gnu/arm/4.9.3/bin/../lib/gcc/arm-none-eabi/4.9.3/../../../../arm-none-eabi/lib/armv7-m\libg_nano.a(lib_a-strlen.o)
                0x000031fa                strlen
 .text.strstr   0x0000320a       0x30 c:/program files (x86)/cypress/psoc creator/3.3/psoc creator/import/gnu/arm/4.9.3/bin/../lib/gcc/arm-none-eabi/4.9.3/../../../../arm-none-eabi/lib/armv7-m\libg_nano.a(lib_a-strstr.o)
                0x0000320a                strstr
 *fill*         0x0000323a        0x2 
 .text._strtol_r
                0x0000323c      0x10c c:/program files (x86)/cypress/psoc creator/3.3/psoc creator/import/gnu/arm/4.9.3/bin/../lib/gcc/arm-none-eabi/4.9.3/../../../../arm-none-eabi/lib/armv7-m\libg_nano.a(lib_a-strtol.o)
                0x0000323c                _strtol_r
 .text.strtol   0x00003348       0x1c c:/program files (x86)/cypress/psoc creator/3.3/psoc creator/import/gnu/arm/4.9.3/bin/../lib/gcc/arm-none-eabi/4.9.3/../../../../arm-none-eabi/lib/armv7-m\libg_nano.a(lib_a-strtol.o)
                0x00003348                strtol
 *(.plt)
 *(.gnu.warning)
 *(.glue_7t)
 .glue_7t       0x00000000        0x0 linker stubs
 *(.glue_7)
 .glue_7        0x00000000        0x0 linker stubs
 *(.vfp11_veneer)
 .vfp11_veneer  0x00000000        0x0 linker stubs
 *(.bootloader)
 .bootloader    0x00003364        0x8 .\CortexM3\ARM_GCC_493\Debug\Bootloader.a(Bootloader.o)
                0x00003364                Bootloader_SizeBytes
                0x00003368                Bootloader_Checksum
 *(.ARM.extab* .gnu.linkonce.armextab.*)
 *(.gcc_except_table)

.v4_bx          0x0000336c        0x0
 .v4_bx         0x00000000        0x0 linker stubs

.iplt           0x0000336c        0x0
 .iplt          0x00000000        0x0 c:/program files (x86)/cypress/psoc creator/3.3/psoc creator/import/gnu/arm/4.9.3/bin/../lib/gcc/arm-none-eabi/4.9.3/armv7-m/crtbegin.o

.eh_frame_hdr
 *(.eh_frame_hdr)

.eh_frame       0x0000336c        0x4
 *(.eh_frame)
 .eh_frame      0x0000336c        0x0 c:/program files (x86)/cypress/psoc creator/3.3/psoc creator/import/gnu/arm/4.9.3/bin/../lib/gcc/arm-none-eabi/4.9.3/armv7-m/crtbegin.o
 .eh_frame      0x0000336c        0x4 c:/program files (x86)/cypress/psoc creator/3.3/psoc creator/import/gnu/arm/4.9.3/bin/../lib/gcc/arm-none-eabi/4.9.3/armv7-m/crtend.o
                0x00003370                PROVIDE (__exidx_start, .)

.ARM.exidx
 *(.ARM.exidx* .gnu.linkonce.armexidx.*)
                0x00003370                __exidx_end = .

.rodata         0x00003370      0x8b8
 *(.rodata .rodata.* .gnu.linkonce.r.*)
 .rodata.str1.4
                0x00003370       0xa6 .\CortexM3\ARM_GCC_493\Debug\main.o
                                 0xb4 (size before relaxing)
 *fill*         0x00003416        0x2 
 .rodata.str1.4
                0x00003418       0x40 .\CortexM3\ARM_GCC_493\Debug\espwifi.o
                                 0x44 (size before relaxing)
 .rodata        0x00003458      0x68c .\CortexM3\ARM_GCC_493\Debug\Bootloader.a(cyfitter_cfg.o)
 .rodata        0x00003ae4        0x8 .\CortexM3\ARM_GCC_493\Debug\Bootloader.a(Bootloader.o)
 .rodata.str1.1
                0x00003aec        0x2 c:/program files (x86)/cypress/psoc creator/3.3/psoc creator/import/gnu/arm/4.9.3/bin/../lib/gcc/arm-none-eabi/4.9.3/../../../../arm-none-eabi/lib/armv7-m\libg_nano.a(lib_a-impure.o)
 .rodata._ctype_
                0x00003aee      0x101 c:/program files (x86)/cypress/psoc creator/3.3/psoc creator/import/gnu/arm/4.9.3/bin/../lib/gcc/arm-none-eabi/4.9.3/../../../../arm-none-eabi/lib/armv7-m\libg_nano.a(lib_a-ctype_.o)
                0x00003aee                _ctype_
                0x00003bf0                . = ALIGN (0x4)
 *fill*         0x00003bef        0x1 
 *(.init)
 .init          0x00003bf0        0x4 c:/program files (x86)/cypress/psoc creator/3.3/psoc creator/import/gnu/arm/4.9.3/bin/../lib/gcc/arm-none-eabi/4.9.3/armv7-m/crti.o
                0x00003bf0                _init
 .init          0x00003bf4        0x8 c:/program files (x86)/cypress/psoc creator/3.3/psoc creator/import/gnu/arm/4.9.3/bin/../lib/gcc/arm-none-eabi/4.9.3/armv7-m/crtn.o
                0x00003bfc                . = ALIGN (0x4)
                0x00003bfc                __preinit_array_start = .
 *(.preinit_array)
                0x00003bfc                __preinit_array_end = .
                0x00003bfc                . = ALIGN (0x4)
                0x00003bfc                __init_array_start = .
 *(SORT(.init_array.*))
 *(.init_array)
 .init_array    0x00003bfc        0x4 c:/program files (x86)/cypress/psoc creator/3.3/psoc creator/import/gnu/arm/4.9.3/bin/../lib/gcc/arm-none-eabi/4.9.3/armv7-m/crtbegin.o
 .init_array    0x00003c00        0x4 .\CortexM3\ARM_GCC_493\Debug\Cm3Start.o
                0x00003c04                __init_array_end = .
                0x00003c04                . = ALIGN (0x4)
 *(.fini)
 .fini          0x00003c04        0x4 c:/program files (x86)/cypress/psoc creator/3.3/psoc creator/import/gnu/arm/4.9.3/bin/../lib/gcc/arm-none-eabi/4.9.3/armv7-m/crti.o
                0x00003c04                _fini
 .fini          0x00003c08        0x8 c:/program files (x86)/cypress/psoc creator/3.3/psoc creator/import/gnu/arm/4.9.3/bin/../lib/gcc/arm-none-eabi/4.9.3/armv7-m/crtn.o
                0x00003c10                . = ALIGN (0x4)
                0x00003c10                __fini_array_start = .
 *(.fini_array)
 .fini_array    0x00003c10        0x4 c:/program files (x86)/cypress/psoc creator/3.3/psoc creator/import/gnu/arm/4.9.3/bin/../lib/gcc/arm-none-eabi/4.9.3/armv7-m/crtbegin.o
 *(SORT(.fini_array.*))
                0x00003c14                __fini_array_end = .
                0x00003c14                . = ALIGN (0x4)
 *crtbegin.o(.ctors)
 *(EXCLUDE_FILE(*crtend.o) .ctors)
 *(SORT(.ctors.*))
 *crtend.o(.ctors)
                0x00003c14                . = ALIGN (0x4)
 *crtbegin.o(.dtors)
 *(EXCLUDE_FILE(*crtend.o) .dtors)
 *(SORT(.dtors.*))
 *crtend.o(.dtors)
                0x00003c14                . = ALIGN (0x4)
                0x00003c14                __cy_regions = .
                0x00003c14        0x4 LONG 0x3c28 __cy_region_init_ram
                0x00003c18        0x4 LONG 0x1fff8108 __cy_region_start_data
                0x00003c1c        0x4 LONG 0x88 __cy_region_init_size_ram
                0x00003c20        0x4 LONG 0x1d0 __cy_region_zero_size_ram
                0x00003c24                __cy_regions_end = .
                0x00003c28                . = ALIGN (0x8)
 *fill*         0x00003c24        0x4 
                0x00003c28                _etext = .

.cy_checksum_exclude
                0x00003c28        0x0
 *(.cy_checksum_exclude)

.ramvectors     0x1fff8000      0x100
                0x1fff8000                __cy_region_start_ram = .
 *(.ramvectors)
 .ramvectors    0x1fff8000      0x100 .\CortexM3\ARM_GCC_493\Debug\Cm3Start.o
                0x1fff8000                CyRamVectors

.noinit         0x1fff8100        0x5
 *(.noinit)
 .noinit        0x1fff8100        0x4 .\CortexM3\ARM_GCC_493\Debug\Cm3Start.o
 .noinit        0x1fff8104        0x1 .\CortexM3\ARM_GCC_493\Debug\Bootloader.a(CyLib.o)
                0x1fff8104                CyResetStatus

.data           0x1fff8108       0x88 load address 0x00003c28
                0x1fff8108                __cy_region_start_data = .
 *(.jcr)
 .jcr           0x1fff8108        0x0 c:/program files (x86)/cypress/psoc creator/3.3/psoc creator/import/gnu/arm/4.9.3/bin/../lib/gcc/arm-none-eabi/4.9.3/armv7-m/crtbegin.o
 .jcr           0x1fff8108        0x4 c:/program files (x86)/cypress/psoc creator/3.3/psoc creator/import/gnu/arm/4.9.3/bin/../lib/gcc/arm-none-eabi/4.9.3/armv7-m/crtend.o
 *(.got.plt)
 *(.got)
 *(.shdata)
 *(.data .data.* .gnu.linkonce.d.*)
 .data          0x1fff810c        0x8 .\CortexM3\ARM_GCC_493\Debug\Bootloader.a(Bootloader.o)
                0x1fff810c                Bootloader_SizeBytesAccess
                0x1fff8110                Bootloader_ChecksumAccess
 .data          0x1fff8114       0x10 .\CortexM3\ARM_GCC_493\Debug\Bootloader.a(CyLib.o)
                0x1fff8114                cydelay_32k_ms
                0x1fff8118                cydelay_freq_khz
                0x1fff811c                cydelay_freq_mhz
                0x1fff8120                cydelay_freq_hz
 .data.impure_data
                0x1fff8124       0x60 c:/program files (x86)/cypress/psoc creator/3.3/psoc creator/import/gnu/arm/4.9.3/bin/../lib/gcc/arm-none-eabi/4.9.3/../../../../arm-none-eabi/lib/armv7-m\libg_nano.a(lib_a-impure.o)
 .data._impure_ptr
                0x1fff8184        0x4 c:/program files (x86)/cypress/psoc creator/3.3/psoc creator/import/gnu/arm/4.9.3/bin/../lib/gcc/arm-none-eabi/4.9.3/../../../../arm-none-eabi/lib/armv7-m\libg_nano.a(lib_a-impure.o)
                0x1fff8184                _impure_ptr
 .data.__ctype_ptr__
                0x1fff8188        0x4 c:/program files (x86)/cypress/psoc creator/3.3/psoc creator/import/gnu/arm/4.9.3/bin/../lib/gcc/arm-none-eabi/4.9.3/../../../../arm-none-eabi/lib/armv7-m\libg_nano.a(lib_a-ctype_.o)
                0x1fff8188                __ctype_ptr__
                0x1fff8190                . = ALIGN (0x8)
 *fill*         0x1fff818c        0x4 
 *(.ram)
                0x1fff8190                _edata = .

.igot.plt       0x1fff8190        0x0 load address 0x00003cb0
 .igot.plt      0x00000000        0x0 c:/program files (x86)/cypress/psoc creator/3.3/psoc creator/import/gnu/arm/4.9.3/bin/../lib/gcc/arm-none-eabi/4.9.3/armv7-m/crtbegin.o

.bss            0x1fff8190      0x1d0 load address 0x00003cb0
                0x1fff8190                PROVIDE (__bss_start__, .)
 *(.shbss)
 *(.bss .bss.* .gnu.linkonce.b.*)
 .bss           0x1fff8190       0x1c c:/program files (x86)/cypress/psoc creator/3.3/psoc creator/import/gnu/arm/4.9.3/bin/../lib/gcc/arm-none-eabi/4.9.3/armv7-m/crtbegin.o
 .bss           0x1fff81ac       0x18 .\CortexM3\ARM_GCC_493\Debug\espwifi.o
 .bss           0x1fff81c4        0x2 .\CortexM3\ARM_GCC_493\Debug\Bootloader.a(LCD.o)
                0x1fff81c4                LCD_enableState
                0x1fff81c5                LCD_initVar
 .bss           0x1fff81c6        0x9 .\CortexM3\ARM_GCC_493\Debug\Bootloader.a(Esp_UART.o)
                0x1fff81c6                Esp_UART_errorStatus
                0x1fff81c7                Esp_UART_initVar
                0x1fff81c8                Esp_UART_rxBufferRead
                0x1fff81c9                Esp_UART_rxBufferWrite
                0x1fff81ca                Esp_UART_rxBufferLoopDetect
                0x1fff81cb                Esp_UART_rxBufferOverflow
                0x1fff81cc                Esp_UART_txBufferRead
                0x1fff81cd                Esp_UART_txBufferWrite
 .bss           0x1fff81cf        0x9 .\CortexM3\ARM_GCC_493\Debug\Bootloader.a(Debug_UART.o)
                0x1fff81cf                Debug_UART_errorStatus
                0x1fff81d0                Debug_UART_initVar
                0x1fff81d1                Debug_UART_rxBufferRead
                0x1fff81d2                Debug_UART_rxBufferWrite
                0x1fff81d3                Debug_UART_rxBufferLoopDetect
                0x1fff81d4                Debug_UART_rxBufferOverflow
                0x1fff81d5                Debug_UART_txBufferRead
                0x1fff81d6                Debug_UART_txBufferWrite
 .bss           0x1fff81d8        0x4 .\CortexM3\ARM_GCC_493\Debug\Bootloader.a(Bootloader.o)
 .bss           0x1fff81dc        0x8 .\CortexM3\ARM_GCC_493\Debug\Bootloader.a(CySpc.o)
                0x1fff81dc                SpcLockState
 *(COMMON)
 COMMON         0x1fff81e4       0x74 .\CortexM3\ARM_GCC_493\Debug\main.o
                0x1fff81e4                board
                0x1fff8244                move
                0x1fff8254                x_pos
                0x1fff8256                y_pos
 COMMON         0x1fff8258       0x80 .\CortexM3\ARM_GCC_493\Debug\Bootloader.a(Esp_UART.o)
                0x1fff8258                Esp_UART_rxBuffer
                0x1fff8298                Esp_UART_txBuffer
 COMMON         0x1fff82d8       0x80 .\CortexM3\ARM_GCC_493\Debug\Bootloader.a(Debug_UART.o)
                0x1fff82d8                Debug_UART_rxBuffer
                0x1fff8318                Debug_UART_txBuffer
 COMMON         0x1fff8358        0x2 .\CortexM3\ARM_GCC_493\Debug\Bootloader.a(CyFlash.o)
                0x1fff8358                dieTemperature
                0x1fff8360                . = ALIGN (0x8)
 *fill*         0x1fff835a        0x6 
 *(.ram.b)
                0x1fff8360                _end = .
                0x1fff8360                __end = .
                0x1fff8360                PROVIDE (end, .)
                0x1fff8360                PROVIDE (__bss_end__, .)
                0x00003c28                __cy_region_init_ram = LOADADDR (.data)
                0x00000088                __cy_region_init_size_ram = (_edata - ADDR (.data))
                0x000001d0                __cy_region_zero_size_ram = (_end - _edata)

.heap           0x1fff8360       0x80 load address 0x00003cb0
                0x1fff8360                . = _end
                0x1fff83e0                . = (. + 0x80)
 *fill*         0x1fff8360       0x80 
                0x1fff83e0                __cy_heap_limit = .

.stack          0x20007800      0x800
                0x20007800                __cy_stack_limit = .
                0x20008000                . = (. + 0x800)
 *fill*         0x20007800      0x800 
                0x00000001                ASSERT ((__cy_stack_limit >= __cy_heap_limit), region RAM overflowed with stack)
                0x00000000                cy_checksum_exclude_size = (CY_APPL_LOADABLE == 0x1)?SIZEOF (.cy_checksum_exclude):0x0
                0x00000001                ASSERT ((cy_checksum_exclude_size <= CY_CHECKSUM_EXCLUDE_SIZE), CY_BOOT: Section .cy_checksum_exclude size exceedes specified limit.)

.cyloadermeta   0x0003ffc0       0x40
 *(.cyloadermeta)
 .cyloadermeta  0x0003ffc0       0x40 .\CortexM3\ARM_GCC_493\Debug\cymetadata.o
                0x0003ffc0                cy_meta_loader

.cyloadablemeta
 *(.cyloadablemeta)

.cyconfigecc    0x80000000        0x4
 *(.cyconfigecc)
 .cyconfigecc   0x80000000        0x4 .\CortexM3\ARM_GCC_493\Debug\cymetadata.o
                0x80000000                cy_meta_configecc

.cycustnvl      0x90000000        0x4
 *(.cycustnvl)
 .cycustnvl     0x90000000        0x4 .\CortexM3\ARM_GCC_493\Debug\cymetadata.o
                0x90000000                cy_meta_custnvl

.cywolatch      0x90100000        0x4
 *(.cywolatch)
 .cywolatch     0x90100000        0x4 .\CortexM3\ARM_GCC_493\Debug\cymetadata.o
                0x90100000                cy_meta_wonvl

.cyeeprom       0x90200000        0x0
 *(.cyeeprom)
                0x00000001                ASSERT ((. <= ((0x90200000 + ee_offset) + ee_size)), .cyeeprom data will not fit in EEPROM)

.cyflashprotect
                0x90400000      0x100
 *(.cyflashprotect)
 .cyflashprotect
                0x90400000      0x100 .\CortexM3\ARM_GCC_493\Debug\cymetadata.o
                0x90400000                cy_meta_flashprotect

.cymeta         0x90500000        0xc
 *(.cymeta)
 .cymeta        0x90500000        0xc .\CortexM3\ARM_GCC_493\Debug\cymetadata.o
                0x90500000                cy_metadata

.rel.dyn        0x00003cb0        0x0 load address 0x9050000c
 .rel.iplt      0x00000000        0x0 c:/program files (x86)/cypress/psoc creator/3.3/psoc creator/import/gnu/arm/4.9.3/bin/../lib/gcc/arm-none-eabi/4.9.3/armv7-m/crtbegin.o

.stab
 *(.stab)

.stabstr
 *(.stabstr)

.debug
 *(.debug)

.line
 *(.line)

.debug_srcinfo
 *(.debug_srcinfo)

.debug_sfnames
 *(.debug_sfnames)

.debug_aranges  0x00000000     0x10e0
 *(.debug_aranges)
 .debug_aranges
                0x00000000       0x30 .\CortexM3\ARM_GCC_493\Debug\main.o
 .debug_aranges
                0x00000030       0x60 .\CortexM3\ARM_GCC_493\Debug\board.o
 .debug_aranges
                0x00000090       0x28 .\CortexM3\ARM_GCC_493\Debug\espwifi.o
 .debug_aranges
                0x000000b8       0x60 .\CortexM3\ARM_GCC_493\Debug\gamecode.o
 .debug_aranges
                0x00000118       0x18 .\CortexM3\ARM_GCC_493\Debug\cymetadata.o
 .debug_aranges
                0x00000130       0x48 .\CortexM3\ARM_GCC_493\Debug\Cm3Start.o
 .debug_aranges
                0x00000178       0x60 .\CortexM3\ARM_GCC_493\Debug\Bootloader.a(cyfitter_cfg.o)
 .debug_aranges
                0x000001d8       0x98 .\CortexM3\ARM_GCC_493\Debug\Bootloader.a(LCD.o)
 .debug_aranges
                0x00000270       0xf0 .\CortexM3\ARM_GCC_493\Debug\Bootloader.a(Esp_UART.o)
 .debug_aranges
                0x00000360       0x28 .\CortexM3\ARM_GCC_493\Debug\Bootloader.a(Esp_UART_INT.o)
 .debug_aranges
                0x00000388       0xf0 .\CortexM3\ARM_GCC_493\Debug\Bootloader.a(Debug_UART.o)
 .debug_aranges
                0x00000478       0x28 .\CortexM3\ARM_GCC_493\Debug\Bootloader.a(Debug_UART_INT.o)
 .debug_aranges
                0x000004a0       0x80 .\CortexM3\ARM_GCC_493\Debug\Bootloader.a(Bootloader.o)
 .debug_aranges
                0x00000520       0x38 .\CortexM3\ARM_GCC_493\Debug\Bootloader.a(Slp_1.o)
 .debug_aranges
                0x00000558       0x38 .\CortexM3\ARM_GCC_493\Debug\Bootloader.a(Stp_1.o)
 .debug_aranges
                0x00000590       0x38 .\CortexM3\ARM_GCC_493\Debug\Bootloader.a(Dir_1.o)
 .debug_aranges
                0x000005c8       0x38 .\CortexM3\ARM_GCC_493\Debug\Bootloader.a(Slp_2.o)
 .debug_aranges
                0x00000600       0x38 .\CortexM3\ARM_GCC_493\Debug\Bootloader.a(Stp_2.o)
 .debug_aranges
                0x00000638       0x38 .\CortexM3\ARM_GCC_493\Debug\Bootloader.a(Dir_2.o)
 .debug_aranges
                0x00000670       0x38 .\CortexM3\ARM_GCC_493\Debug\Bootloader.a(Lim_1.o)
 .debug_aranges
                0x000006a8       0x38 .\CortexM3\ARM_GCC_493\Debug\Bootloader.a(Lim_2.o)
 .debug_aranges
                0x000006e0       0x38 .\CortexM3\ARM_GCC_493\Debug\Bootloader.a(Em.o)
 .debug_aranges
                0x00000718       0x38 .\CortexM3\ARM_GCC_493\Debug\Bootloader.a(Row_0.o)
 .debug_aranges
                0x00000750       0x38 .\CortexM3\ARM_GCC_493\Debug\Bootloader.a(Col_0.o)
 .debug_aranges
                0x00000788       0x38 .\CortexM3\ARM_GCC_493\Debug\Bootloader.a(Col_1.o)
 .debug_aranges
                0x000007c0       0x38 .\CortexM3\ARM_GCC_493\Debug\Bootloader.a(Col_2.o)
 .debug_aranges
                0x000007f8       0x38 .\CortexM3\ARM_GCC_493\Debug\Bootloader.a(Col_3.o)
 .debug_aranges
                0x00000830       0x38 .\CortexM3\ARM_GCC_493\Debug\Bootloader.a(Col_4.o)
 .debug_aranges
                0x00000868       0x38 .\CortexM3\ARM_GCC_493\Debug\Bootloader.a(Col_5.o)
 .debug_aranges
                0x000008a0       0x38 .\CortexM3\ARM_GCC_493\Debug\Bootloader.a(Col_6.o)
 .debug_aranges
                0x000008d8       0x38 .\CortexM3\ARM_GCC_493\Debug\Bootloader.a(Col_7.o)
 .debug_aranges
                0x00000910       0x38 .\CortexM3\ARM_GCC_493\Debug\Bootloader.a(Col_8.o)
 .debug_aranges
                0x00000948       0x38 .\CortexM3\ARM_GCC_493\Debug\Bootloader.a(Col_9.o)
 .debug_aranges
                0x00000980       0x38 .\CortexM3\ARM_GCC_493\Debug\Bootloader.a(Col_10.o)
 .debug_aranges
                0x000009b8       0x38 .\CortexM3\ARM_GCC_493\Debug\Bootloader.a(Col_11.o)
 .debug_aranges
                0x000009f0       0x38 .\CortexM3\ARM_GCC_493\Debug\Bootloader.a(Row_1.o)
 .debug_aranges
                0x00000a28       0x38 .\CortexM3\ARM_GCC_493\Debug\Bootloader.a(Row_2.o)
 .debug_aranges
                0x00000a60       0x38 .\CortexM3\ARM_GCC_493\Debug\Bootloader.a(Row_3.o)
 .debug_aranges
                0x00000a98       0x38 .\CortexM3\ARM_GCC_493\Debug\Bootloader.a(Row_4.o)
 .debug_aranges
                0x00000ad0       0x38 .\CortexM3\ARM_GCC_493\Debug\Bootloader.a(Row_5.o)
 .debug_aranges
                0x00000b08       0x38 .\CortexM3\ARM_GCC_493\Debug\Bootloader.a(Row_6.o)
 .debug_aranges
                0x00000b40       0x38 .\CortexM3\ARM_GCC_493\Debug\Bootloader.a(Row_7.o)
 .debug_aranges
                0x00000b78       0x70 .\CortexM3\ARM_GCC_493\Debug\Bootloader.a(Esp_UART_IntClock.o)
 .debug_aranges
                0x00000be8       0x70 .\CortexM3\ARM_GCC_493\Debug\Bootloader.a(Debug_UART_IntClock.o)
 .debug_aranges
                0x00000c58       0x20 .\CortexM3\ARM_GCC_493\Debug\Bootloader.a(CyBootAsmGnu.o)
 .debug_aranges
                0x00000c78       0x80 .\CortexM3\ARM_GCC_493\Debug\Bootloader.a(CyFlash.o)
 .debug_aranges
                0x00000cf8      0x298 .\CortexM3\ARM_GCC_493\Debug\Bootloader.a(CyLib.o)
 .debug_aranges
                0x00000f90       0x98 .\CortexM3\ARM_GCC_493\Debug\Bootloader.a(cyPm.o)
 .debug_aranges
                0x00001028       0x78 .\CortexM3\ARM_GCC_493\Debug\Bootloader.a(CySpc.o)
 .debug_aranges
                0x000010a0       0x40 .\CortexM3\ARM_GCC_493\Debug\Bootloader.a(Debug_UART_BOOT.o)

.debug_pubnames
 *(.debug_pubnames)

.debug_info     0x00000000     0xac59
 *(.debug_info .gnu.linkonce.wi.*)
 .debug_info    0x00000000      0x72d .\CortexM3\ARM_GCC_493\Debug\main.o
 .debug_info    0x0000072d     0x10f5 .\CortexM3\ARM_GCC_493\Debug\board.o
 .debug_info    0x00001822      0x424 .\CortexM3\ARM_GCC_493\Debug\espwifi.o
 .debug_info    0x00001c46      0xaae .\CortexM3\ARM_GCC_493\Debug\gamecode.o
 .debug_info    0x000026f4      0x15f .\CortexM3\ARM_GCC_493\Debug\cymetadata.o
 .debug_info    0x00002853      0x3b3 .\CortexM3\ARM_GCC_493\Debug\Cm3Start.o
 .debug_info    0x00002c06      0x819 .\CortexM3\ARM_GCC_493\Debug\Bootloader.a(cyfitter_cfg.o)
 .debug_info    0x0000341f      0x712 .\CortexM3\ARM_GCC_493\Debug\Bootloader.a(LCD.o)
 .debug_info    0x00003b31      0x7ce .\CortexM3\ARM_GCC_493\Debug\Bootloader.a(Esp_UART.o)
 .debug_info    0x000042ff      0x17e .\CortexM3\ARM_GCC_493\Debug\Bootloader.a(Esp_UART_INT.o)
 .debug_info    0x0000447d      0x7ce .\CortexM3\ARM_GCC_493\Debug\Bootloader.a(Debug_UART.o)
 .debug_info    0x00004c4b      0x17e .\CortexM3\ARM_GCC_493\Debug\Bootloader.a(Debug_UART_INT.o)
 .debug_info    0x00004dc9      0xca9 .\CortexM3\ARM_GCC_493\Debug\Bootloader.a(Bootloader.o)
 .debug_info    0x00005a72      0x11e .\CortexM3\ARM_GCC_493\Debug\Bootloader.a(Slp_1.o)
 .debug_info    0x00005b90      0x11e .\CortexM3\ARM_GCC_493\Debug\Bootloader.a(Stp_1.o)
 .debug_info    0x00005cae      0x11e .\CortexM3\ARM_GCC_493\Debug\Bootloader.a(Dir_1.o)
 .debug_info    0x00005dcc      0x11e .\CortexM3\ARM_GCC_493\Debug\Bootloader.a(Slp_2.o)
 .debug_info    0x00005eea      0x11e .\CortexM3\ARM_GCC_493\Debug\Bootloader.a(Stp_2.o)
 .debug_info    0x00006008      0x11e .\CortexM3\ARM_GCC_493\Debug\Bootloader.a(Dir_2.o)
 .debug_info    0x00006126      0x11e .\CortexM3\ARM_GCC_493\Debug\Bootloader.a(Lim_1.o)
 .debug_info    0x00006244      0x120 .\CortexM3\ARM_GCC_493\Debug\Bootloader.a(Lim_2.o)
 .debug_info    0x00006364      0x11e .\CortexM3\ARM_GCC_493\Debug\Bootloader.a(Em.o)
 .debug_info    0x00006482      0x11e .\CortexM3\ARM_GCC_493\Debug\Bootloader.a(Row_0.o)
 .debug_info    0x000065a0      0x11e .\CortexM3\ARM_GCC_493\Debug\Bootloader.a(Col_0.o)
 .debug_info    0x000066be      0x11e .\CortexM3\ARM_GCC_493\Debug\Bootloader.a(Col_1.o)
 .debug_info    0x000067dc      0x11e .\CortexM3\ARM_GCC_493\Debug\Bootloader.a(Col_2.o)
 .debug_info    0x000068fa      0x11e .\CortexM3\ARM_GCC_493\Debug\Bootloader.a(Col_3.o)
 .debug_info    0x00006a18      0x11e .\CortexM3\ARM_GCC_493\Debug\Bootloader.a(Col_4.o)
 .debug_info    0x00006b36      0x11e .\CortexM3\ARM_GCC_493\Debug\Bootloader.a(Col_5.o)
 .debug_info    0x00006c54      0x11e .\CortexM3\ARM_GCC_493\Debug\Bootloader.a(Col_6.o)
 .debug_info    0x00006d72      0x120 .\CortexM3\ARM_GCC_493\Debug\Bootloader.a(Col_7.o)
 .debug_info    0x00006e92      0x11e .\CortexM3\ARM_GCC_493\Debug\Bootloader.a(Col_8.o)
 .debug_info    0x00006fb0      0x11e .\CortexM3\ARM_GCC_493\Debug\Bootloader.a(Col_9.o)
 .debug_info    0x000070ce      0x11e .\CortexM3\ARM_GCC_493\Debug\Bootloader.a(Col_10.o)
 .debug_info    0x000071ec      0x11e .\CortexM3\ARM_GCC_493\Debug\Bootloader.a(Col_11.o)
 .debug_info    0x0000730a      0x11e .\CortexM3\ARM_GCC_493\Debug\Bootloader.a(Row_1.o)
 .debug_info    0x00007428      0x11e .\CortexM3\ARM_GCC_493\Debug\Bootloader.a(Row_2.o)
 .debug_info    0x00007546      0x11e .\CortexM3\ARM_GCC_493\Debug\Bootloader.a(Row_3.o)
 .debug_info    0x00007664      0x11e .\CortexM3\ARM_GCC_493\Debug\Bootloader.a(Row_4.o)
 .debug_info    0x00007782      0x11e .\CortexM3\ARM_GCC_493\Debug\Bootloader.a(Row_5.o)
 .debug_info    0x000078a0      0x11e .\CortexM3\ARM_GCC_493\Debug\Bootloader.a(Row_6.o)
 .debug_info    0x000079be      0x120 .\CortexM3\ARM_GCC_493\Debug\Bootloader.a(Row_7.o)
 .debug_info    0x00007ade      0x281 .\CortexM3\ARM_GCC_493\Debug\Bootloader.a(Esp_UART_IntClock.o)
 .debug_info    0x00007d5f      0x281 .\CortexM3\ARM_GCC_493\Debug\Bootloader.a(Debug_UART_IntClock.o)
 .debug_info    0x00007fe0       0xa4 .\CortexM3\ARM_GCC_493\Debug\Bootloader.a(CyBootAsmGnu.o)
 .debug_info    0x00008084      0x608 .\CortexM3\ARM_GCC_493\Debug\Bootloader.a(CyFlash.o)
 .debug_info    0x0000868c     0x136c .\CortexM3\ARM_GCC_493\Debug\Bootloader.a(CyLib.o)
 .debug_info    0x000099f8      0xa55 .\CortexM3\ARM_GCC_493\Debug\Bootloader.a(cyPm.o)
 .debug_info    0x0000a44d      0x4ed .\CortexM3\ARM_GCC_493\Debug\Bootloader.a(CySpc.o)
 .debug_info    0x0000a93a      0x31f .\CortexM3\ARM_GCC_493\Debug\Bootloader.a(Debug_UART_BOOT.o)

.debug_abbrev   0x00000000     0x3207
 *(.debug_abbrev)
 .debug_abbrev  0x00000000      0x1e8 .\CortexM3\ARM_GCC_493\Debug\main.o
 .debug_abbrev  0x000001e8      0x1c0 .\CortexM3\ARM_GCC_493\Debug\board.o
 .debug_abbrev  0x000003a8      0x179 .\CortexM3\ARM_GCC_493\Debug\espwifi.o
 .debug_abbrev  0x00000521      0x21c .\CortexM3\ARM_GCC_493\Debug\gamecode.o
 .debug_abbrev  0x0000073d       0x5d .\CortexM3\ARM_GCC_493\Debug\cymetadata.o
 .debug_abbrev  0x0000079a      0x20f .\CortexM3\ARM_GCC_493\Debug\Cm3Start.o
 .debug_abbrev  0x000009a9      0x1f0 .\CortexM3\ARM_GCC_493\Debug\Bootloader.a(cyfitter_cfg.o)
 .debug_abbrev  0x00000b99      0x17e .\CortexM3\ARM_GCC_493\Debug\Bootloader.a(LCD.o)
 .debug_abbrev  0x00000d17      0x1c5 .\CortexM3\ARM_GCC_493\Debug\Bootloader.a(Esp_UART.o)
 .debug_abbrev  0x00000edc       0xaf .\CortexM3\ARM_GCC_493\Debug\Bootloader.a(Esp_UART_INT.o)
 .debug_abbrev  0x00000f8b      0x1c5 .\CortexM3\ARM_GCC_493\Debug\Bootloader.a(Debug_UART.o)
 .debug_abbrev  0x00001150       0xaf .\CortexM3\ARM_GCC_493\Debug\Bootloader.a(Debug_UART_INT.o)
 .debug_abbrev  0x000011ff      0x259 .\CortexM3\ARM_GCC_493\Debug\Bootloader.a(Bootloader.o)
 .debug_abbrev  0x00001458       0x9d .\CortexM3\ARM_GCC_493\Debug\Bootloader.a(Slp_1.o)
 .debug_abbrev  0x000014f5       0x9d .\CortexM3\ARM_GCC_493\Debug\Bootloader.a(Stp_1.o)
 .debug_abbrev  0x00001592       0x9d .\CortexM3\ARM_GCC_493\Debug\Bootloader.a(Dir_1.o)
 .debug_abbrev  0x0000162f       0x9d .\CortexM3\ARM_GCC_493\Debug\Bootloader.a(Slp_2.o)
 .debug_abbrev  0x000016cc       0x9d .\CortexM3\ARM_GCC_493\Debug\Bootloader.a(Stp_2.o)
 .debug_abbrev  0x00001769       0x9d .\CortexM3\ARM_GCC_493\Debug\Bootloader.a(Dir_2.o)
 .debug_abbrev  0x00001806       0x9d .\CortexM3\ARM_GCC_493\Debug\Bootloader.a(Lim_1.o)
 .debug_abbrev  0x000018a3       0x9d .\CortexM3\ARM_GCC_493\Debug\Bootloader.a(Lim_2.o)
 .debug_abbrev  0x00001940       0x9d .\CortexM3\ARM_GCC_493\Debug\Bootloader.a(Em.o)
 .debug_abbrev  0x000019dd       0x9d .\CortexM3\ARM_GCC_493\Debug\Bootloader.a(Row_0.o)
 .debug_abbrev  0x00001a7a       0x9d .\CortexM3\ARM_GCC_493\Debug\Bootloader.a(Col_0.o)
 .debug_abbrev  0x00001b17       0x9d .\CortexM3\ARM_GCC_493\Debug\Bootloader.a(Col_1.o)
 .debug_abbrev  0x00001bb4       0x9d .\CortexM3\ARM_GCC_493\Debug\Bootloader.a(Col_2.o)
 .debug_abbrev  0x00001c51       0x9d .\CortexM3\ARM_GCC_493\Debug\Bootloader.a(Col_3.o)
 .debug_abbrev  0x00001cee       0x9d .\CortexM3\ARM_GCC_493\Debug\Bootloader.a(Col_4.o)
 .debug_abbrev  0x00001d8b       0x9d .\CortexM3\ARM_GCC_493\Debug\Bootloader.a(Col_5.o)
 .debug_abbrev  0x00001e28       0x9d .\CortexM3\ARM_GCC_493\Debug\Bootloader.a(Col_6.o)
 .debug_abbrev  0x00001ec5       0x9d .\CortexM3\ARM_GCC_493\Debug\Bootloader.a(Col_7.o)
 .debug_abbrev  0x00001f62       0x9d .\CortexM3\ARM_GCC_493\Debug\Bootloader.a(Col_8.o)
 .debug_abbrev  0x00001fff       0x9d .\CortexM3\ARM_GCC_493\Debug\Bootloader.a(Col_9.o)
 .debug_abbrev  0x0000209c       0x9d .\CortexM3\ARM_GCC_493\Debug\Bootloader.a(Col_10.o)
 .debug_abbrev  0x00002139       0x9d .\CortexM3\ARM_GCC_493\Debug\Bootloader.a(Col_11.o)
 .debug_abbrev  0x000021d6       0x9d .\CortexM3\ARM_GCC_493\Debug\Bootloader.a(Row_1.o)
 .debug_abbrev  0x00002273       0x9d .\CortexM3\ARM_GCC_493\Debug\Bootloader.a(Row_2.o)
 .debug_abbrev  0x00002310       0x9d .\CortexM3\ARM_GCC_493\Debug\Bootloader.a(Row_3.o)
 .debug_abbrev  0x000023ad       0x9d .\CortexM3\ARM_GCC_493\Debug\Bootloader.a(Row_4.o)
 .debug_abbrev  0x0000244a       0x9d .\CortexM3\ARM_GCC_493\Debug\Bootloader.a(Row_5.o)
 .debug_abbrev  0x000024e7       0x9d .\CortexM3\ARM_GCC_493\Debug\Bootloader.a(Row_6.o)
 .debug_abbrev  0x00002584       0x9d .\CortexM3\ARM_GCC_493\Debug\Bootloader.a(Row_7.o)
 .debug_abbrev  0x00002621      0x146 .\CortexM3\ARM_GCC_493\Debug\Bootloader.a(Esp_UART_IntClock.o)
 .debug_abbrev  0x00002767      0x146 .\CortexM3\ARM_GCC_493\Debug\Bootloader.a(Debug_UART_IntClock.o)
 .debug_abbrev  0x000028ad       0x14 .\CortexM3\ARM_GCC_493\Debug\Bootloader.a(CyBootAsmGnu.o)
 .debug_abbrev  0x000028c1      0x1de .\CortexM3\ARM_GCC_493\Debug\Bootloader.a(CyFlash.o)
 .debug_abbrev  0x00002a9f      0x296 .\CortexM3\ARM_GCC_493\Debug\Bootloader.a(CyLib.o)
 .debug_abbrev  0x00002d35      0x1fa .\CortexM3\ARM_GCC_493\Debug\Bootloader.a(cyPm.o)
 .debug_abbrev  0x00002f2f      0x1ce .\CortexM3\ARM_GCC_493\Debug\Bootloader.a(CySpc.o)
 .debug_abbrev  0x000030fd      0x10a .\CortexM3\ARM_GCC_493\Debug\Bootloader.a(Debug_UART_BOOT.o)

.debug_line     0x00000000     0x4757
 *(.debug_line)
 .debug_line    0x00000000      0x343 .\CortexM3\ARM_GCC_493\Debug\main.o
 .debug_line    0x00000343      0x4b3 .\CortexM3\ARM_GCC_493\Debug\board.o
 .debug_line    0x000007f6      0x200 .\CortexM3\ARM_GCC_493\Debug\espwifi.o
 .debug_line    0x000009f6      0x411 .\CortexM3\ARM_GCC_493\Debug\gamecode.o
 .debug_line    0x00000e07       0x53 .\CortexM3\ARM_GCC_493\Debug\cymetadata.o
 .debug_line    0x00000e5a      0x24a .\CortexM3\ARM_GCC_493\Debug\Cm3Start.o
 .debug_line    0x000010a4      0x21a .\CortexM3\ARM_GCC_493\Debug\Bootloader.a(cyfitter_cfg.o)
 .debug_line    0x000012be      0x1de .\CortexM3\ARM_GCC_493\Debug\Bootloader.a(LCD.o)
 .debug_line    0x0000149c      0x345 .\CortexM3\ARM_GCC_493\Debug\Bootloader.a(Esp_UART.o)
 .debug_line    0x000017e1       0xae .\CortexM3\ARM_GCC_493\Debug\Bootloader.a(Esp_UART_INT.o)
 .debug_line    0x0000188f      0x349 .\CortexM3\ARM_GCC_493\Debug\Bootloader.a(Debug_UART.o)
 .debug_line    0x00001bd8       0xb2 .\CortexM3\ARM_GCC_493\Debug\Bootloader.a(Debug_UART_INT.o)
 .debug_line    0x00001c8a      0x5af .\CortexM3\ARM_GCC_493\Debug\Bootloader.a(Bootloader.o)
 .debug_line    0x00002239       0x94 .\CortexM3\ARM_GCC_493\Debug\Bootloader.a(Slp_1.o)
 .debug_line    0x000022cd       0x94 .\CortexM3\ARM_GCC_493\Debug\Bootloader.a(Stp_1.o)
 .debug_line    0x00002361       0x94 .\CortexM3\ARM_GCC_493\Debug\Bootloader.a(Dir_1.o)
 .debug_line    0x000023f5       0x94 .\CortexM3\ARM_GCC_493\Debug\Bootloader.a(Slp_2.o)
 .debug_line    0x00002489       0x94 .\CortexM3\ARM_GCC_493\Debug\Bootloader.a(Stp_2.o)
 .debug_line    0x0000251d       0x94 .\CortexM3\ARM_GCC_493\Debug\Bootloader.a(Dir_2.o)
 .debug_line    0x000025b1       0x94 .\CortexM3\ARM_GCC_493\Debug\Bootloader.a(Lim_1.o)
 .debug_line    0x00002645       0x94 .\CortexM3\ARM_GCC_493\Debug\Bootloader.a(Lim_2.o)
 .debug_line    0x000026d9       0x91 .\CortexM3\ARM_GCC_493\Debug\Bootloader.a(Em.o)
 .debug_line    0x0000276a       0x94 .\CortexM3\ARM_GCC_493\Debug\Bootloader.a(Row_0.o)
 .debug_line    0x000027fe       0x94 .\CortexM3\ARM_GCC_493\Debug\Bootloader.a(Col_0.o)
 .debug_line    0x00002892       0x94 .\CortexM3\ARM_GCC_493\Debug\Bootloader.a(Col_1.o)
 .debug_line    0x00002926       0x94 .\CortexM3\ARM_GCC_493\Debug\Bootloader.a(Col_2.o)
 .debug_line    0x000029ba       0x94 .\CortexM3\ARM_GCC_493\Debug\Bootloader.a(Col_3.o)
 .debug_line    0x00002a4e       0x94 .\CortexM3\ARM_GCC_493\Debug\Bootloader.a(Col_4.o)
 .debug_line    0x00002ae2       0x94 .\CortexM3\ARM_GCC_493\Debug\Bootloader.a(Col_5.o)
 .debug_line    0x00002b76       0x94 .\CortexM3\ARM_GCC_493\Debug\Bootloader.a(Col_6.o)
 .debug_line    0x00002c0a       0x94 .\CortexM3\ARM_GCC_493\Debug\Bootloader.a(Col_7.o)
 .debug_line    0x00002c9e       0x94 .\CortexM3\ARM_GCC_493\Debug\Bootloader.a(Col_8.o)
 .debug_line    0x00002d32       0x94 .\CortexM3\ARM_GCC_493\Debug\Bootloader.a(Col_9.o)
 .debug_line    0x00002dc6       0x95 .\CortexM3\ARM_GCC_493\Debug\Bootloader.a(Col_10.o)
 .debug_line    0x00002e5b       0x95 .\CortexM3\ARM_GCC_493\Debug\Bootloader.a(Col_11.o)
 .debug_line    0x00002ef0       0x94 .\CortexM3\ARM_GCC_493\Debug\Bootloader.a(Row_1.o)
 .debug_line    0x00002f84       0x94 .\CortexM3\ARM_GCC_493\Debug\Bootloader.a(Row_2.o)
 .debug_line    0x00003018       0x94 .\CortexM3\ARM_GCC_493\Debug\Bootloader.a(Row_3.o)
 .debug_line    0x000030ac       0x94 .\CortexM3\ARM_GCC_493\Debug\Bootloader.a(Row_4.o)
 .debug_line    0x00003140       0x94 .\CortexM3\ARM_GCC_493\Debug\Bootloader.a(Row_5.o)
 .debug_line    0x000031d4       0x94 .\CortexM3\ARM_GCC_493\Debug\Bootloader.a(Row_6.o)
 .debug_line    0x00003268       0x94 .\CortexM3\ARM_GCC_493\Debug\Bootloader.a(Row_7.o)
 .debug_line    0x000032fc      0x199 .\CortexM3\ARM_GCC_493\Debug\Bootloader.a(Esp_UART_IntClock.o)
 .debug_line    0x00003495      0x19b .\CortexM3\ARM_GCC_493\Debug\Bootloader.a(Debug_UART_IntClock.o)
 .debug_line    0x00003630       0x68 .\CortexM3\ARM_GCC_493\Debug\Bootloader.a(CyBootAsmGnu.o)
 .debug_line    0x00003698      0x1ec .\CortexM3\ARM_GCC_493\Debug\Bootloader.a(CyFlash.o)
 .debug_line    0x00003884      0x806 .\CortexM3\ARM_GCC_493\Debug\Bootloader.a(CyLib.o)
 .debug_line    0x0000408a      0x366 .\CortexM3\ARM_GCC_493\Debug\Bootloader.a(cyPm.o)
 .debug_line    0x000043f0      0x23e .\CortexM3\ARM_GCC_493\Debug\Bootloader.a(CySpc.o)
 .debug_line    0x0000462e      0x129 .\CortexM3\ARM_GCC_493\Debug\Bootloader.a(Debug_UART_BOOT.o)

.debug_frame    0x00000000     0x26b0
 *(.debug_frame)
 .debug_frame   0x00000000       0x6c .\CortexM3\ARM_GCC_493\Debug\main.o
 .debug_frame   0x0000006c      0x13c .\CortexM3\ARM_GCC_493\Debug\board.o
 .debug_frame   0x000001a8       0x5c .\CortexM3\ARM_GCC_493\Debug\espwifi.o
 .debug_frame   0x00000204      0x10c .\CortexM3\ARM_GCC_493\Debug\gamecode.o
 .debug_frame   0x00000310       0xac .\CortexM3\ARM_GCC_493\Debug\Cm3Start.o
 .debug_frame   0x000003bc      0x100 .\CortexM3\ARM_GCC_493\Debug\Bootloader.a(cyfitter_cfg.o)
 .debug_frame   0x000004bc      0x1e4 .\CortexM3\ARM_GCC_493\Debug\Bootloader.a(LCD.o)
 .debug_frame   0x000006a0      0x25c .\CortexM3\ARM_GCC_493\Debug\Bootloader.a(Esp_UART.o)
 .debug_frame   0x000008fc       0x30 .\CortexM3\ARM_GCC_493\Debug\Bootloader.a(Esp_UART_INT.o)
 .debug_frame   0x0000092c      0x25c .\CortexM3\ARM_GCC_493\Debug\Bootloader.a(Debug_UART.o)
 .debug_frame   0x00000b88       0x30 .\CortexM3\ARM_GCC_493\Debug\Bootloader.a(Debug_UART_INT.o)
 .debug_frame   0x00000bb8      0x1a8 .\CortexM3\ARM_GCC_493\Debug\Bootloader.a(Bootloader.o)
 .debug_frame   0x00000d60       0x50 .\CortexM3\ARM_GCC_493\Debug\Bootloader.a(Slp_1.o)
 .debug_frame   0x00000db0       0x50 .\CortexM3\ARM_GCC_493\Debug\Bootloader.a(Stp_1.o)
 .debug_frame   0x00000e00       0x50 .\CortexM3\ARM_GCC_493\Debug\Bootloader.a(Dir_1.o)
 .debug_frame   0x00000e50       0x50 .\CortexM3\ARM_GCC_493\Debug\Bootloader.a(Slp_2.o)
 .debug_frame   0x00000ea0       0x50 .\CortexM3\ARM_GCC_493\Debug\Bootloader.a(Stp_2.o)
 .debug_frame   0x00000ef0       0x50 .\CortexM3\ARM_GCC_493\Debug\Bootloader.a(Dir_2.o)
 .debug_frame   0x00000f40       0x50 .\CortexM3\ARM_GCC_493\Debug\Bootloader.a(Lim_1.o)
 .debug_frame   0x00000f90       0x50 .\CortexM3\ARM_GCC_493\Debug\Bootloader.a(Lim_2.o)
 .debug_frame   0x00000fe0       0x50 .\CortexM3\ARM_GCC_493\Debug\Bootloader.a(Em.o)
 .debug_frame   0x00001030       0x50 .\CortexM3\ARM_GCC_493\Debug\Bootloader.a(Row_0.o)
 .debug_frame   0x00001080       0x50 .\CortexM3\ARM_GCC_493\Debug\Bootloader.a(Col_0.o)
 .debug_frame   0x000010d0       0x50 .\CortexM3\ARM_GCC_493\Debug\Bootloader.a(Col_1.o)
 .debug_frame   0x00001120       0x50 .\CortexM3\ARM_GCC_493\Debug\Bootloader.a(Col_2.o)
 .debug_frame   0x00001170       0x50 .\CortexM3\ARM_GCC_493\Debug\Bootloader.a(Col_3.o)
 .debug_frame   0x000011c0       0x50 .\CortexM3\ARM_GCC_493\Debug\Bootloader.a(Col_4.o)
 .debug_frame   0x00001210       0x50 .\CortexM3\ARM_GCC_493\Debug\Bootloader.a(Col_5.o)
 .debug_frame   0x00001260       0x50 .\CortexM3\ARM_GCC_493\Debug\Bootloader.a(Col_6.o)
 .debug_frame   0x000012b0       0x50 .\CortexM3\ARM_GCC_493\Debug\Bootloader.a(Col_7.o)
 .debug_frame   0x00001300       0x50 .\CortexM3\ARM_GCC_493\Debug\Bootloader.a(Col_8.o)
 .debug_frame   0x00001350       0x50 .\CortexM3\ARM_GCC_493\Debug\Bootloader.a(Col_9.o)
 .debug_frame   0x000013a0       0x50 .\CortexM3\ARM_GCC_493\Debug\Bootloader.a(Col_10.o)
 .debug_frame   0x000013f0       0x50 .\CortexM3\ARM_GCC_493\Debug\Bootloader.a(Col_11.o)
 .debug_frame   0x00001440       0x50 .\CortexM3\ARM_GCC_493\Debug\Bootloader.a(Row_1.o)
 .debug_frame   0x00001490       0x50 .\CortexM3\ARM_GCC_493\Debug\Bootloader.a(Row_2.o)
 .debug_frame   0x000014e0       0x50 .\CortexM3\ARM_GCC_493\Debug\Bootloader.a(Row_3.o)
 .debug_frame   0x00001530       0x50 .\CortexM3\ARM_GCC_493\Debug\Bootloader.a(Row_4.o)
 .debug_frame   0x00001580       0x50 .\CortexM3\ARM_GCC_493\Debug\Bootloader.a(Row_5.o)
 .debug_frame   0x000015d0       0x50 .\CortexM3\ARM_GCC_493\Debug\Bootloader.a(Row_6.o)
 .debug_frame   0x00001620       0x50 .\CortexM3\ARM_GCC_493\Debug\Bootloader.a(Row_7.o)
 .debug_frame   0x00001670       0xe0 .\CortexM3\ARM_GCC_493\Debug\Bootloader.a(Esp_UART_IntClock.o)
 .debug_frame   0x00001750       0xe0 .\CortexM3\ARM_GCC_493\Debug\Bootloader.a(Debug_UART_IntClock.o)
 .debug_frame   0x00001830      0x174 .\CortexM3\ARM_GCC_493\Debug\Bootloader.a(CyFlash.o)
 .debug_frame   0x000019a4      0x728 .\CortexM3\ARM_GCC_493\Debug\Bootloader.a(CyLib.o)
 .debug_frame   0x000020cc      0x1f8 .\CortexM3\ARM_GCC_493\Debug\Bootloader.a(cyPm.o)
 .debug_frame   0x000022c4      0x160 .\CortexM3\ARM_GCC_493\Debug\Bootloader.a(CySpc.o)
 .debug_frame   0x00002424       0xb8 .\CortexM3\ARM_GCC_493\Debug\Bootloader.a(Debug_UART_BOOT.o)
 .debug_frame   0x000024dc       0x30 c:/program files (x86)/cypress/psoc creator/3.3/psoc creator/import/gnu/arm/4.9.3/bin/../lib/gcc/arm-none-eabi/4.9.3/../../../../arm-none-eabi/lib/armv7-m\libg_nano.a(lib_a-atoi.o)
 .debug_frame   0x0000250c       0x20 c:/program files (x86)/cypress/psoc creator/3.3/psoc creator/import/gnu/arm/4.9.3/bin/../lib/gcc/arm-none-eabi/4.9.3/../../../../arm-none-eabi/lib/armv7-m\libg_nano.a(lib_a-errno.o)
 .debug_frame   0x0000252c       0x28 c:/program files (x86)/cypress/psoc creator/3.3/psoc creator/import/gnu/arm/4.9.3/bin/../lib/gcc/arm-none-eabi/4.9.3/../../../../arm-none-eabi/lib/armv7-m\libg_nano.a(lib_a-exit.o)
 .debug_frame   0x00002554       0x2c c:/program files (x86)/cypress/psoc creator/3.3/psoc creator/import/gnu/arm/4.9.3/bin/../lib/gcc/arm-none-eabi/4.9.3/../../../../arm-none-eabi/lib/armv7-m\libg_nano.a(lib_a-init.o)
 .debug_frame   0x00002580       0x28 c:/program files (x86)/cypress/psoc creator/3.3/psoc creator/import/gnu/arm/4.9.3/bin/../lib/gcc/arm-none-eabi/4.9.3/../../../../arm-none-eabi/lib/armv7-m\libg_nano.a(lib_a-memcpy.o)
 .debug_frame   0x000025a8       0x20 c:/program files (x86)/cypress/psoc creator/3.3/psoc creator/import/gnu/arm/4.9.3/bin/../lib/gcc/arm-none-eabi/4.9.3/../../../../arm-none-eabi/lib/armv7-m\libg_nano.a(lib_a-memset.o)
 .debug_frame   0x000025c8       0x20 c:/program files (x86)/cypress/psoc creator/3.3/psoc creator/import/gnu/arm/4.9.3/bin/../lib/gcc/arm-none-eabi/4.9.3/../../../../arm-none-eabi/lib/armv7-m\libg_nano.a(lib_a-strcpy.o)
 .debug_frame   0x000025e8       0x20 c:/program files (x86)/cypress/psoc creator/3.3/psoc creator/import/gnu/arm/4.9.3/bin/../lib/gcc/arm-none-eabi/4.9.3/../../../../arm-none-eabi/lib/armv7-m\libg_nano.a(lib_a-strlen.o)
 .debug_frame   0x00002608       0x28 c:/program files (x86)/cypress/psoc creator/3.3/psoc creator/import/gnu/arm/4.9.3/bin/../lib/gcc/arm-none-eabi/4.9.3/../../../../arm-none-eabi/lib/armv7-m\libg_nano.a(lib_a-strncpy.o)
 .debug_frame   0x00002630       0x2c c:/program files (x86)/cypress/psoc creator/3.3/psoc creator/import/gnu/arm/4.9.3/bin/../lib/gcc/arm-none-eabi/4.9.3/../../../../arm-none-eabi/lib/armv7-m\libg_nano.a(lib_a-strstr.o)
 .debug_frame   0x0000265c       0x54 c:/program files (x86)/cypress/psoc creator/3.3/psoc creator/import/gnu/arm/4.9.3/bin/../lib/gcc/arm-none-eabi/4.9.3/../../../../arm-none-eabi/lib/armv7-m\libg_nano.a(lib_a-strtol.o)

.debug_str      0x00000000     0x32cb
 *(.debug_str)
 .debug_str     0x00000000      0x303 .\CortexM3\ARM_GCC_493\Debug\main.o
                                0x350 (size before relaxing)
 .debug_str     0x00000303      0x215 .\CortexM3\ARM_GCC_493\Debug\board.o
                                0x458 (size before relaxing)
 .debug_str     0x00000518       0x76 .\CortexM3\ARM_GCC_493\Debug\espwifi.o
                                0x280 (size before relaxing)
 .debug_str     0x0000058e      0x145 .\CortexM3\ARM_GCC_493\Debug\gamecode.o
                                0x3a0 (size before relaxing)
 .debug_str     0x000006d3       0x86 .\CortexM3\ARM_GCC_493\Debug\cymetadata.o
                                0x218 (size before relaxing)
 .debug_str     0x00000759      0x16d .\CortexM3\ARM_GCC_493\Debug\Cm3Start.o
                                0x331 (size before relaxing)
 .debug_str     0x000008c6      0x251 .\CortexM3\ARM_GCC_493\Debug\Bootloader.a(cyfitter_cfg.o)
                                0x443 (size before relaxing)
 .debug_str     0x00000b17      0x173 .\CortexM3\ARM_GCC_493\Debug\Bootloader.a(LCD.o)
                                0x33e (size before relaxing)
 .debug_str     0x00000c8a      0x433 .\CortexM3\ARM_GCC_493\Debug\Bootloader.a(Esp_UART.o)
                                0x658 (size before relaxing)
 .debug_str     0x000010bd       0x6c .\CortexM3\ARM_GCC_493\Debug\Bootloader.a(Esp_UART_INT.o)
                                0x2cc (size before relaxing)
 .debug_str     0x00001129      0x33e .\CortexM3\ARM_GCC_493\Debug\Bootloader.a(Debug_UART.o)
                                0x6a8 (size before relaxing)
 .debug_str     0x00001467       0x4c .\CortexM3\ARM_GCC_493\Debug\Bootloader.a(Debug_UART_INT.o)
                                0x2e4 (size before relaxing)
 .debug_str     0x000014b3      0x4bb .\CortexM3\ARM_GCC_493\Debug\Bootloader.a(Bootloader.o)
                                0x6dc (size before relaxing)
 .debug_str     0x0000196e       0x61 .\CortexM3\ARM_GCC_493\Debug\Bootloader.a(Slp_1.o)
                                0x201 (size before relaxing)
 .debug_str     0x000019cf       0x51 .\CortexM3\ARM_GCC_493\Debug\Bootloader.a(Stp_1.o)
                                0x201 (size before relaxing)
 .debug_str     0x00001a20       0x51 .\CortexM3\ARM_GCC_493\Debug\Bootloader.a(Dir_1.o)
                                0x201 (size before relaxing)
 .debug_str     0x00001a71       0x51 .\CortexM3\ARM_GCC_493\Debug\Bootloader.a(Slp_2.o)
                                0x201 (size before relaxing)
 .debug_str     0x00001ac2       0x51 .\CortexM3\ARM_GCC_493\Debug\Bootloader.a(Stp_2.o)
                                0x201 (size before relaxing)
 .debug_str     0x00001b13       0x51 .\CortexM3\ARM_GCC_493\Debug\Bootloader.a(Dir_2.o)
                                0x201 (size before relaxing)
 .debug_str     0x00001b64       0x52 .\CortexM3\ARM_GCC_493\Debug\Bootloader.a(Lim_1.o)
                                0x201 (size before relaxing)
 .debug_str     0x00001bb6       0x52 .\CortexM3\ARM_GCC_493\Debug\Bootloader.a(Lim_2.o)
                                0x201 (size before relaxing)
 .debug_str     0x00001c08       0x45 .\CortexM3\ARM_GCC_493\Debug\Bootloader.a(Em.o)
                                0x1f2 (size before relaxing)
 .debug_str     0x00001c4d       0x3e .\CortexM3\ARM_GCC_493\Debug\Bootloader.a(Row_0.o)
                                0x201 (size before relaxing)
 .debug_str     0x00001c8b       0x52 .\CortexM3\ARM_GCC_493\Debug\Bootloader.a(Col_0.o)
                                0x201 (size before relaxing)
 .debug_str     0x00001cdd       0x52 .\CortexM3\ARM_GCC_493\Debug\Bootloader.a(Col_1.o)
                                0x201 (size before relaxing)
 .debug_str     0x00001d2f       0x52 .\CortexM3\ARM_GCC_493\Debug\Bootloader.a(Col_2.o)
                                0x201 (size before relaxing)
 .debug_str     0x00001d81       0x52 .\CortexM3\ARM_GCC_493\Debug\Bootloader.a(Col_3.o)
                                0x201 (size before relaxing)
 .debug_str     0x00001dd3       0x52 .\CortexM3\ARM_GCC_493\Debug\Bootloader.a(Col_4.o)
                                0x201 (size before relaxing)
 .debug_str     0x00001e25       0x52 .\CortexM3\ARM_GCC_493\Debug\Bootloader.a(Col_5.o)
                                0x201 (size before relaxing)
 .debug_str     0x00001e77       0x52 .\CortexM3\ARM_GCC_493\Debug\Bootloader.a(Col_6.o)
                                0x201 (size before relaxing)
 .debug_str     0x00001ec9       0x52 .\CortexM3\ARM_GCC_493\Debug\Bootloader.a(Col_7.o)
                                0x201 (size before relaxing)
 .debug_str     0x00001f1b       0x52 .\CortexM3\ARM_GCC_493\Debug\Bootloader.a(Col_8.o)
                                0x201 (size before relaxing)
 .debug_str     0x00001f6d       0x52 .\CortexM3\ARM_GCC_493\Debug\Bootloader.a(Col_9.o)
                                0x201 (size before relaxing)
 .debug_str     0x00001fbf       0x56 .\CortexM3\ARM_GCC_493\Debug\Bootloader.a(Col_10.o)
                                0x206 (size before relaxing)
 .debug_str     0x00002015       0x56 .\CortexM3\ARM_GCC_493\Debug\Bootloader.a(Col_11.o)
                                0x206 (size before relaxing)
 .debug_str     0x0000206b       0x3e .\CortexM3\ARM_GCC_493\Debug\Bootloader.a(Row_1.o)
                                0x201 (size before relaxing)
 .debug_str     0x000020a9       0x3e .\CortexM3\ARM_GCC_493\Debug\Bootloader.a(Row_2.o)
                                0x201 (size before relaxing)
 .debug_str     0x000020e7       0x3e .\CortexM3\ARM_GCC_493\Debug\Bootloader.a(Row_3.o)
                                0x201 (size before relaxing)
 .debug_str     0x00002125       0x3e .\CortexM3\ARM_GCC_493\Debug\Bootloader.a(Row_4.o)
                                0x201 (size before relaxing)
 .debug_str     0x00002163       0x3e .\CortexM3\ARM_GCC_493\Debug\Bootloader.a(Row_5.o)
                                0x201 (size before relaxing)
 .debug_str     0x000021a1       0x3e .\CortexM3\ARM_GCC_493\Debug\Bootloader.a(Row_6.o)
                                0x201 (size before relaxing)
 .debug_str     0x000021df       0x3e .\CortexM3\ARM_GCC_493\Debug\Bootloader.a(Row_7.o)
                                0x201 (size before relaxing)
 .debug_str     0x0000221d      0x1ad .\CortexM3\ARM_GCC_493\Debug\Bootloader.a(Esp_UART_IntClock.o)
                                0x385 (size before relaxing)
 .debug_str     0x000023ca      0x176 .\CortexM3\ARM_GCC_493\Debug\Bootloader.a(Debug_UART_IntClock.o)
                                0x39d (size before relaxing)
 .debug_str     0x00002540      0x17a .\CortexM3\ARM_GCC_493\Debug\Bootloader.a(CyFlash.o)
                                0x3b4 (size before relaxing)
 .debug_str     0x000026ba      0x78b .\CortexM3\ARM_GCC_493\Debug\Bootloader.a(CyLib.o)
                                0xa42 (size before relaxing)
 .debug_str     0x00002e45      0x345 .\CortexM3\ARM_GCC_493\Debug\Bootloader.a(cyPm.o)
                                0x73a (size before relaxing)
 .debug_str     0x0000318a       0xae .\CortexM3\ARM_GCC_493\Debug\Bootloader.a(CySpc.o)
                                0x33d (size before relaxing)
 .debug_str     0x00003238       0x93 .\CortexM3\ARM_GCC_493\Debug\Bootloader.a(Debug_UART_BOOT.o)
                                0x351 (size before relaxing)

.debug_loc      0x00000000     0x460f
 *(.debug_loc)
 .debug_loc     0x00000000      0x1c5 .\CortexM3\ARM_GCC_493\Debug\main.o
 .debug_loc     0x000001c5      0x2ea .\CortexM3\ARM_GCC_493\Debug\board.o
 .debug_loc     0x000004af      0x196 .\CortexM3\ARM_GCC_493\Debug\espwifi.o
 .debug_loc     0x00000645      0x24e .\CortexM3\ARM_GCC_493\Debug\gamecode.o
 .debug_loc     0x00000893      0x144 .\CortexM3\ARM_GCC_493\Debug\Cm3Start.o
 .debug_loc     0x000009d7      0x2eb .\CortexM3\ARM_GCC_493\Debug\Bootloader.a(cyfitter_cfg.o)
 .debug_loc     0x00000cc2      0x3c6 .\CortexM3\ARM_GCC_493\Debug\Bootloader.a(LCD.o)
 .debug_loc     0x00001088      0x36c .\CortexM3\ARM_GCC_493\Debug\Bootloader.a(Esp_UART.o)
 .debug_loc     0x000013f4       0x45 .\CortexM3\ARM_GCC_493\Debug\Bootloader.a(Esp_UART_INT.o)
 .debug_loc     0x00001439      0x36c .\CortexM3\ARM_GCC_493\Debug\Bootloader.a(Debug_UART.o)
 .debug_loc     0x000017a5       0x45 .\CortexM3\ARM_GCC_493\Debug\Bootloader.a(Debug_UART_INT.o)
 .debug_loc     0x000017ea      0xcec .\CortexM3\ARM_GCC_493\Debug\Bootloader.a(Bootloader.o)
 .debug_loc     0x000024d6       0x42 .\CortexM3\ARM_GCC_493\Debug\Bootloader.a(Slp_1.o)
 .debug_loc     0x00002518       0x42 .\CortexM3\ARM_GCC_493\Debug\Bootloader.a(Stp_1.o)
 .debug_loc     0x0000255a       0x42 .\CortexM3\ARM_GCC_493\Debug\Bootloader.a(Dir_1.o)
 .debug_loc     0x0000259c       0x42 .\CortexM3\ARM_GCC_493\Debug\Bootloader.a(Slp_2.o)
 .debug_loc     0x000025de       0x42 .\CortexM3\ARM_GCC_493\Debug\Bootloader.a(Stp_2.o)
 .debug_loc     0x00002620       0x42 .\CortexM3\ARM_GCC_493\Debug\Bootloader.a(Dir_2.o)
 .debug_loc     0x00002662       0x42 .\CortexM3\ARM_GCC_493\Debug\Bootloader.a(Lim_1.o)
 .debug_loc     0x000026a4       0x55 .\CortexM3\ARM_GCC_493\Debug\Bootloader.a(Lim_2.o)
 .debug_loc     0x000026f9       0x42 .\CortexM3\ARM_GCC_493\Debug\Bootloader.a(Em.o)
 .debug_loc     0x0000273b       0x42 .\CortexM3\ARM_GCC_493\Debug\Bootloader.a(Row_0.o)
 .debug_loc     0x0000277d       0x42 .\CortexM3\ARM_GCC_493\Debug\Bootloader.a(Col_0.o)
 .debug_loc     0x000027bf       0x42 .\CortexM3\ARM_GCC_493\Debug\Bootloader.a(Col_1.o)
 .debug_loc     0x00002801       0x42 .\CortexM3\ARM_GCC_493\Debug\Bootloader.a(Col_2.o)
 .debug_loc     0x00002843       0x42 .\CortexM3\ARM_GCC_493\Debug\Bootloader.a(Col_3.o)
 .debug_loc     0x00002885       0x42 .\CortexM3\ARM_GCC_493\Debug\Bootloader.a(Col_4.o)
 .debug_loc     0x000028c7       0x42 .\CortexM3\ARM_GCC_493\Debug\Bootloader.a(Col_5.o)
 .debug_loc     0x00002909       0x42 .\CortexM3\ARM_GCC_493\Debug\Bootloader.a(Col_6.o)
 .debug_loc     0x0000294b       0x55 .\CortexM3\ARM_GCC_493\Debug\Bootloader.a(Col_7.o)
 .debug_loc     0x000029a0       0x42 .\CortexM3\ARM_GCC_493\Debug\Bootloader.a(Col_8.o)
 .debug_loc     0x000029e2       0x42 .\CortexM3\ARM_GCC_493\Debug\Bootloader.a(Col_9.o)
 .debug_loc     0x00002a24       0x42 .\CortexM3\ARM_GCC_493\Debug\Bootloader.a(Col_10.o)
 .debug_loc     0x00002a66       0x42 .\CortexM3\ARM_GCC_493\Debug\Bootloader.a(Col_11.o)
 .debug_loc     0x00002aa8       0x42 .\CortexM3\ARM_GCC_493\Debug\Bootloader.a(Row_1.o)
 .debug_loc     0x00002aea       0x42 .\CortexM3\ARM_GCC_493\Debug\Bootloader.a(Row_2.o)
 .debug_loc     0x00002b2c       0x42 .\CortexM3\ARM_GCC_493\Debug\Bootloader.a(Row_3.o)
 .debug_loc     0x00002b6e       0x42 .\CortexM3\ARM_GCC_493\Debug\Bootloader.a(Row_4.o)
 .debug_loc     0x00002bb0       0x42 .\CortexM3\ARM_GCC_493\Debug\Bootloader.a(Row_5.o)
 .debug_loc     0x00002bf2       0x42 .\CortexM3\ARM_GCC_493\Debug\Bootloader.a(Row_6.o)
 .debug_loc     0x00002c34       0x55 .\CortexM3\ARM_GCC_493\Debug\Bootloader.a(Row_7.o)
 .debug_loc     0x00002c89      0x12c .\CortexM3\ARM_GCC_493\Debug\Bootloader.a(Esp_UART_IntClock.o)
 .debug_loc     0x00002db5      0x128 .\CortexM3\ARM_GCC_493\Debug\Bootloader.a(Debug_UART_IntClock.o)
 .debug_loc     0x00002edd      0x300 .\CortexM3\ARM_GCC_493\Debug\Bootloader.a(CyFlash.o)
 .debug_loc     0x000031dd      0xa11 .\CortexM3\ARM_GCC_493\Debug\Bootloader.a(CyLib.o)
 .debug_loc     0x00003bee      0x1e4 .\CortexM3\ARM_GCC_493\Debug\Bootloader.a(cyPm.o)
 .debug_loc     0x00003dd2      0x64d .\CortexM3\ARM_GCC_493\Debug\Bootloader.a(CySpc.o)
 .debug_loc     0x0000441f      0x1f0 .\CortexM3\ARM_GCC_493\Debug\Bootloader.a(Debug_UART_BOOT.o)

.debug_macinfo
 *(.debug_macinfo)

.debug_ranges   0x00000000     0x1018
 *(.debug_ranges)
 .debug_ranges  0x00000000       0x98 .\CortexM3\ARM_GCC_493\Debug\main.o
 .debug_ranges  0x00000098       0xf8 .\CortexM3\ARM_GCC_493\Debug\board.o
 .debug_ranges  0x00000190       0x18 .\CortexM3\ARM_GCC_493\Debug\espwifi.o
 .debug_ranges  0x000001a8       0x50 .\CortexM3\ARM_GCC_493\Debug\gamecode.o
 .debug_ranges  0x000001f8       0x38 .\CortexM3\ARM_GCC_493\Debug\Cm3Start.o
 .debug_ranges  0x00000230       0x50 .\CortexM3\ARM_GCC_493\Debug\Bootloader.a(cyfitter_cfg.o)
 .debug_ranges  0x00000280       0x88 .\CortexM3\ARM_GCC_493\Debug\Bootloader.a(LCD.o)
 .debug_ranges  0x00000308       0xe0 .\CortexM3\ARM_GCC_493\Debug\Bootloader.a(Esp_UART.o)
 .debug_ranges  0x000003e8       0x18 .\CortexM3\ARM_GCC_493\Debug\Bootloader.a(Esp_UART_INT.o)
 .debug_ranges  0x00000400       0xe0 .\CortexM3\ARM_GCC_493\Debug\Bootloader.a(Debug_UART.o)
 .debug_ranges  0x000004e0       0x18 .\CortexM3\ARM_GCC_493\Debug\Bootloader.a(Debug_UART_INT.o)
 .debug_ranges  0x000004f8      0x1c0 .\CortexM3\ARM_GCC_493\Debug\Bootloader.a(Bootloader.o)
 .debug_ranges  0x000006b8       0x28 .\CortexM3\ARM_GCC_493\Debug\Bootloader.a(Slp_1.o)
 .debug_ranges  0x000006e0       0x28 .\CortexM3\ARM_GCC_493\Debug\Bootloader.a(Stp_1.o)
 .debug_ranges  0x00000708       0x28 .\CortexM3\ARM_GCC_493\Debug\Bootloader.a(Dir_1.o)
 .debug_ranges  0x00000730       0x28 .\CortexM3\ARM_GCC_493\Debug\Bootloader.a(Slp_2.o)
 .debug_ranges  0x00000758       0x28 .\CortexM3\ARM_GCC_493\Debug\Bootloader.a(Stp_2.o)
 .debug_ranges  0x00000780       0x28 .\CortexM3\ARM_GCC_493\Debug\Bootloader.a(Dir_2.o)
 .debug_ranges  0x000007a8       0x28 .\CortexM3\ARM_GCC_493\Debug\Bootloader.a(Lim_1.o)
 .debug_ranges  0x000007d0       0x28 .\CortexM3\ARM_GCC_493\Debug\Bootloader.a(Lim_2.o)
 .debug_ranges  0x000007f8       0x28 .\CortexM3\ARM_GCC_493\Debug\Bootloader.a(Em.o)
 .debug_ranges  0x00000820       0x28 .\CortexM3\ARM_GCC_493\Debug\Bootloader.a(Row_0.o)
 .debug_ranges  0x00000848       0x28 .\CortexM3\ARM_GCC_493\Debug\Bootloader.a(Col_0.o)
 .debug_ranges  0x00000870       0x28 .\CortexM3\ARM_GCC_493\Debug\Bootloader.a(Col_1.o)
 .debug_ranges  0x00000898       0x28 .\CortexM3\ARM_GCC_493\Debug\Bootloader.a(Col_2.o)
 .debug_ranges  0x000008c0       0x28 .\CortexM3\ARM_GCC_493\Debug\Bootloader.a(Col_3.o)
 .debug_ranges  0x000008e8       0x28 .\CortexM3\ARM_GCC_493\Debug\Bootloader.a(Col_4.o)
 .debug_ranges  0x00000910       0x28 .\CortexM3\ARM_GCC_493\Debug\Bootloader.a(Col_5.o)
 .debug_ranges  0x00000938       0x28 .\CortexM3\ARM_GCC_493\Debug\Bootloader.a(Col_6.o)
 .debug_ranges  0x00000960       0x28 .\CortexM3\ARM_GCC_493\Debug\Bootloader.a(Col_7.o)
 .debug_ranges  0x00000988       0x28 .\CortexM3\ARM_GCC_493\Debug\Bootloader.a(Col_8.o)
 .debug_ranges  0x000009b0       0x28 .\CortexM3\ARM_GCC_493\Debug\Bootloader.a(Col_9.o)
 .debug_ranges  0x000009d8       0x28 .\CortexM3\ARM_GCC_493\Debug\Bootloader.a(Col_10.o)
 .debug_ranges  0x00000a00       0x28 .\CortexM3\ARM_GCC_493\Debug\Bootloader.a(Col_11.o)
 .debug_ranges  0x00000a28       0x28 .\CortexM3\ARM_GCC_493\Debug\Bootloader.a(Row_1.o)
 .debug_ranges  0x00000a50       0x28 .\CortexM3\ARM_GCC_493\Debug\Bootloader.a(Row_2.o)
 .debug_ranges  0x00000a78       0x28 .\CortexM3\ARM_GCC_493\Debug\Bootloader.a(Row_3.o)
 .debug_ranges  0x00000aa0       0x28 .\CortexM3\ARM_GCC_493\Debug\Bootloader.a(Row_4.o)
 .debug_ranges  0x00000ac8       0x28 .\CortexM3\ARM_GCC_493\Debug\Bootloader.a(Row_5.o)
 .debug_ranges  0x00000af0       0x28 .\CortexM3\ARM_GCC_493\Debug\Bootloader.a(Row_6.o)
 .debug_ranges  0x00000b18       0x28 .\CortexM3\ARM_GCC_493\Debug\Bootloader.a(Row_7.o)
 .debug_ranges  0x00000b40       0x60 .\CortexM3\ARM_GCC_493\Debug\Bootloader.a(Esp_UART_IntClock.o)
 .debug_ranges  0x00000ba0       0x60 .\CortexM3\ARM_GCC_493\Debug\Bootloader.a(Debug_UART_IntClock.o)
 .debug_ranges  0x00000c00       0x70 .\CortexM3\ARM_GCC_493\Debug\Bootloader.a(CyFlash.o)
 .debug_ranges  0x00000c70      0x288 .\CortexM3\ARM_GCC_493\Debug\Bootloader.a(CyLib.o)
 .debug_ranges  0x00000ef8       0x88 .\CortexM3\ARM_GCC_493\Debug\Bootloader.a(cyPm.o)
 .debug_ranges  0x00000f80       0x68 .\CortexM3\ARM_GCC_493\Debug\Bootloader.a(CySpc.o)
 .debug_ranges  0x00000fe8       0x30 .\CortexM3\ARM_GCC_493\Debug\Bootloader.a(Debug_UART_BOOT.o)

.comment        0x00000000       0x70
 .comment       0x00000000       0x70 .\CortexM3\ARM_GCC_493\Debug\main.o
                                 0x71 (size before relaxing)
 .comment       0x00000000       0x71 .\CortexM3\ARM_GCC_493\Debug\board.o
 .comment       0x00000000       0x71 .\CortexM3\ARM_GCC_493\Debug\espwifi.o
 .comment       0x00000000       0x71 .\CortexM3\ARM_GCC_493\Debug\gamecode.o
 .comment       0x00000000       0x71 .\CortexM3\ARM_GCC_493\Debug\cymetadata.o
 .comment       0x00000000       0x71 .\CortexM3\ARM_GCC_493\Debug\Cm3Start.o
 .comment       0x00000000       0x71 .\CortexM3\ARM_GCC_493\Debug\Bootloader.a(cyfitter_cfg.o)
 .comment       0x00000000       0x71 .\CortexM3\ARM_GCC_493\Debug\Bootloader.a(LCD.o)
 .comment       0x00000000       0x71 .\CortexM3\ARM_GCC_493\Debug\Bootloader.a(Esp_UART.o)
 .comment       0x00000000       0x71 .\CortexM3\ARM_GCC_493\Debug\Bootloader.a(Esp_UART_INT.o)
 .comment       0x00000000       0x71 .\CortexM3\ARM_GCC_493\Debug\Bootloader.a(Debug_UART.o)
 .comment       0x00000000       0x71 .\CortexM3\ARM_GCC_493\Debug\Bootloader.a(Debug_UART_INT.o)
 .comment       0x00000000       0x71 .\CortexM3\ARM_GCC_493\Debug\Bootloader.a(Bootloader.o)
 .comment       0x00000000       0x71 .\CortexM3\ARM_GCC_493\Debug\Bootloader.a(Slp_1.o)
 .comment       0x00000000       0x71 .\CortexM3\ARM_GCC_493\Debug\Bootloader.a(Stp_1.o)
 .comment       0x00000000       0x71 .\CortexM3\ARM_GCC_493\Debug\Bootloader.a(Dir_1.o)
 .comment       0x00000000       0x71 .\CortexM3\ARM_GCC_493\Debug\Bootloader.a(Slp_2.o)
 .comment       0x00000000       0x71 .\CortexM3\ARM_GCC_493\Debug\Bootloader.a(Stp_2.o)
 .comment       0x00000000       0x71 .\CortexM3\ARM_GCC_493\Debug\Bootloader.a(Dir_2.o)
 .comment       0x00000000       0x71 .\CortexM3\ARM_GCC_493\Debug\Bootloader.a(Lim_1.o)
 .comment       0x00000000       0x71 .\CortexM3\ARM_GCC_493\Debug\Bootloader.a(Lim_2.o)
 .comment       0x00000000       0x71 .\CortexM3\ARM_GCC_493\Debug\Bootloader.a(Em.o)
 .comment       0x00000000       0x71 .\CortexM3\ARM_GCC_493\Debug\Bootloader.a(Row_0.o)
 .comment       0x00000000       0x71 .\CortexM3\ARM_GCC_493\Debug\Bootloader.a(Col_0.o)
 .comment       0x00000000       0x71 .\CortexM3\ARM_GCC_493\Debug\Bootloader.a(Col_1.o)
 .comment       0x00000000       0x71 .\CortexM3\ARM_GCC_493\Debug\Bootloader.a(Col_2.o)
 .comment       0x00000000       0x71 .\CortexM3\ARM_GCC_493\Debug\Bootloader.a(Col_3.o)
 .comment       0x00000000       0x71 .\CortexM3\ARM_GCC_493\Debug\Bootloader.a(Col_4.o)
 .comment       0x00000000       0x71 .\CortexM3\ARM_GCC_493\Debug\Bootloader.a(Col_5.o)
 .comment       0x00000000       0x71 .\CortexM3\ARM_GCC_493\Debug\Bootloader.a(Col_6.o)
 .comment       0x00000000       0x71 .\CortexM3\ARM_GCC_493\Debug\Bootloader.a(Col_7.o)
 .comment       0x00000000       0x71 .\CortexM3\ARM_GCC_493\Debug\Bootloader.a(Col_8.o)
 .comment       0x00000000       0x71 .\CortexM3\ARM_GCC_493\Debug\Bootloader.a(Col_9.o)
 .comment       0x00000000       0x71 .\CortexM3\ARM_GCC_493\Debug\Bootloader.a(Col_10.o)
 .comment       0x00000000       0x71 .\CortexM3\ARM_GCC_493\Debug\Bootloader.a(Col_11.o)
 .comment       0x00000000       0x71 .\CortexM3\ARM_GCC_493\Debug\Bootloader.a(Row_1.o)
 .comment       0x00000000       0x71 .\CortexM3\ARM_GCC_493\Debug\Bootloader.a(Row_2.o)
 .comment       0x00000000       0x71 .\CortexM3\ARM_GCC_493\Debug\Bootloader.a(Row_3.o)
 .comment       0x00000000       0x71 .\CortexM3\ARM_GCC_493\Debug\Bootloader.a(Row_4.o)
 .comment       0x00000000       0x71 .\CortexM3\ARM_GCC_493\Debug\Bootloader.a(Row_5.o)
 .comment       0x00000000       0x71 .\CortexM3\ARM_GCC_493\Debug\Bootloader.a(Row_6.o)
 .comment       0x00000000       0x71 .\CortexM3\ARM_GCC_493\Debug\Bootloader.a(Row_7.o)
 .comment       0x00000000       0x71 .\CortexM3\ARM_GCC_493\Debug\Bootloader.a(Esp_UART_IntClock.o)
 .comment       0x00000000       0x71 .\CortexM3\ARM_GCC_493\Debug\Bootloader.a(Debug_UART_IntClock.o)
 .comment       0x00000000       0x71 .\CortexM3\ARM_GCC_493\Debug\Bootloader.a(CyFlash.o)
 .comment       0x00000000       0x71 .\CortexM3\ARM_GCC_493\Debug\Bootloader.a(CyLib.o)
 .comment       0x00000000       0x71 .\CortexM3\ARM_GCC_493\Debug\Bootloader.a(cyPm.o)
 .comment       0x00000000       0x71 .\CortexM3\ARM_GCC_493\Debug\Bootloader.a(CySpc.o)
 .comment       0x00000000       0x71 .\CortexM3\ARM_GCC_493\Debug\Bootloader.a(Debug_UART_BOOT.o)

.debug_weaknames
 *(.debug_weaknames)

.debug_funcnames
 *(.debug_funcnames)

.debug_typenames
 *(.debug_typenames)

.debug_varnames
 *(.debug_varnames)

.note.gnu.arm.ident
 *(.note.gnu.arm.ident)

.ARM.attributes
                0x00000000       0x29
 *(.ARM.attributes)
 .ARM.attributes
                0x00000000       0x1d c:/program files (x86)/cypress/psoc creator/3.3/psoc creator/import/gnu/arm/4.9.3/bin/../lib/gcc/arm-none-eabi/4.9.3/armv7-m/crti.o
 .ARM.attributes
                0x0000001d       0x2d c:/program files (x86)/cypress/psoc creator/3.3/psoc creator/import/gnu/arm/4.9.3/bin/../lib/gcc/arm-none-eabi/4.9.3/armv7-m/crtbegin.o
 .ARM.attributes
                0x0000004a       0x1b c:/program files (x86)/cypress/psoc creator/3.3/psoc creator/import/gnu/arm/4.9.3/bin/../lib/gcc/arm-none-eabi/4.9.3/../../../../arm-none-eabi/lib/armv7-m/crt0.o
 .ARM.attributes
                0x00000065       0x33 .\CortexM3\ARM_GCC_493\Debug\main.o
 .ARM.attributes
                0x00000098       0x33 .\CortexM3\ARM_GCC_493\Debug\board.o
 .ARM.attributes
                0x000000cb       0x33 .\CortexM3\ARM_GCC_493\Debug\espwifi.o
 .ARM.attributes
                0x000000fe       0x33 .\CortexM3\ARM_GCC_493\Debug\gamecode.o
 .ARM.attributes
                0x00000131       0x33 .\CortexM3\ARM_GCC_493\Debug\cymetadata.o
 .ARM.attributes
                0x00000164       0x33 .\CortexM3\ARM_GCC_493\Debug\Cm3Start.o
 .ARM.attributes
                0x00000197       0x33 .\CortexM3\ARM_GCC_493\Debug\Bootloader.a(cyfitter_cfg.o)
 .ARM.attributes
                0x000001ca       0x33 .\CortexM3\ARM_GCC_493\Debug\Bootloader.a(LCD.o)
 .ARM.attributes
                0x000001fd       0x33 .\CortexM3\ARM_GCC_493\Debug\Bootloader.a(Esp_UART.o)
 .ARM.attributes
                0x00000230       0x33 .\CortexM3\ARM_GCC_493\Debug\Bootloader.a(Esp_UART_INT.o)
 .ARM.attributes
                0x00000263       0x33 .\CortexM3\ARM_GCC_493\Debug\Bootloader.a(Debug_UART.o)
 .ARM.attributes
                0x00000296       0x33 .\CortexM3\ARM_GCC_493\Debug\Bootloader.a(Debug_UART_INT.o)
 .ARM.attributes
                0x000002c9       0x33 .\CortexM3\ARM_GCC_493\Debug\Bootloader.a(Bootloader.o)
 .ARM.attributes
                0x000002fc       0x33 .\CortexM3\ARM_GCC_493\Debug\Bootloader.a(Slp_1.o)
 .ARM.attributes
                0x0000032f       0x33 .\CortexM3\ARM_GCC_493\Debug\Bootloader.a(Stp_1.o)
 .ARM.attributes
                0x00000362       0x33 .\CortexM3\ARM_GCC_493\Debug\Bootloader.a(Dir_1.o)
 .ARM.attributes
                0x00000395       0x33 .\CortexM3\ARM_GCC_493\Debug\Bootloader.a(Slp_2.o)
 .ARM.attributes
                0x000003c8       0x33 .\CortexM3\ARM_GCC_493\Debug\Bootloader.a(Stp_2.o)
 .ARM.attributes
                0x000003fb       0x33 .\CortexM3\ARM_GCC_493\Debug\Bootloader.a(Dir_2.o)
 .ARM.attributes